
# 2026-10-03T21:53:32+00:00 /venv/main/bin/python /workspace/Part3_Push_5090/scripts/finetune_part3_push.py train --init /workspace/Part3_Push_5090/inputs/init.pt --output /workspace/Part3_Push_5090/work/smoke/b1_c5 --device cuda --stop-file /workspace/Part3_Push_5090/work/STOP --steps 40 --eval-every 40 --constant-fraction 0.5 --ema-beta 0.999 --ema-slow-beta 0.9999 --eval-variants ema,ema_slow,raw --checkpoint-every 20 --log-every 10 --precision bf16 --data all --jpeg-quality 75 --jpeg-subsampling 2 --identity-start 0.0 --identity-end 0.0 --cycle-start 5.0 --cycle-end 5.0 --aug-monet translation --prefetch 3 --learning-rate 0.0001 --batch-size 1 --warmup-steps 1000
{
  "device": "cuda",
  "recipe": {
    "steps": 40,
    "learning_rate": 0.0001,
    "beta1": 0.5,
    "beta2": 0.999,
    "constant_fraction": 0.5,
    "cycle_start": 5.0,
    "cycle_end": 5.0,
    "identity_start": 0.0,
    "identity_end": 0.0,
    "weight_ramp_steps": 0,
    "extra_scales": 0,
    "d_warmup_steps": 0,
    "aug_monet": "translation",
    "aug_photo": "",
    "flip_equivariance": 0.0,
    "ema_beta": 0.999,
    "ema_slow_beta": 0.9999,
    "replay_size": 50,
    "eval_every": 40,
    "checkpoint_every": 20,
    "log_every": 10,
    "precision": "bf16",
    "seed": 2342,
    "data": "all",
    "jpeg_quality": 75,
    "jpeg_subsampling": 2,
    "eval_variants": "ema,ema_slow,raw",
    "train_view": "resize286",
    "batch_size": 1,
    "cycle_lowpass": 0,
    "cycle_detail": 1.0,
    "cycle_photo_scale": 1.0,
    "cycle_monet_scale": 1.0,
    "nce_weight": 0.0,
    "nce_idt_weight": 0.0,
    "nce_layers": "0,4,8,12,16",
    "nce_patches": 256,
    "nce_tau": 0.07,
    "r1_gamma": 0.0,
    "r1_every": 4,
    "d_noise_start": 0.0,
    "d_noise_end": 0.0,
    "prefetch": 3,
    "warmup_steps": 1000
  },
  "init": "/workspace/Part3_Push_5090/inputs/init.pt"
}
EVAL {"step": 0, "variant": "ema", "fid_a2b": 98.04520286261842, "fid_b2a": 97.09539217279236, "mifid_a2b": 0.4185638727287522, "mifid_b2a": 0.4054713385848701, "fid": 97.5702975177054, "mifid": 0.4120176056568111, "composite": 48.991157561681106}
EVAL {"step": 0, "variant": "ema_slow", "fid_a2b": 98.04520286261842, "fid_b2a": 97.09539217279236, "mifid_a2b": 0.4185638727287522, "mifid_b2a": 0.4054713385848701, "fid": 97.5702975177054, "mifid": 0.4120176056568111, "composite": 48.991157561681106}
EVAL {"step": 0, "variant": "raw", "fid_a2b": 98.04520286261842, "fid_b2a": 97.09539217279236, "mifid_a2b": 0.4185638727287522, "mifid_b2a": 0.4054713385848701, "fid": 97.5702975177054, "mifid": 0.4120176056568111, "composite": 48.991157561681106}
step 10/40 G=1.466 Dp=0.207 Dm=0.093 cyc_w=5.00 id_w=0.00 0.14 it/s
step 20/40 G=0.998 Dp=0.193 Dm=0.274 cyc_w=5.00 id_w=0.00 0.29 it/s
step 30/40 G=1.575 Dp=0.076 Dm=0.110 cyc_w=5.00 id_w=0.00 0.42 it/s
step 40/40 G=1.808 Dp=0.246 Dm=0.249 cyc_w=5.00 id_w=0.00 0.56 it/s
EVAL {"step": 40, "variant": "ema", "fid_a2b": 98.19147789310354, "fid_b2a": 97.19104256133889, "mifid_a2b": 0.41869471993737656, "mifid_b2a": 0.40579908421084243, "fid": 97.69126022722122, "mifid": 0.4122469020741095, "composite": 49.05175356464767}
EVAL {"step": 40, "variant": "ema_slow", "fid_a2b": 98.12074241914955, "fid_b2a": 97.2034243962608, "mifid_a2b": 0.4184930200735765, "mifid_b2a": 0.4056502129605269, "fid": 97.66208340770518, "mifid": 0.4120716165170517, "composite": 49.03707751211112}
EVAL {"step": 40, "variant": "raw", "fid_a2b": 98.31945275612104, "fid_b2a": 97.10874437019889, "mifid_a2b": 0.4187446494649016, "mifid_b2a": 0.40513106563272233, "fid": 97.71409856315996, "mifid": 0.41193785754881196, "composite": 49.063018210354386}
{
  "trainer": "cyclegan_push_v1",
  "status": "completed",
  "completed_updates": 40,
  "best": {
    "step": 0,
    "variant": "ema",
    "fid_a2b": 98.04520286261842,
    "fid_b2a": 97.09539217279236,
    "mifid_a2b": 0.4185638727287522,
    "mifid_b2a": 0.4054713385848701,
    "fid": 97.5702975177054,
    "mifid": 0.4120176056568111,
    "composite": 48.991157561681106
  },
  "nan_events": 0,
  "training_seconds": 7.455461632460356,
  "push_config": {
    "steps": 40,
    "learning_rate": 0.0001,
    "beta1": 0.5,
    "beta2": 0.999,
    "constant_fraction": 0.5,
    "cycle_start": 5.0,
    "cycle_end": 5.0,
    "identity_start": 0.0,
    "identity_end": 0.0,
    "weight_ramp_steps": 0,
    "extra_scales": 0,
    "d_warmup_steps": 0,
    "aug_monet": "translation",
    "aug_photo": "",
    "flip_equivariance": 0.0,
    "ema_beta": 0.999,
    "ema_slow_beta": 0.9999,
    "replay_size": 50,
    "eval_every": 40,
    "checkpoint_every": 20,
    "log_every": 10,
    "precision": "bf16",
    "seed": 2342,
    "data": "all",
    "jpeg_quality": 75,
    "jpeg_subsampling": 2,
    "eval_variants": "ema,ema_slow,raw",
    "train_view": "resize286",
    "batch_size": 1,
    "cycle_lowpass": 0,
    "cycle_detail": 1.0,
    "cycle_photo_scale": 1.0,
    "cycle_monet_scale": 1.0,
    "nce_weight": 0.0,
    "nce_idt_weight": 0.0,
    "nce_layers": "0,4,8,12,16",
    "nce_patches": 256,
    "nce_tau": 0.07,
    "r1_gamma": 0.0,
    "r1_every": 4,
    "d_noise_start": 0.0,
    "d_noise_end": 0.0,
    "prefetch": 3,
    "warmup_steps": 1000
  },
  "data_counts": {
    "photo": 7038,
    "monet": 300
  },
  "init_sha256": "2e8274b8ba19edd95823a4b838755c35286ca3e99e91f680ade688e447da8310",
  "best_checkpoint": "/workspace/Part3_Push_5090/work/smoke/b1_c5/best.pt"
}
