
# 2026-10-03T21:53:32+00:00 /venv/main/bin/python /workspace/Part3_Push_5090/scripts/finetune_part3_push.py train --init /workspace/Part3_Push_5090/inputs/init.pt --output /workspace/Part3_Push_5090/work/smoke/b8_c5 --device cuda --stop-file /workspace/Part3_Push_5090/work/STOP --steps 40 --eval-every 40 --constant-fraction 0.5 --ema-beta 0.999 --ema-slow-beta 0.9999 --eval-variants ema,ema_slow,raw --checkpoint-every 20 --log-every 10 --precision bf16 --data all --jpeg-quality 75 --jpeg-subsampling 2 --identity-start 0.0 --identity-end 0.0 --cycle-start 5.0 --cycle-end 5.0 --aug-monet translation --prefetch 3 --learning-rate 0.0002 --batch-size 2 --warmup-steps 500
{
  "device": "cuda",
  "recipe": {
    "steps": 40,
    "learning_rate": 0.0002,
    "beta1": 0.5,
    "beta2": 0.999,
    "constant_fraction": 0.5,
    "cycle_start": 5.0,
    "cycle_end": 5.0,
    "identity_start": 0.0,
    "identity_end": 0.0,
    "weight_ramp_steps": 0,
    "extra_scales": 0,
    "d_warmup_steps": 0,
    "aug_monet": "translation",
    "aug_photo": "",
    "flip_equivariance": 0.0,
    "ema_beta": 0.999,
    "ema_slow_beta": 0.9999,
    "replay_size": 50,
    "eval_every": 40,
    "checkpoint_every": 20,
    "log_every": 10,
    "precision": "bf16",
    "seed": 2342,
    "data": "all",
    "jpeg_quality": 75,
    "jpeg_subsampling": 2,
    "eval_variants": "ema,ema_slow,raw",
    "train_view": "resize286",
    "batch_size": 2,
    "cycle_lowpass": 0,
    "cycle_detail": 1.0,
    "cycle_photo_scale": 1.0,
    "cycle_monet_scale": 1.0,
    "nce_weight": 0.0,
    "nce_idt_weight": 0.0,
    "nce_layers": "0,4,8,12,16",
    "nce_patches": 256,
    "nce_tau": 0.07,
    "r1_gamma": 0.0,
    "r1_every": 4,
    "d_noise_start": 0.0,
    "d_noise_end": 0.0,
    "prefetch": 3,
    "warmup_steps": 500
  },
  "init": "/workspace/Part3_Push_5090/inputs/init.pt"
}
EVAL {"step": 0, "variant": "ema", "fid_a2b": 98.14057410795064, "fid_b2a": 97.12873998408637, "mifid_a2b": 0.4186699736981295, "mifid_b2a": 0.40553347766363784, "fid": 97.6346570460185, "mifid": 0.41210172568088366, "composite": 49.023379385849694}
EVAL {"step": 0, "variant": "ema_slow", "fid_a2b": 98.14057410795064, "fid_b2a": 97.12873998408637, "mifid_a2b": 0.4186699736981295, "mifid_b2a": 0.40553347766363784, "fid": 97.6346570460185, "mifid": 0.41210172568088366, "composite": 49.023379385849694}
EVAL {"step": 0, "variant": "raw", "fid_a2b": 98.14057410795064, "fid_b2a": 97.12873998408637, "mifid_a2b": 0.4186699736981295, "mifid_b2a": 0.40553347766363784, "fid": 97.6346570460185, "mifid": 0.41210172568088366, "composite": 49.023379385849694}
step 10/40 G=1.411 Dp=0.302 Dm=0.088 cyc_w=5.00 id_w=0.00 0.14 it/s
step 20/40 G=1.127 Dp=0.264 Dm=0.195 cyc_w=5.00 id_w=0.00 0.28 it/s
step 30/40 G=1.614 Dp=0.162 Dm=0.117 cyc_w=5.00 id_w=0.00 0.42 it/s
step 40/40 G=1.562 Dp=0.271 Dm=0.191 cyc_w=5.00 id_w=0.00 0.56 it/s
EVAL {"step": 40, "variant": "ema", "fid_a2b": 98.22682598472566, "fid_b2a": 97.08927924920654, "mifid_a2b": 0.41901348508701425, "mifid_b2a": 0.4056898377035955, "fid": 97.6580526169661, "mifid": 0.4123516613953049, "composite": 49.035202139180704}
EVAL {"step": 40, "variant": "ema_slow", "fid_a2b": 98.0399220577353, "fid_b2a": 97.0858010457673, "mifid_a2b": 0.4186158802252212, "mifid_b2a": 0.405898185701509, "fid": 97.5628615517513, "mifid": 0.41225703296336513, "composite": 48.98755929235733}
EVAL {"step": 40, "variant": "raw", "fid_a2b": 98.73062668614934, "fid_b2a": 97.0474449770111, "mifid_a2b": 0.41844792791200053, "mifid_b2a": 0.40621893657229546, "fid": 97.88903583158022, "mifid": 0.412333432242148, "composite": 49.15068463191118}
{
  "trainer": "cyclegan_push_v1",
  "status": "completed",
  "completed_updates": 40,
  "best": {
    "step": 40,
    "variant": "ema_slow",
    "fid_a2b": 98.0399220577353,
    "fid_b2a": 97.0858010457673,
    "mifid_a2b": 0.4186158802252212,
    "mifid_b2a": 0.405898185701509,
    "fid": 97.5628615517513,
    "mifid": 0.41225703296336513,
    "composite": 48.98755929235733
  },
  "nan_events": 0,
  "training_seconds": 8.16158801689744,
  "push_config": {
    "steps": 40,
    "learning_rate": 0.0002,
    "beta1": 0.5,
    "beta2": 0.999,
    "constant_fraction": 0.5,
    "cycle_start": 5.0,
    "cycle_end": 5.0,
    "identity_start": 0.0,
    "identity_end": 0.0,
    "weight_ramp_steps": 0,
    "extra_scales": 0,
    "d_warmup_steps": 0,
    "aug_monet": "translation",
    "aug_photo": "",
    "flip_equivariance": 0.0,
    "ema_beta": 0.999,
    "ema_slow_beta": 0.9999,
    "replay_size": 50,
    "eval_every": 40,
    "checkpoint_every": 20,
    "log_every": 10,
    "precision": "bf16",
    "seed": 2342,
    "data": "all",
    "jpeg_quality": 75,
    "jpeg_subsampling": 2,
    "eval_variants": "ema,ema_slow,raw",
    "train_view": "resize286",
    "batch_size": 2,
    "cycle_lowpass": 0,
    "cycle_detail": 1.0,
    "cycle_photo_scale": 1.0,
    "cycle_monet_scale": 1.0,
    "nce_weight": 0.0,
    "nce_idt_weight": 0.0,
    "nce_layers": "0,4,8,12,16",
    "nce_patches": 256,
    "nce_tau": 0.07,
    "r1_gamma": 0.0,
    "r1_every": 4,
    "d_noise_start": 0.0,
    "d_noise_end": 0.0,
    "prefetch": 3,
    "warmup_steps": 500
  },
  "data_counts": {
    "photo": 7038,
    "monet": 300
  },
  "init_sha256": "2e8274b8ba19edd95823a4b838755c35286ca3e99e91f680ade688e447da8310",
  "best_checkpoint": "/workspace/Part3_Push_5090/work/smoke/b8_c5/best.pt"
}
