[21:34:21] run_all start: --smoke
[21:34:23] environment: python=3.12.14, torch=2.11.0+cu128, device=cuda, gpu=NVIDIA GeForce RTX 5090, gpu_memory_gb=31.4, bf16_supported=True, disk_free_gb=39.1
[21:34:23] verified 16 package files by SHA-256
[21:34:24] extracted class images: 300 Monet, 7038 photos
[21:34:30] unit tests:  | -- Docs: https://docs.pytest.org/en/stable/how-to/capture-warnings.html | 32 passed, 3 warnings in 6.00s
[21:34:30] benchmarking 3 arm(s) together for about 25 s to size the schedules
[21:34:56] benchmark it/s with all arms running: b1_c5 16.27, b8_c5 11.08, b8_c5_r1 8.42
[21:34:56] schedule (budget 1.00 h): b1_c5 {'steps': 8000, 'eval_every': 500}, b8_c5 {'steps': 8000, 'eval_every': 500}, b8_c5_r1 {'steps': 8000, 'eval_every': 500}
[21:34:56] training 3 arm(s), up to 3 at once, budget 1.00 h; stop early with /workspace/Part3_Push_5090/work/STOP
[21:34:56] b1_c5: started (Mac-proven recipe: batch 1, LR 1e-4, cycle 5, translation DiffAugment, warm-up)
[21:34:56] b8_c5: started (same losses at batch 8, LR 2e-4: several times more images per hour)
[21:34:56] b8_c5_r1: started (batch 8, LR 2e-4, plus a gentle R1 gradient penalty on both discriminators (UVCGAN))
[21:35:01] b1_c5 0/40 | b8_c5 0/40 | b8_c5_r1 0/40
[21:35:06] b1_c5 0/40 | b8_c5 0/40 | b8_c5_r1 0/40
[21:35:11] b1_c5 0/40 | b8_c5 0/40 | b8_c5_r1 0/40
[21:35:16] b1_c5 0/40 | b8_c5 0/40 | b8_c5_r1 0/40
[21:35:21] b1_c5 0/40 | b8_c5 0/40 | b8_c5_r1 0/40
[21:35:26] b1_c5 0/40 | b8_c5 0/40 | b8_c5_r1 0/40
[21:35:31] b1_c5 0/40 | b8_c5 0/40 | b8_c5_r1 0/40
[21:35:36] b1_c5 0/40 | b8_c5 0/40 | b8_c5_r1 0/40
[21:35:41] b1_c5 0/40 | b8_c5 0/40 | b8_c5_r1 0/40
[21:35:46] b1_c5 0/40 | b8_c5 0/40 | b8_c5_r1 0/40
[21:35:51] b1_c5 0/40 | b8_c5 0/40 | b8_c5_r1 0/40
[21:35:56] b1_c5 0/40 | b8_c5 0/40 | b8_c5_r1 0/40
[21:36:01] b1_c5 0/40 | b8_c5 0/40 | b8_c5_r1 0/40
[21:36:06] b1_c5 0/40 | b8_c5 0/40 | b8_c5_r1 0/40
[21:36:11] b1_c5 0/40 | b8_c5 0/40 | b8_c5_r1 0/40
[21:36:16] b1_c5 0/40 | b8_c5 0/40 | b8_c5_r1 0/40
[21:36:21] b1_c5 0/40 | b8_c5 0/40 | b8_c5_r1 0/40
[21:36:26] b1_c5 0/40 | b8_c5 0/40 | b8_c5_r1 0/40
[21:36:31] b1_c5 0/40 | b8_c5 0/40 | b8_c5_r1 0/40
[21:36:36] b1_c5 0/40 | b8_c5 0/40 | b8_c5_r1 0/40
[21:36:41] b1_c5 0/40 | b8_c5 0/40 | b8_c5_r1 0/40
[21:36:46] b1_c5 0/40 | b8_c5 0/40 | b8_c5_r1 0/40
[21:36:51] b1_c5 0/40 | b8_c5 0/40 | b8_c5_r1 0/40
[21:36:56] b1_c5 0/40 | b8_c5 0/40 | b8_c5_r1 0/40
[21:37:01] b1_c5 0/40 | b8_c5 0/40 | b8_c5_r1 0/40
[21:37:06] b1_c5 0/40 | b8_c5 0/40 | b8_c5_r1 0/40
[21:37:11] b1_c5 0/40 | b8_c5 0/40 | b8_c5_r1 0/40
[21:37:16] b1_c5 0/40 | b8_c5 0/40 | b8_c5_r1 0/40
[21:37:21] b1_c5 0/40 | b8_c5 0/40 | b8_c5_r1 0/40
[21:37:26] b1_c5 0/40 | b8_c5 0/40 | b8_c5_r1 0/40
[21:37:31] b1_c5 0/40 | b8_c5 0/40 | b8_c5_r1 0/40
[21:37:36] b1_c5 0/40 | b8_c5 0/40 | b8_c5_r1 0/40
[21:37:41] b1_c5 0/40 | b8_c5 0/40 | b8_c5_r1 0/40
[21:37:46] b1_c5 0/40 | b8_c5 0/40 | b8_c5_r1 0/40 best 49.012@0
[21:37:51] b1_c5 0/40 | b8_c5 0/40 | b8_c5_r1 0/40 best 49.012@0
[21:37:56] b1_c5 0/40 | b8_c5 0/40 | b8_c5_r1 0/40 best 49.012@0
[21:38:01] b1_c5 0/40 | b8_c5 0/40 | b8_c5_r1 0/40 best 49.012@0
[21:38:06] b1_c5 0/40 | b8_c5 0/40 | b8_c5_r1 0/40 best 49.012@0
[21:38:11] b1_c5 0/40 | b8_c5 0/40 | b8_c5_r1 0/40 best 49.012@0
[21:38:16] b1_c5 0/40 | b8_c5 0/40 | b8_c5_r1 0/40 best 49.012@0
[21:38:21] b1_c5 0/40 | b8_c5 0/40 | b8_c5_r1 0/40 best 49.012@0
[21:38:26] b1_c5 0/40 | b8_c5 0/40 | b8_c5_r1 0/40 best 49.012@0
[21:38:31] b1_c5 0/40 best 49.012@0 | b8_c5 0/40 | b8_c5_r1 0/40 best 49.012@0
[21:38:36] b1_c5 0/40 best 49.012@0 | b8_c5 0/40 | b8_c5_r1 0/40 best 49.012@0
[21:38:41] b1_c5 0/40 best 49.012@0 | b8_c5 0/40 best 49.012@0 | b8_c5_r1 0/40 best 49.012@0
[21:38:46] b1_c5 0/40 best 49.012@0 | b8_c5 0/40 best 49.012@0 | b8_c5_r1 0/40 best 49.012@0
[21:38:51] b1_c5 0/40 best 49.012@0 | b8_c5 0/40 best 49.012@0 | b8_c5_r1 0/40 best 49.012@0
[21:38:56] b1_c5 0/40 best 49.012@0 | b8_c5 0/40 best 49.012@0 | b8_c5_r1 0/40 best 49.012@0
[21:39:01] b1_c5 0/40 best 49.012@0 | b8_c5 0/40 best 49.012@0 | b8_c5_r1 0/40 best 49.012@0
[21:39:06] b1_c5 0/40 best 49.012@0 | b8_c5 0/40 best 49.012@0 | b8_c5_r1 0/40 best 49.012@0
[21:39:11] b1_c5 0/40 best 49.012@0 | b8_c5 0/40 best 49.012@0 | b8_c5_r1 0/40 best 49.012@0
[21:39:16] b1_c5 0/40 best 49.012@0 | b8_c5 0/40 best 49.012@0 | b8_c5_r1 0/40 best 49.012@0
[21:39:21] b1_c5 0/40 best 49.012@0 | b8_c5 0/40 best 49.012@0 | b8_c5_r1 0/40 best 49.012@0
[21:39:26] b1_c5 0/40 best 49.012@0 | b8_c5 0/40 best 49.012@0 | b8_c5_r1 0/40 best 49.012@0
[21:39:31] b1_c5 0/40 best 49.012@0 | b8_c5 0/40 best 49.012@0 | b8_c5_r1 0/40 best 49.012@0
[21:39:36] b1_c5 0/40 best 49.012@0 | b8_c5 0/40 best 49.012@0 | b8_c5_r1 0/40 best 49.012@0
[21:39:41] b1_c5 0/40 best 49.012@0 | b8_c5 0/40 best 49.012@0 | b8_c5_r1 0/40 best 49.012@0
[21:39:46] b1_c5 0/40 best 49.012@0 | b8_c5 0/40 best 49.012@0 | b8_c5_r1 0/40 best 49.012@0
[21:39:51] b1_c5 0/40 best 49.012@0 | b8_c5 0/40 best 49.012@0 | b8_c5_r1 0/40 best 49.012@0
[21:39:56] b1_c5 0/40 best 49.012@0 | b8_c5 0/40 best 49.012@0 | b8_c5_r1 0/40 best 49.012@0
[21:40:01] b1_c5 0/40 best 49.012@0 | b8_c5 0/40 best 49.012@0 | b8_c5_r1 0/40 best 49.012@0
[21:40:06] b1_c5 0/40 best 49.012@0 | b8_c5 0/40 best 49.012@0 | b8_c5_r1 0/40 best 49.012@0
[21:40:11] b1_c5 0/40 best 49.012@0 | b8_c5 0/40 best 49.012@0 | b8_c5_r1 0/40 best 49.012@0
[21:40:16] b1_c5 0/40 best 49.012@0 | b8_c5 0/40 best 49.012@0 | b8_c5_r1 0/40 best 49.012@0
[21:40:21] b1_c5 0/40 best 49.012@0 | b8_c5 0/40 best 49.012@0 | b8_c5_r1 0/40 best 49.012@0
[21:40:26] b1_c5 0/40 best 49.012@0 | b8_c5 0/40 best 49.012@0 | b8_c5_r1 0/40 best 49.012@0
[21:40:31] b1_c5 0/40 best 49.012@0 | b8_c5 0/40 best 49.012@0 | b8_c5_r1 0/40 best 49.012@0
[21:40:36] b1_c5 0/40 best 49.012@0 | b8_c5 0/40 best 49.012@0 | b8_c5_r1 0/40 best 49.012@0
[21:40:41] b1_c5 0/40 best 49.012@0 | b8_c5 0/40 best 49.012@0 | b8_c5_r1 0/40 best 49.012@0
[21:40:46] b1_c5 0/40 best 49.012@0 | b8_c5 0/40 best 49.012@0 | b8_c5_r1 0/40 best 49.012@0
[21:40:51] b1_c5 0/40 best 49.012@0 | b8_c5 0/40 best 49.012@0 | b8_c5_r1 0/40 best 49.012@0
[21:40:56] b1_c5 0/40 best 49.012@0 | b8_c5 0/40 best 49.012@0 | b8_c5_r1 0/40 best 49.012@0
[21:41:01] b1_c5 0/40 best 49.012@0 | b8_c5 0/40 best 49.012@0 | b8_c5_r1 0/40 best 49.012@0
[21:41:06] b1_c5 0/40 best 49.012@0 | b8_c5 0/40 best 49.012@0 | b8_c5_r1 0/40 best 49.012@0
[21:41:11] b1_c5 0/40 best 49.012@0 | b8_c5 0/40 best 49.012@0 | b8_c5_r1 0/40 best 49.012@0
[21:41:17] b1_c5 0/40 best 49.012@0 | b8_c5 0/40 best 49.012@0 | b8_c5_r1 0/40 best 49.012@0
[21:41:22] b1_c5 0/40 best 49.012@0 | b8_c5 0/40 best 49.012@0 | b8_c5_r1 0/40 best 49.012@0
[21:41:27] b1_c5 0/40 best 49.012@0 | b8_c5 0/40 best 49.012@0 | b8_c5_r1 0/40 best 49.012@0
[21:41:32] b1_c5 0/40 best 49.012@0 | b8_c5 0/40 best 49.012@0 | b8_c5_r1 0/40 best 49.012@0
[21:41:37] b1_c5 0/40 best 49.012@0 | b8_c5 0/40 best 49.012@0 | b8_c5_r1 0/40 best 49.012@0
[21:41:42] b1_c5 0/40 best 49.012@0 | b8_c5 0/40 best 49.012@0 | b8_c5_r1 0/40 best 49.012@0
[21:41:47] b1_c5 0/40 best 49.012@0 | b8_c5 0/40 best 49.012@0 | b8_c5_r1 0/40 best 49.012@0
[21:41:52] b1_c5 0/40 best 49.012@0 | b8_c5 0/40 best 49.012@0 | b8_c5_r1 0/40 best 49.012@0
[21:41:57] b1_c5 0/40 best 49.012@0 | b8_c5 0/40 best 49.012@0 | b8_c5_r1 0/40 best 49.012@0
[21:42:02] b1_c5 0/40 best 49.012@0 | b8_c5 0/40 best 49.012@0 | b8_c5_r1 0/40 best 49.012@0
[21:42:07] b1_c5 0/40 best 49.012@0 | b8_c5 0/40 best 49.012@0 | b8_c5_r1 0/40 best 49.012@0
[21:42:12] b1_c5 0/40 best 49.012@0 | b8_c5 0/40 best 49.012@0 | b8_c5_r1 0/40 best 49.012@0
[21:42:17] b1_c5 0/40 best 49.012@0 | b8_c5 0/40 best 49.012@0 | b8_c5_r1 0/40 best 49.012@0
[21:42:22] b1_c5 0/40 best 49.012@0 | b8_c5 0/40 best 49.012@0 | b8_c5_r1 0/40 best 49.012@0
[21:42:27] b1_c5 0/40 best 49.012@0 | b8_c5 0/40 best 49.012@0 | b8_c5_r1 0/40 best 49.012@0
[21:42:32] b1_c5 0/40 best 49.012@0 | b8_c5 0/40 best 49.012@0 | b8_c5_r1 0/40 best 49.012@0
[21:42:37] b1_c5 0/40 best 49.012@0 | b8_c5 0/40 best 49.012@0 | b8_c5_r1 0/40 best 49.012@0
[21:42:42] b1_c5 0/40 best 49.012@0 | b8_c5 0/40 best 49.012@0 | b8_c5_r1 0/40 best 49.012@0
[21:42:47] b1_c5 0/40 best 49.012@0 | b8_c5 0/40 best 49.012@0 | b8_c5_r1 0/40 best 49.012@0
[21:42:52] b1_c5 0/40 best 49.012@0 | b8_c5 0/40 best 49.012@0 | b8_c5_r1 0/40 best 49.012@0
[21:42:57] b1_c5 0/40 best 49.012@0 | b8_c5 0/40 best 49.012@0 | b8_c5_r1 0/40 best 49.012@0
[21:43:02] b1_c5 0/40 best 49.012@0 | b8_c5 0/40 best 49.012@0 | b8_c5_r1 0/40 best 49.012@0
[21:43:07] b1_c5 0/40 best 49.012@0 | b8_c5 0/40 best 49.012@0 | b8_c5_r1 0/40 best 49.012@0
[21:43:12] b1_c5 0/40 best 49.012@0 | b8_c5 0/40 best 49.012@0 | b8_c5_r1 0/40 best 49.012@0
[21:43:17] b1_c5 0/40 best 49.012@0 | b8_c5 0/40 best 49.012@0 | b8_c5_r1 0/40 best 49.012@0
[21:43:22] b1_c5 0/40 best 49.012@0 | b8_c5 0/40 best 49.012@0 | b8_c5_r1 0/40 best 49.012@0
[21:43:27] b1_c5 0/40 best 49.012@0 | b8_c5 0/40 best 49.012@0 | b8_c5_r1 0/40 best 49.012@0
[21:43:32] b1_c5 0/40 best 49.012@0 | b8_c5 0/40 best 49.012@0 | b8_c5_r1 0/40 best 49.012@0
[21:43:37] b1_c5 0/40 best 49.012@0 | b8_c5 0/40 best 49.012@0 | b8_c5_r1 0/40 best 49.012@0
[21:43:42] b1_c5 0/40 best 49.012@0 | b8_c5 0/40 best 49.012@0 | b8_c5_r1 0/40 best 49.012@0
[21:43:47] b1_c5 0/40 best 49.012@0 | b8_c5 0/40 best 49.012@0 | b8_c5_r1 0/40 best 49.012@0
[21:43:52] b1_c5 0/40 best 49.012@0 | b8_c5 0/40 best 49.012@0 | b8_c5_r1 0/40 best 49.012@0
[21:43:57] b1_c5 0/40 best 49.012@0 | b8_c5 0/40 best 49.012@0 | b8_c5_r1 0/40 best 49.012@0
[21:44:02] b1_c5 0/40 best 49.012@0 | b8_c5 0/40 best 49.012@0 | b8_c5_r1 0/40 best 49.012@0
[21:44:07] b1_c5 0/40 best 49.012@0 | b8_c5 0/40 best 49.012@0 | b8_c5_r1 0/40 best 49.012@0
[21:44:12] b1_c5 0/40 best 49.012@0 | b8_c5 0/40 best 49.012@0 | b8_c5_r1 0/40 best 49.012@0
[21:44:17] b1_c5 0/40 best 49.012@0 | b8_c5 0/40 best 49.012@0 | b8_c5_r1 0/40 best 49.012@0
[21:44:22] b1_c5 0/40 best 49.012@0 | b8_c5 0/40 best 49.012@0 | b8_c5_r1 0/40 best 49.012@0
[21:52:58] run_all start: --smoke
[21:52:59] environment: python=3.12.14, torch=2.11.0+cu128, device=cuda, gpu=NVIDIA GeForce RTX 5090, gpu_memory_gb=31.4, bf16_supported=True, disk_free_gb=38.6
[21:52:59] verified 16 package files by SHA-256
[21:52:59] class images already extracted
[21:53:06] unit tests:  | -- Docs: https://docs.pytest.org/en/stable/how-to/capture-warnings.html | 32 passed, 3 warnings in 5.68s
[21:53:06] benchmarking 3 arm(s) together for about 25 s to size the schedules
[21:53:32] benchmark it/s with all arms running: b1_c5 15.97, b8_c5 10.89, b8_c5_r1 8.33
[21:53:32] schedule (budget 1.00 h): b1_c5 {'steps': 8000, 'eval_every': 500}, b8_c5 {'steps': 8000, 'eval_every': 500}, b8_c5_r1 {'steps': 8000, 'eval_every': 500}
[21:53:32] training 3 arm(s), up to 3 at once, budget 1.00 h; stop early with /workspace/Part3_Push_5090/work/STOP
[21:53:32] b1_c5: started (Mac-proven recipe: batch 1, LR 1e-4, cycle 5, translation DiffAugment, warm-up)
[21:53:32] b8_c5: started (same losses at batch 8, LR 2e-4: several times more images per hour)
[21:53:32] b8_c5_r1: started (batch 8, LR 2e-4, plus a gentle R1 gradient penalty on both discriminators (UVCGAN))
[21:53:37] b1_c5 0/40 | b8_c5 0/40 | b8_c5_r1 0/40
[21:53:42] b1_c5 0/40 | b8_c5 0/40 | b8_c5_r1 0/40
[21:53:47] b1_c5 0/40 | b8_c5 0/40 | b8_c5_r1 0/40
[21:53:52] b1_c5 0/40 | b8_c5 0/40 | b8_c5_r1 0/40
[21:53:57] b1_c5 0/40 | b8_c5 0/40 | b8_c5_r1 0/40
[21:54:02] b1_c5 0/40 best 48.991@0 | b8_c5 0/40 best 49.023@0 | b8_c5_r1 0/40 best 49.018@0
[21:54:07] b1_c5 0/40 best 48.991@0 | b8_c5 0/40 best 49.023@0 | b8_c5_r1 0/40 best 49.018@0
[21:54:12] b1_c5 0/40 best 48.991@0 | b8_c5 0/40 best 49.023@0 | b8_c5_r1 0/40 best 49.018@0
[21:54:17] b1_c5 0/40 best 48.991@0 | b8_c5 0/40 best 49.023@0 | b8_c5_r1 0/40 best 49.018@0
[21:54:22] b1_c5 0/40 best 48.991@0 | b8_c5 0/40 best 49.023@0 | b8_c5_r1 0/40 best 49.018@0
[21:54:27] b1_c5 0/40 best 48.991@0 | b8_c5 0/40 best 49.023@0 | b8_c5_r1 0/40 best 49.018@0
[21:54:32] b1_c5 0/40 best 48.991@0 | b8_c5 0/40 best 49.023@0 | b8_c5_r1 0/40 best 49.018@0
[21:54:37] b1_c5 0/40 best 48.991@0 | b8_c5 0/40 best 49.023@0 | b8_c5_r1 0/40 best 49.018@0
[21:54:42] b1_c5 0/40 best 48.991@0 | b8_c5 0/40 best 49.023@0 | b8_c5_r1 0/40 best 49.018@0
[21:54:47] b1_c5 40/40 17.9 it/s best 48.991@0 | b8_c5 30/40 12.7 it/s best 49.023@0 | b8_c5_r1 0/40 best 49.018@0
[21:54:52] b1_c5 40/40 17.9 it/s best 48.991@0 | b8_c5 40/40 13.5 it/s best 49.023@0 | b8_c5_r1 0/40 best 49.018@0
[21:54:57] b1_c5 40/40 17.9 it/s best 48.991@0 | b8_c5 40/40 13.5 it/s best 49.023@0 | b8_c5_r1 40/40 20.6 it/s best 49.018@0
[21:55:02] b1_c5 40/40 17.9 it/s best 48.991@0 | b8_c5 40/40 13.5 it/s best 49.023@0 | b8_c5_r1 40/40 20.6 it/s best 49.018@0
[21:55:07] b1_c5 40/40 17.9 it/s best 48.991@0 | b8_c5 40/40 13.5 it/s best 49.023@0 | b8_c5_r1 40/40 20.6 it/s best 49.018@0
[21:55:12] b1_c5 40/40 17.9 it/s best 48.991@0 | b8_c5 40/40 13.5 it/s best 49.023@0 | b8_c5_r1 40/40 20.6 it/s best 49.018@0
[21:55:17] b1_c5 40/40 17.9 it/s best 48.991@0 | b8_c5 40/40 13.5 it/s best 49.023@0 | b8_c5_r1 40/40 20.6 it/s best 49.018@0
[21:55:22] b1_c5 40/40 17.9 it/s best 48.991@0 | b8_c5 40/40 13.5 it/s best 49.023@0 | b8_c5_r1 40/40 20.6 it/s best 49.018@0
[21:55:27] b1_c5 40/40 17.9 it/s best 48.991@0 | b8_c5 40/40 13.5 it/s best 48.988@40 | b8_c5_r1 40/40 20.6 it/s best 49.018@0
[21:55:32] b1_c5 40/40 17.9 it/s best 48.991@0 | b8_c5 40/40 13.5 it/s best 48.988@40 | b8_c5_r1 40/40 20.6 it/s best 49.018@0
[21:55:37] b1_c5 40/40 17.9 it/s best 48.991@0 | b8_c5 40/40 13.5 it/s best 48.988@40 | b8_c5_r1 40/40 20.6 it/s best 49.018@0
[21:55:42] b1_c5 40/40 17.9 it/s best 48.991@0 | b8_c5 40/40 13.5 it/s best 48.988@40 | b8_c5_r1 40/40 20.6 it/s best 49.018@0
[21:55:43] b1_c5: exited with code 0, status completed, best composite 48.991 at step 0 (ema)
[21:55:43] b8_c5: exited with code 0, status completed, best composite 48.988 at step 40 (ema_slow)
[21:55:43] b8_c5_r1 40/40 20.6 it/s best 49.018@0
[21:55:47] b8_c5_r1: exited with code 0, status completed, best composite 49.018 at step 0 (ema)
[21:55:47] candidate b8_c5: composite 48.9876 (step 40, ema_slow)
[21:55:47] candidate b1_c5: composite 48.9912 (step 0, ema)
[21:55:47] candidate b8_c5_r1: composite 49.0181 (step 0, ema)
[21:55:47] exporting b8_c5 (step 40, ema_slow)
[21:56:07] export scored with the notebook's metric cells: FID 97.5812, MiFID 0.4122, composite 48.9967
[21:56:41] fresh-sample check (photos 301-600): FID A2B 90.09, B2A 95.49, composite ~46.60; content cosine {'monet_to_photo': 0.8154620057559703, 'photo_to_monet': 0.7973407463139521}; outputs closer to a training Monet than any real pair: 0
[21:56:41] checkpoint chosen among 18 scored candidates (report this: the class score is optimistic)
[21:56:41] RESULTS ZIP: /workspace/Part3_Push_5090/Part3_Push_Results_SMOKE_20261003-2156.zip
[21:56:41] done. Bring back Part3_Push_Results_SMOKE_20261003-2156.zip
[21:57:24] verified 16 package files by SHA-256
[21:57:25] running the supplied evaluation notebook unchanged (this re-extracts Inception features)
[21:58:35] run_all start: --hours 10
[21:58:37] environment: python=3.12.14, torch=2.11.0+cu128, device=cuda, gpu=NVIDIA GeForce RTX 5090, gpu_memory_gb=31.4, bf16_supported=True, disk_free_gb=36.5
[21:58:37] verified 16 package files by SHA-256
[21:58:37] class images already extracted
[21:58:43] unit tests:  | -- Docs: https://docs.pytest.org/en/stable/how-to/capture-warnings.html | 32 passed, 3 warnings in 5.66s
[21:58:43] benchmarking 3 arm(s) together for about 150 s to size the schedules
[22:01:15] benchmark it/s with all arms running: b1_c5 12.59, b8_c5 2.90, b8_c5_r1 2.72
[22:01:15] schedule (budget 10.00 h): b1_c5 {'steps': 370000, 'eval_every': 14750}, b8_c5 {'steps': 85000, 'eval_every': 3250}, b8_c5_r1 {'steps': 79000, 'eval_every': 3000}
[22:01:15] training 3 arm(s), up to 3 at once, budget 10.00 h; stop early with /workspace/Part3_Push_5090/work/STOP
[22:01:15] b1_c5: started (Mac-proven recipe: batch 1, LR 1e-4, cycle 5, translation DiffAugment, warm-up)
[22:01:15] b8_c5: started (same losses at batch 8, LR 2e-4: several times more images per hour)
[22:01:15] b8_c5_r1: started (batch 8, LR 2e-4, plus a gentle R1 gradient penalty on both discriminators (UVCGAN))
[22:02:15] b1_c5 0/370000 best 49.013@0 | b8_c5 0/85000 best 49.022@0 | b8_c5_r1 0/79000 best 49.022@0
[22:03:15] b1_c5 750/370000 12.6 it/s best 49.013@0 | b8_c5 150/85000 2.8 it/s best 49.022@0 | b8_c5_r1 100/79000 2.7 it/s best 49.022@0
[22:04:15] b1_c5 1500/370000 12.2 it/s best 49.013@0 | b8_c5 300/85000 2.8 it/s best 49.022@0 | b8_c5_r1 250/79000 2.7 it/s best 49.022@0
[22:05:15] b1_c5 2200/370000 12.1 it/s best 49.013@0 | b8_c5 450/85000 2.8 it/s best 49.022@0 | b8_c5_r1 400/79000 2.7 it/s best 49.022@0
[22:06:15] b1_c5 2950/370000 12.2 it/s best 49.013@0 | b8_c5 650/85000 2.8 it/s best 49.022@0 | b8_c5_r1 550/79000 2.7 it/s best 49.022@0
[22:07:15] b1_c5 3700/370000 12.2 it/s best 49.013@0 | b8_c5 800/85000 2.8 it/s best 49.022@0 | b8_c5_r1 750/79000 2.7 it/s best 49.022@0
[22:08:15] b1_c5 4400/370000 12.1 it/s best 49.013@0 | b8_c5 1000/85000 2.8 it/s best 49.022@0 | b8_c5_r1 900/79000 2.7 it/s best 49.022@0
[22:09:15] b1_c5 5150/370000 12.1 it/s best 49.013@0 | b8_c5 1150/85000 2.8 it/s best 49.022@0 | b8_c5_r1 1050/79000 2.7 it/s best 49.022@0
[22:10:15] b1_c5 5900/370000 12.2 it/s best 49.013@0 | b8_c5 1300/85000 2.8 it/s best 49.022@0 | b8_c5_r1 1200/79000 2.7 it/s best 49.022@0
[22:11:15] b1_c5 6600/370000 12.2 it/s best 49.013@0 | b8_c5 1500/85000 2.8 it/s best 49.022@0 | b8_c5_r1 1400/79000 2.7 it/s best 49.022@0
[22:12:15] b1_c5 7350/370000 12.1 it/s best 49.013@0 | b8_c5 1650/85000 2.8 it/s best 49.022@0 | b8_c5_r1 1550/79000 2.7 it/s best 49.022@0
[22:13:15] b1_c5 8050/370000 12.1 it/s best 49.013@0 | b8_c5 1850/85000 2.8 it/s best 49.022@0 | b8_c5_r1 1700/79000 2.7 it/s best 49.022@0
[22:14:15] b1_c5 8800/370000 12.3 it/s best 49.013@0 | b8_c5 2000/85000 2.8 it/s best 49.022@0 | b8_c5_r1 1850/79000 2.7 it/s best 49.022@0
[22:15:15] b1_c5 9550/370000 12.3 it/s best 49.013@0 | b8_c5 2150/85000 2.8 it/s best 49.022@0 | b8_c5_r1 2050/79000 2.7 it/s best 49.022@0
[22:16:15] b1_c5 10250/370000 12.1 it/s best 49.013@0 | b8_c5 2350/85000 2.8 it/s best 49.022@0 | b8_c5_r1 2200/79000 2.7 it/s best 49.022@0
[22:17:15] b1_c5 11000/370000 12.2 it/s best 49.013@0 | b8_c5 2500/85000 2.9 it/s best 49.022@0 | b8_c5_r1 2350/79000 2.7 it/s best 49.022@0
[22:18:15] b1_c5 11700/370000 12.2 it/s best 49.013@0 | b8_c5 2700/85000 2.9 it/s best 49.022@0 | b8_c5_r1 2500/79000 2.7 it/s best 49.022@0
[22:19:15] b1_c5 12450/370000 12.1 it/s best 49.013@0 | b8_c5 2850/85000 2.9 it/s best 49.022@0 | b8_c5_r1 2700/79000 2.7 it/s best 49.022@0
[22:20:15] b1_c5 13200/370000 12.1 it/s best 49.013@0 | b8_c5 3050/85000 2.9 it/s best 49.022@0 | b8_c5_r1 2850/79000 2.7 it/s best 49.022@0
[22:21:15] b1_c5 13950/370000 13.2 it/s best 49.013@0 | b8_c5 3200/85000 2.9 it/s best 49.022@0 | b8_c5_r1 3000/79000 2.7 it/s best 49.022@0
[22:22:15] b1_c5 14750/370000 30.7 it/s best 49.013@0 | b8_c5 3250/85000 3.0 it/s best 49.022@0 | b8_c5_r1 3050/79000 2.1 it/s best 49.022@0
[22:23:15] b1_c5 15200/370000 4.9 it/s best 49.013@0 | b8_c5 3450/85000 2.3 it/s best 49.022@0 | b8_c5_r1 3250/79000 2.3 it/s best 49.022@0
[22:24:15] b1_c5 15900/370000 12.2 it/s best 49.013@0 | b8_c5 3600/85000 2.3 it/s best 49.022@0 | b8_c5_r1 3400/79000 2.3 it/s best 49.022@0
[22:25:15] b1_c5 16650/370000 12.2 it/s best 49.013@0 | b8_c5 3800/85000 2.9 it/s best 49.022@0 | b8_c5_r1 3600/79000 2.8 it/s best 49.022@0
[22:26:15] b1_c5 17400/370000 12.1 it/s best 49.013@0 | b8_c5 3950/85000 2.9 it/s best 49.022@0 | b8_c5_r1 3750/79000 2.7 it/s best 49.022@0
[22:27:15] b1_c5 18100/370000 12.1 it/s best 49.013@0 | b8_c5 4150/85000 2.9 it/s best 49.022@0 | b8_c5_r1 3900/79000 2.7 it/s best 49.022@0
[22:28:15] b1_c5 18850/370000 12.3 it/s best 49.013@0 | b8_c5 4300/85000 2.9 it/s best 49.022@0 | b8_c5_r1 4050/79000 2.7 it/s best 49.022@0
[22:29:15] b1_c5 19550/370000 12.2 it/s best 49.013@0 | b8_c5 4500/85000 2.9 it/s best 49.022@0 | b8_c5_r1 4250/79000 2.7 it/s best 49.022@0
[22:30:15] b1_c5 20300/370000 12.1 it/s best 49.013@0 | b8_c5 4650/85000 2.9 it/s best 49.022@0 | b8_c5_r1 4400/79000 2.7 it/s best 49.022@0
[22:31:15] b1_c5 21050/370000 12.1 it/s best 49.013@0 | b8_c5 4850/85000 2.9 it/s best 49.022@0 | b8_c5_r1 4550/79000 2.7 it/s best 49.022@0
[22:32:15] b1_c5 21750/370000 12.3 it/s best 49.013@0 | b8_c5 5000/85000 2.9 it/s best 49.022@0 | b8_c5_r1 4700/79000 2.7 it/s best 49.022@0
[22:33:15] b1_c5 22500/370000 12.2 it/s best 49.013@0 | b8_c5 5200/85000 2.9 it/s best 49.022@0 | b8_c5_r1 4900/79000 2.7 it/s best 49.022@0
[22:34:15] b1_c5 23200/370000 12.2 it/s best 49.013@0 | b8_c5 5350/85000 2.9 it/s best 49.022@0 | b8_c5_r1 5050/79000 2.7 it/s best 49.022@0
[22:35:15] b1_c5 23950/370000 12.2 it/s best 49.013@0 | b8_c5 5550/85000 2.9 it/s best 49.022@0 | b8_c5_r1 5200/79000 2.7 it/s best 49.022@0
[22:36:15] b1_c5 24700/370000 12.2 it/s best 49.013@0 | b8_c5 5700/85000 2.9 it/s best 49.022@0 | b8_c5_r1 5400/79000 2.8 it/s best 49.022@0
[22:37:15] b1_c5 25400/370000 12.1 it/s best 49.013@0 | b8_c5 5900/85000 2.9 it/s best 49.022@0 | b8_c5_r1 5550/79000 2.8 it/s best 49.022@0
[22:38:15] b1_c5 26150/370000 12.2 it/s best 49.013@0 | b8_c5 6050/85000 2.9 it/s best 49.022@0 | b8_c5_r1 5700/79000 2.8 it/s best 49.022@0
[22:39:15] b1_c5 26850/370000 12.2 it/s best 49.013@0 | b8_c5 6200/85000 2.9 it/s best 49.022@0 | b8_c5_r1 5850/79000 2.8 it/s best 49.022@0
[22:40:15] b1_c5 27700/370000 15.5 it/s best 49.013@0 | b8_c5 6400/85000 3.0 it/s best 49.022@0 | b8_c5_r1 6000/79000 2.8 it/s best 49.022@0
[22:41:15] b1_c5 29000/370000 17.4 it/s best 49.013@0 | b8_c5 6500/85000 3.2 it/s best 49.022@0 | b8_c5_r1 6100/79000 2.2 it/s best 49.022@0
[22:42:15] b1_c5 29500/370000 12.9 it/s best 49.013@0 | b8_c5 6650/85000 2.4 it/s best 49.022@0 | b8_c5_r1 6300/79000 2.3 it/s best 49.022@0
[22:43:15] b1_c5 29800/370000 4.8 it/s best 49.013@0 | b8_c5 6850/85000 2.5 it/s best 49.022@0 | b8_c5_r1 6500/79000 3.4 it/s best 49.022@0
[22:44:15] b1_c5 30500/370000 12.3 it/s best 49.013@0 | b8_c5 7050/85000 3.3 it/s best 49.022@0 | b8_c5_r1 6650/79000 3.2 it/s best 49.022@0
[22:45:15] b1_c5 31250/370000 12.1 it/s best 49.013@0 | b8_c5 7200/85000 3.0 it/s best 49.022@0 | b8_c5_r1 6800/79000 2.9 it/s best 49.022@0
[22:46:15] b1_c5 32000/370000 12.3 it/s best 49.013@0 | b8_c5 7400/85000 2.9 it/s best 49.022@0 | b8_c5_r1 7000/79000 2.8 it/s best 49.022@0
[22:47:15] b1_c5 32700/370000 12.2 it/s best 49.013@0 | b8_c5 7550/85000 2.9 it/s best 49.022@0 | b8_c5_r1 7150/79000 2.8 it/s best 49.022@0
[22:48:15] b1_c5 33450/370000 12.1 it/s best 49.013@0 | b8_c5 7700/85000 2.8 it/s best 49.022@0 | b8_c5_r1 7300/79000 2.8 it/s best 49.022@0
[22:49:15] b1_c5 34150/370000 12.1 it/s best 49.013@0 | b8_c5 7900/85000 2.8 it/s best 49.022@0 | b8_c5_r1 7500/79000 2.8 it/s best 49.022@0
[22:50:15] b1_c5 34900/370000 12.3 it/s best 49.013@0 | b8_c5 8050/85000 2.8 it/s best 49.022@0 | b8_c5_r1 7650/79000 2.8 it/s best 49.022@0
[22:51:15] b1_c5 35650/370000 12.2 it/s best 49.013@0 | b8_c5 8250/85000 2.8 it/s best 49.022@0 | b8_c5_r1 7800/79000 2.8 it/s best 49.022@0
[22:52:15] b1_c5 36350/370000 12.1 it/s best 49.013@0 | b8_c5 8400/85000 2.8 it/s best 49.022@0 | b8_c5_r1 7950/79000 2.8 it/s best 49.022@0
[22:53:15] b1_c5 37100/370000 12.1 it/s best 49.013@0 | b8_c5 8550/85000 2.8 it/s best 49.022@0 | b8_c5_r1 8150/79000 2.8 it/s best 49.022@0
[22:54:15] b1_c5 37800/370000 12.2 it/s best 49.013@0 | b8_c5 8750/85000 2.8 it/s best 49.022@0 | b8_c5_r1 8300/79000 2.8 it/s best 49.022@0
[22:55:15] b1_c5 38550/370000 12.2 it/s best 49.013@0 | b8_c5 8900/85000 2.8 it/s best 49.022@0 | b8_c5_r1 8450/79000 2.8 it/s best 49.022@0
[22:56:15] b1_c5 39300/370000 12.1 it/s best 49.013@0 | b8_c5 9100/85000 2.8 it/s best 49.022@0 | b8_c5_r1 8650/79000 2.8 it/s best 49.022@0
[22:57:15] b1_c5 40000/370000 12.2 it/s best 49.013@0 | b8_c5 9250/85000 2.8 it/s best 49.022@0 | b8_c5_r1 8800/79000 2.8 it/s best 49.022@0
[22:58:15] b1_c5 40750/370000 12.2 it/s best 49.013@0 | b8_c5 9400/85000 2.8 it/s best 49.022@0 | b8_c5_r1 8950/79000 2.8 it/s best 49.022@0
[22:59:15] b1_c5 41750/370000 17.6 it/s best 49.013@0 | b8_c5 9650/85000 3.2 it/s best 49.022@0 | b8_c5_r1 9000/79000 2.8 it/s best 49.022@0
[23:00:15] b1_c5 42650/370000 17.6 it/s best 49.013@0 | b8_c5 9750/85000 3.3 it/s best 49.022@0 | b8_c5_r1 9200/79000 2.2 it/s best 49.022@0
[23:01:15] b1_c5 43500/370000 12.2 it/s best 49.013@0 | b8_c5 9850/85000 2.3 it/s best 49.022@0 | b8_c5_r1 9400/79000 2.3 it/s best 49.022@0
[23:02:15] b1_c5 44200/370000 12.2 it/s best 49.013@0 | b8_c5 10000/85000 2.2 it/s best 49.022@0 | b8_c5_r1 9550/79000 3.2 it/s best 49.022@0
[23:03:15] b1_c5 44250/370000 12.2 it/s best 49.013@0 | b8_c5 10250/85000 3.2 it/s best 49.022@0 | b8_c5_r1 9750/79000 3.1 it/s best 49.022@0
[23:04:15] b1_c5 44950/370000 12.2 it/s best 49.013@0 | b8_c5 10400/85000 3.2 it/s best 49.022@0 | b8_c5_r1 9950/79000 3.2 it/s best 49.022@0
[23:05:15] b1_c5 45700/370000 12.2 it/s best 49.013@0 | b8_c5 10600/85000 3.0 it/s best 49.022@0 | b8_c5_r1 10100/79000 3.0 it/s best 49.022@0
[23:06:15] b1_c5 46450/370000 12.1 it/s best 49.013@0 | b8_c5 10750/85000 2.8 it/s best 49.022@0 | b8_c5_r1 10250/79000 2.8 it/s best 49.022@0
[23:07:15] b1_c5 47150/370000 12.1 it/s best 49.013@0 | b8_c5 10900/85000 2.8 it/s best 49.022@0 | b8_c5_r1 10450/79000 2.8 it/s best 49.022@0
[23:08:15] b1_c5 47900/370000 12.2 it/s best 49.013@0 | b8_c5 11100/85000 2.8 it/s best 49.022@0 | b8_c5_r1 10600/79000 2.8 it/s best 49.022@0
[23:09:15] b1_c5 48650/370000 12.2 it/s best 49.013@0 | b8_c5 11250/85000 2.8 it/s best 49.022@0 | b8_c5_r1 10750/79000 2.8 it/s best 49.022@0
[23:10:15] b1_c5 49350/370000 12.1 it/s best 49.013@0 | b8_c5 11450/85000 2.8 it/s best 49.022@0 | b8_c5_r1 10900/79000 2.8 it/s best 49.022@0
[23:11:15] b1_c5 50100/370000 12.1 it/s best 49.013@0 | b8_c5 11600/85000 2.8 it/s best 49.022@0 | b8_c5_r1 11100/79000 2.8 it/s best 49.022@0
[23:12:15] b1_c5 50800/370000 12.2 it/s best 49.013@0 | b8_c5 11750/85000 2.8 it/s best 49.022@0 | b8_c5_r1 11250/79000 2.8 it/s best 49.022@0
[23:13:15] b1_c5 51550/370000 12.2 it/s best 49.013@0 | b8_c5 11950/85000 2.8 it/s best 49.022@0 | b8_c5_r1 11400/79000 2.8 it/s best 49.022@0
[23:14:15] b1_c5 52300/370000 12.1 it/s best 49.013@0 | b8_c5 12100/85000 2.8 it/s best 49.022@0 | b8_c5_r1 11600/79000 2.8 it/s best 49.022@0
[23:15:15] b1_c5 53000/370000 12.2 it/s best 49.013@0 | b8_c5 12300/85000 2.8 it/s best 49.022@0 | b8_c5_r1 11750/79000 2.8 it/s best 49.022@0
[23:16:15] b1_c5 53750/370000 12.2 it/s best 49.013@0 | b8_c5 12450/85000 2.8 it/s best 49.022@0 | b8_c5_r1 11900/79000 2.8 it/s best 49.022@0
[23:17:15] b1_c5 54650/370000 17.4 it/s best 49.013@0 | b8_c5 12650/85000 3.1 it/s best 49.022@0 | b8_c5_r1 12000/79000 2.8 it/s best 49.022@0
[23:18:15] b1_c5 55450/370000 12.1 it/s best 49.013@0 | b8_c5 12850/85000 3.3 it/s best 49.022@0 | b8_c5_r1 12100/79000 2.1 it/s best 49.022@0
[23:19:15] b1_c5 56300/370000 14.8 it/s best 49.013@0 | b8_c5 13000/85000 3.3 it/s best 49.022@0 | b8_c5_r1 12300/79000 2.1 it/s best 49.022@0
[23:20:15] b1_c5 57200/370000 14.7 it/s best 49.013@0 | b8_c5 13050/85000 2.3 it/s best 49.022@0 | b8_c5_r1 12500/79000 3.2 it/s best 49.022@0
[23:21:15] b1_c5 57950/370000 12.2 it/s best 49.013@0 | b8_c5 13200/85000 2.1 it/s best 49.022@0 | b8_c5_r1 12650/79000 3.2 it/s best 49.022@0
[23:22:15] b1_c5 58700/370000 12.2 it/s best 49.013@0 | b8_c5 13400/85000 2.1 it/s best 49.022@0 | b8_c5_r1 12850/79000 2.9 it/s best 49.022@0
[23:23:15] b1_c5 59000/370000 12.2 it/s best 48.998@59000 | b8_c5 13600/85000 3.1 it/s best 49.022@0 | b8_c5_r1 13000/79000 2.9 it/s best 49.022@0
[23:24:15] b1_c5 59450/370000 4.8 it/s best 48.998@59000 | b8_c5 13750/85000 3.2 it/s best 49.022@0 | b8_c5_r1 13200/79000 3.1 it/s best 49.022@0
[23:25:15] b1_c5 60150/370000 12.1 it/s best 48.998@59000 | b8_c5 13950/85000 3.2 it/s best 49.022@0 | b8_c5_r1 13400/79000 3.1 it/s best 49.022@0
[23:26:15] b1_c5 60900/370000 12.2 it/s best 48.998@59000 | b8_c5 14100/85000 2.9 it/s best 49.022@0 | b8_c5_r1 13550/79000 2.8 it/s best 49.022@0
[23:27:15] b1_c5 61650/370000 12.2 it/s best 48.998@59000 | b8_c5 14300/85000 2.8 it/s best 49.022@0 | b8_c5_r1 13700/79000 2.8 it/s best 49.022@0
[23:28:15] b1_c5 62350/370000 12.1 it/s best 48.998@59000 | b8_c5 14450/85000 2.8 it/s best 49.022@0 | b8_c5_r1 13850/79000 2.8 it/s best 49.022@0
[23:29:15] b1_c5 63100/370000 12.1 it/s best 48.998@59000 | b8_c5 14600/85000 2.8 it/s best 49.022@0 | b8_c5_r1 14050/79000 2.8 it/s best 49.022@0
[23:30:15] b1_c5 63800/370000 12.2 it/s best 48.998@59000 | b8_c5 14800/85000 2.8 it/s best 49.022@0 | b8_c5_r1 14200/79000 2.8 it/s best 49.022@0
[23:31:15] b1_c5 64550/370000 12.2 it/s best 48.998@59000 | b8_c5 14950/85000 2.8 it/s best 49.022@0 | b8_c5_r1 14350/79000 2.8 it/s best 49.022@0
[23:32:15] b1_c5 65300/370000 12.1 it/s best 48.998@59000 | b8_c5 15150/85000 2.8 it/s best 49.022@0 | b8_c5_r1 14550/79000 2.8 it/s best 49.022@0
[23:33:15] b1_c5 66000/370000 12.2 it/s best 48.998@59000 | b8_c5 15300/85000 2.8 it/s best 49.022@0 | b8_c5_r1 14700/79000 2.8 it/s best 49.022@0
[23:34:15] b1_c5 66750/370000 12.2 it/s best 48.998@59000 | b8_c5 15500/85000 2.8 it/s best 49.022@0 | b8_c5_r1 14850/79000 2.8 it/s best 49.022@0
[23:35:16] b1_c5 67550/370000 15.3 it/s best 48.998@59000 | b8_c5 15650/85000 2.9 it/s best 49.022@0 | b8_c5_r1 15000/79000 2.8 it/s best 49.022@0
[23:36:16] b1_c5 68450/370000 14.0 it/s best 48.998@59000 | b8_c5 15900/85000 3.3 it/s best 49.022@0 | b8_c5_r1 15050/79000 2.1 it/s best 49.022@0
[23:37:16] b1_c5 69200/370000 12.1 it/s best 48.998@59000 | b8_c5 16050/85000 3.3 it/s best 49.022@0 | b8_c5_r1 15200/79000 2.1 it/s best 49.022@0
[23:38:16] b1_c5 69950/370000 12.2 it/s best 48.998@59000 | b8_c5 16200/85000 3.0 it/s best 49.022@0 | b8_c5_r1 15400/79000 2.1 it/s best 49.022@0
[23:39:16] b1_c5 70950/370000 17.3 it/s best 48.998@59000 | b8_c5 16250/85000 2.9 it/s best 49.022@0 | b8_c5_r1 15600/79000 3.2 it/s best 49.022@0
[23:40:16] b1_c5 71650/370000 12.2 it/s best 48.998@59000 | b8_c5 16400/85000 2.1 it/s best 49.022@0 | b8_c5_r1 15800/79000 3.2 it/s best 49.022@0
[23:41:16] b1_c5 72400/370000 12.1 it/s best 48.998@59000 | b8_c5 16550/85000 2.1 it/s best 49.022@0 | b8_c5_r1 15950/79000 3.0 it/s best 49.022@0
[23:42:16] b1_c5 73150/370000 12.1 it/s best 48.998@59000 | b8_c5 16750/85000 2.8 it/s best 49.022@0 | b8_c5_r1 16100/79000 2.8 it/s best 49.022@0
[23:43:16] b1_c5 73750/370000 12.2 it/s best 48.998@59000 | b8_c5 16900/85000 2.8 it/s best 49.022@0 | b8_c5_r1 16300/79000 2.8 it/s best 49.022@0
[23:44:16] b1_c5 73900/370000 4.8 it/s best 48.631@73750 | b8_c5 17150/85000 3.2 it/s best 49.022@0 | b8_c5_r1 16500/79000 3.2 it/s best 49.022@0
[23:45:16] b1_c5 74650/370000 12.2 it/s best 48.631@73750 | b8_c5 17300/85000 3.2 it/s best 49.022@0 | b8_c5_r1 16650/79000 3.2 it/s best 49.022@0
[23:46:16] b1_c5 75350/370000 12.1 it/s best 48.631@73750 | b8_c5 17500/85000 3.0 it/s best 49.022@0 | b8_c5_r1 16850/79000 2.9 it/s best 49.022@0
[23:47:16] b1_c5 76100/370000 12.2 it/s best 48.631@73750 | b8_c5 17650/85000 2.8 it/s best 49.022@0 | b8_c5_r1 17000/79000 2.8 it/s best 49.022@0
[23:48:16] b1_c5 76800/370000 12.2 it/s best 48.631@73750 | b8_c5 17800/85000 2.8 it/s best 49.022@0 | b8_c5_r1 17150/79000 2.8 it/s best 49.022@0
[23:49:16] b1_c5 77550/370000 12.3 it/s best 48.631@73750 | b8_c5 18000/85000 2.8 it/s best 49.022@0 | b8_c5_r1 17300/79000 2.8 it/s best 49.022@0
[23:50:16] b1_c5 78300/370000 12.1 it/s best 48.631@73750 | b8_c5 18150/85000 2.8 it/s best 49.022@0 | b8_c5_r1 17500/79000 2.8 it/s best 49.022@0
[23:51:16] b1_c5 79000/370000 12.2 it/s best 48.631@73750 | b8_c5 18350/85000 2.8 it/s best 49.022@0 | b8_c5_r1 17650/79000 2.8 it/s best 49.022@0
[23:52:16] b1_c5 79750/370000 12.2 it/s best 48.631@73750 | b8_c5 18500/85000 2.8 it/s best 49.022@0 | b8_c5_r1 17800/79000 2.8 it/s best 49.022@0
[23:53:16] b1_c5 80450/370000 12.1 it/s best 48.631@73750 | b8_c5 18650/85000 2.8 it/s best 49.022@0 | b8_c5_r1 18000/79000 2.8 it/s best 49.022@0
[23:54:16] b1_c5 81450/370000 16.2 it/s best 48.631@73750 | b8_c5 18900/85000 3.3 it/s best 49.022@0 | b8_c5_r1 18000/79000 2.8 it/s best 49.022@0
[23:55:16] b1_c5 82200/370000 12.2 it/s best 48.631@73750 | b8_c5 19100/85000 3.3 it/s best 49.022@0 | b8_c5_r1 18150/79000 2.1 it/s best 49.022@0
[23:56:16] b1_c5 82950/370000 12.2 it/s best 48.631@73750 | b8_c5 19250/85000 3.1 it/s best 49.022@0 | b8_c5_r1 18350/79000 2.1 it/s best 49.022@0
[23:57:16] b1_c5 83650/370000 12.2 it/s best 48.631@73750 | b8_c5 19400/85000 2.8 it/s best 49.022@0 | b8_c5_r1 18500/79000 2.8 it/s best 49.022@0
[23:58:16] b1_c5 84600/370000 17.2 it/s best 48.631@73750 | b8_c5 19500/85000 2.8 it/s best 49.022@0 | b8_c5_r1 18700/79000 3.0 it/s best 49.022@0
[23:59:16] b1_c5 85400/370000 12.1 it/s best 48.631@73750 | b8_c5 19600/85000 2.1 it/s best 49.022@0 | b8_c5_r1 18900/79000 3.2 it/s best 49.022@0
[00:00:16] b1_c5 86150/370000 12.2 it/s best 48.631@73750 | b8_c5 19750/85000 2.1 it/s best 49.022@0 | b8_c5_r1 19050/79000 3.2 it/s best 49.022@0
[00:01:16] b1_c5 86850/370000 12.2 it/s best 48.631@73750 | b8_c5 19950/85000 2.1 it/s best 49.022@0 | b8_c5_r1 19250/79000 2.8 it/s best 49.022@0
[00:02:16] b1_c5 87600/370000 12.2 it/s best 48.631@73750 | b8_c5 20100/85000 2.8 it/s best 49.022@0 | b8_c5_r1 19400/79000 2.8 it/s best 49.022@0
[00:03:16] b1_c5 88300/370000 12.1 it/s best 48.631@73750 | b8_c5 20300/85000 2.8 it/s best 49.022@0 | b8_c5_r1 19550/79000 2.8 it/s best 49.022@0
[00:04:16] b1_c5 88500/370000 12.2 it/s best 48.522@88500 | b8_c5 20500/85000 3.1 it/s best 49.022@0 | b8_c5_r1 19750/79000 3.0 it/s best 49.022@0
[00:05:16] b1_c5 89100/370000 12.1 it/s best 48.522@88500 | b8_c5 20700/85000 3.2 it/s best 49.022@0 | b8_c5_r1 19950/79000 3.1 it/s best 49.022@0
[00:06:16] b1_c5 89800/370000 12.2 it/s best 48.522@88500 | b8_c5 20850/85000 3.1 it/s best 49.022@0 | b8_c5_r1 20100/79000 3.1 it/s best 49.022@0
[00:07:16] b1_c5 90550/370000 12.3 it/s best 48.522@88500 | b8_c5 21000/85000 2.9 it/s best 49.022@0 | b8_c5_r1 20250/79000 2.8 it/s best 49.022@0
[00:08:16] b1_c5 91300/370000 12.1 it/s best 48.522@88500 | b8_c5 21200/85000 2.8 it/s best 49.022@0 | b8_c5_r1 20450/79000 2.8 it/s best 49.022@0
[00:09:16] b1_c5 92000/370000 12.2 it/s best 48.522@88500 | b8_c5 21350/85000 2.8 it/s best 49.022@0 | b8_c5_r1 20600/79000 2.8 it/s best 49.022@0
[00:10:16] b1_c5 92750/370000 12.2 it/s best 48.522@88500 | b8_c5 21550/85000 2.8 it/s best 49.022@0 | b8_c5_r1 20750/79000 2.8 it/s best 49.022@0
[00:11:16] b1_c5 93450/370000 12.1 it/s best 48.522@88500 | b8_c5 21700/85000 2.8 it/s best 49.022@0 | b8_c5_r1 20950/79000 2.8 it/s best 49.022@0
[00:12:16] b1_c5 94400/370000 16.5 it/s best 48.522@88500 | b8_c5 21900/85000 3.1 it/s best 49.022@0 | b8_c5_r1 21000/79000 2.8 it/s best 49.022@0
[00:13:16] b1_c5 95200/370000 12.1 it/s best 48.522@88500 | b8_c5 22100/85000 3.3 it/s best 49.022@0 | b8_c5_r1 21100/79000 2.1 it/s best 49.022@0
[00:14:16] b1_c5 95950/370000 12.2 it/s best 48.522@88500 | b8_c5 22250/85000 3.2 it/s best 49.022@0 | b8_c5_r1 21300/79000 2.1 it/s best 49.022@0
[00:15:16] b1_c5 96650/370000 12.2 it/s best 48.522@88500 | b8_c5 22450/85000 2.8 it/s best 49.022@0 | b8_c5_r1 21450/79000 2.1 it/s best 49.022@0
[00:16:16] b1_c5 97400/370000 12.1 it/s best 48.522@88500 | b8_c5 22600/85000 2.8 it/s best 49.022@0 | b8_c5_r1 21600/79000 2.8 it/s best 49.022@0
[00:17:16] b1_c5 98200/370000 15.0 it/s best 48.522@88500 | b8_c5 22750/85000 2.8 it/s best 49.022@0 | b8_c5_r1 21800/79000 2.9 it/s best 49.022@0
[00:18:16] b1_c5 99150/370000 13.7 it/s best 48.522@88500 | b8_c5 22800/85000 2.1 it/s best 49.022@0 | b8_c5_r1 22000/79000 3.2 it/s best 49.022@0
[00:19:16] b1_c5 99850/370000 12.2 it/s best 48.522@88500 | b8_c5 22950/85000 2.1 it/s best 49.022@0 | b8_c5_r1 22200/79000 3.2 it/s best 49.022@0
[00:20:16] b1_c5 100600/370000 12.2 it/s best 48.522@88500 | b8_c5 23150/85000 2.1 it/s best 49.022@0 | b8_c5_r1 22350/79000 2.9 it/s best 49.022@0
[00:21:16] b1_c5 101300/370000 12.1 it/s best 48.522@88500 | b8_c5 23300/85000 2.8 it/s best 49.022@0 | b8_c5_r1 22500/79000 2.8 it/s best 49.022@0
[00:22:16] b1_c5 102050/370000 12.1 it/s best 48.522@88500 | b8_c5 23500/85000 2.8 it/s best 49.022@0 | b8_c5_r1 22700/79000 2.8 it/s best 49.022@0
[00:23:16] b1_c5 102800/370000 12.2 it/s best 48.522@88500 | b8_c5 23650/85000 2.8 it/s best 49.022@0 | b8_c5_r1 22850/79000 2.8 it/s best 49.022@0
[00:24:16] b1_c5 103250/370000 12.1 it/s best 48.509@103250 | b8_c5 23850/85000 3.0 it/s best 49.022@0 | b8_c5_r1 23050/79000 2.9 it/s best 49.022@0
[00:25:16] b1_c5 103550/370000 4.7 it/s best 48.425@103250 | b8_c5 24050/85000 3.2 it/s best 49.022@0 | b8_c5_r1 23250/79000 3.1 it/s best 49.022@0
[00:26:16] b1_c5 104250/370000 12.1 it/s best 48.425@103250 | b8_c5 24200/85000 3.2 it/s best 49.022@0 | b8_c5_r1 23400/79000 3.1 it/s best 49.022@0
[00:27:16] b1_c5 105000/370000 12.2 it/s best 48.425@103250 | b8_c5 24400/85000 2.9 it/s best 49.022@0 | b8_c5_r1 23550/79000 2.9 it/s best 49.022@0
[00:28:16] b1_c5 105750/370000 12.2 it/s best 48.425@103250 | b8_c5 24550/85000 2.8 it/s best 49.022@0 | b8_c5_r1 23750/79000 2.8 it/s best 49.022@0
[00:29:16] b1_c5 106450/370000 12.1 it/s best 48.425@103250 | b8_c5 24750/85000 2.8 it/s best 49.022@0 | b8_c5_r1 23900/79000 2.8 it/s best 49.022@0
[00:30:16] b1_c5 107300/370000 16.5 it/s best 48.425@103250 | b8_c5 24950/85000 3.1 it/s best 49.022@0 | b8_c5_r1 24000/79000 2.8 it/s best 49.022@0
[00:31:16] b1_c5 108200/370000 12.6 it/s best 48.425@103250 | b8_c5 25150/85000 3.3 it/s best 49.022@0 | b8_c5_r1 24050/79000 2.1 it/s best 49.022@0
[00:32:16] b1_c5 108900/370000 12.2 it/s best 48.425@103250 | b8_c5 25300/85000 3.3 it/s best 49.022@0 | b8_c5_r1 24250/79000 2.1 it/s best 49.022@0
[00:33:16] b1_c5 109650/370000 12.2 it/s best 48.425@103250 | b8_c5 25450/85000 3.0 it/s best 49.022@0 | b8_c5_r1 24400/79000 2.1 it/s best 49.022@0
[00:34:16] b1_c5 110400/370000 12.1 it/s best 48.425@103250 | b8_c5 25650/85000 2.8 it/s best 49.022@0 | b8_c5_r1 24550/79000 2.8 it/s best 49.022@0
[00:35:16] b1_c5 111100/370000 12.1 it/s best 48.425@103250 | b8_c5 25800/85000 2.8 it/s best 49.022@0 | b8_c5_r1 24750/79000 2.8 it/s best 49.022@0
[00:36:17] b1_c5 111850/370000 12.2 it/s best 48.425@103250 | b8_c5 26000/85000 2.8 it/s best 49.022@0 | b8_c5_r1 24900/79000 2.8 it/s best 49.022@0
[00:37:17] b1_c5 112850/370000 16.7 it/s best 48.425@103250 | b8_c5 26000/85000 2.8 it/s best 49.022@0 | b8_c5_r1 25150/79000 3.2 it/s best 49.022@0
[00:38:17] b1_c5 113600/370000 12.2 it/s best 48.425@103250 | b8_c5 26150/85000 2.1 it/s best 49.022@0 | b8_c5_r1 25300/79000 3.2 it/s best 49.022@0
[00:39:17] b1_c5 114300/370000 12.1 it/s best 48.425@103250 | b8_c5 26350/85000 2.1 it/s best 49.022@0 | b8_c5_r1 25450/79000 3.0 it/s best 49.022@0
[00:40:17] b1_c5 115050/370000 12.1 it/s best 48.425@103250 | b8_c5 26500/85000 2.8 it/s best 49.022@0 | b8_c5_r1 25650/79000 2.8 it/s best 49.022@0
[00:41:17] b1_c5 115800/370000 12.2 it/s best 48.425@103250 | b8_c5 26650/85000 2.8 it/s best 49.022@0 | b8_c5_r1 25800/79000 2.8 it/s best 49.022@0
[00:42:17] b1_c5 116500/370000 12.2 it/s best 48.425@103250 | b8_c5 26850/85000 2.8 it/s best 49.022@0 | b8_c5_r1 25950/79000 2.8 it/s best 49.022@0
[00:43:17] b1_c5 117250/370000 12.1 it/s best 48.425@103250 | b8_c5 27000/85000 2.8 it/s best 49.022@0 | b8_c5_r1 26100/79000 2.8 it/s best 49.022@0
[00:44:17] b1_c5 117950/370000 12.2 it/s best 48.425@103250 | b8_c5 27200/85000 2.8 it/s best 49.022@0 | b8_c5_r1 26300/79000 2.8 it/s best 49.022@0
[00:45:17] b1_c5 118000/370000 12.2 it/s best 48.293@118000 | b8_c5 27400/85000 3.2 it/s best 49.022@0 | b8_c5_r1 26500/79000 3.1 it/s best 49.022@0
[00:46:17] b1_c5 118700/370000 12.2 it/s best 48.293@118000 | b8_c5 27600/85000 3.2 it/s best 49.022@0 | b8_c5_r1 26700/79000 3.2 it/s best 49.022@0
[00:47:17] b1_c5 119450/370000 12.1 it/s best 48.293@118000 | b8_c5 27750/85000 3.1 it/s best 49.022@0 | b8_c5_r1 26850/79000 3.0 it/s best 49.022@0
[00:48:17] b1_c5 120250/370000 13.7 it/s best 48.293@118000 | b8_c5 27950/85000 2.9 it/s best 49.022@0 | b8_c5_r1 27000/79000 2.8 it/s best 49.022@0
[00:49:17] b1_c5 121200/370000 14.9 it/s best 48.293@118000 | b8_c5 28150/85000 3.3 it/s best 49.022@0 | b8_c5_r1 27000/79000 2.8 it/s best 49.022@0
[00:50:17] b1_c5 121900/370000 12.2 it/s best 48.293@118000 | b8_c5 28350/85000 3.3 it/s best 49.022@0 | b8_c5_r1 27200/79000 2.1 it/s best 49.022@0
[00:51:17] b1_c5 122650/370000 12.2 it/s best 48.293@118000 | b8_c5 28500/85000 3.0 it/s best 49.022@0 | b8_c5_r1 27350/79000 2.1 it/s best 49.022@0
[00:52:17] b1_c5 123350/370000 12.1 it/s best 48.293@118000 | b8_c5 28650/85000 2.8 it/s best 49.022@0 | b8_c5_r1 27500/79000 2.8 it/s best 49.022@0
[00:53:17] b1_c5 124100/370000 12.1 it/s best 48.293@118000 | b8_c5 28850/85000 2.8 it/s best 49.022@0 | b8_c5_r1 27700/79000 2.8 it/s best 49.022@0
[00:54:17] b1_c5 124850/370000 12.3 it/s best 48.293@118000 | b8_c5 29000/85000 2.8 it/s best 49.022@0 | b8_c5_r1 27850/79000 2.8 it/s best 49.022@0
[00:55:17] b1_c5 125550/370000 12.3 it/s best 48.293@118000 | b8_c5 29200/85000 2.8 it/s best 49.022@0 | b8_c5_r1 28000/79000 2.8 it/s best 49.022@0
[00:56:17] b1_c5 126500/370000 16.7 it/s best 48.293@118000 | b8_c5 29250/85000 2.8 it/s best 49.022@0 | b8_c5_r1 28250/79000 3.1 it/s best 49.022@0
[00:57:17] b1_c5 127300/370000 12.1 it/s best 48.293@118000 | b8_c5 29350/85000 2.1 it/s best 49.022@0 | b8_c5_r1 28400/79000 3.2 it/s best 49.022@0
[00:58:17] b1_c5 128050/370000 12.1 it/s best 48.293@118000 | b8_c5 29550/85000 2.1 it/s best 49.022@0 | b8_c5_r1 28600/79000 3.1 it/s best 49.022@0
[00:59:17] b1_c5 128750/370000 12.2 it/s best 48.293@118000 | b8_c5 29700/85000 2.1 it/s best 49.022@0 | b8_c5_r1 28750/79000 2.8 it/s best 49.022@0
[01:00:17] b1_c5 129500/370000 12.2 it/s best 48.293@118000 | b8_c5 29850/85000 2.8 it/s best 49.022@0 | b8_c5_r1 28900/79000 2.8 it/s best 49.022@0
[01:01:17] b1_c5 130250/370000 12.2 it/s best 48.293@118000 | b8_c5 30050/85000 2.8 it/s best 49.022@0 | b8_c5_r1 29100/79000 2.8 it/s best 49.022@0
[01:02:17] b1_c5 130950/370000 12.2 it/s best 48.293@118000 | b8_c5 30200/85000 2.8 it/s best 49.022@0 | b8_c5_r1 29250/79000 2.8 it/s best 49.022@0
[01:03:17] b1_c5 131700/370000 12.2 it/s best 48.293@118000 | b8_c5 30400/85000 2.8 it/s best 49.022@0 | b8_c5_r1 29400/79000 2.8 it/s best 49.022@0
[01:04:17] b1_c5 132400/370000 12.1 it/s best 48.293@118000 | b8_c5 30550/85000 2.8 it/s best 49.022@0 | b8_c5_r1 29550/79000 2.8 it/s best 49.022@0
[01:05:17] b1_c5 132750/370000 12.2 it/s best 48.293@118000 | b8_c5 30750/85000 3.0 it/s best 49.022@0 | b8_c5_r1 29750/79000 2.9 it/s best 49.022@0
[01:06:17] b1_c5 133150/370000 4.7 it/s best 48.293@118000 | b8_c5 30950/85000 3.2 it/s best 49.022@0 | b8_c5_r1 29950/79000 3.1 it/s best 49.022@0
[01:07:17] b1_c5 134200/370000 17.3 it/s best 48.293@118000 | b8_c5 31200/85000 3.6 it/s best 49.022@0 | b8_c5_r1 30000/79000 3.2 it/s best 49.022@0
[01:08:17] b1_c5 134900/370000 12.2 it/s best 48.293@118000 | b8_c5 31350/85000 3.3 it/s best 49.022@0 | b8_c5_r1 30150/79000 2.2 it/s best 49.022@0
[01:09:17] b1_c5 135650/370000 12.2 it/s best 48.293@118000 | b8_c5 31550/85000 3.1 it/s best 49.022@0 | b8_c5_r1 30300/79000 2.1 it/s best 49.022@0
[01:10:17] b1_c5 136350/370000 12.1 it/s best 48.293@118000 | b8_c5 31700/85000 2.8 it/s best 49.022@0 | b8_c5_r1 30450/79000 2.1 it/s best 49.022@0
[01:11:17] b1_c5 137100/370000 12.1 it/s best 48.293@118000 | b8_c5 31850/85000 2.8 it/s best 49.022@0 | b8_c5_r1 30650/79000 2.8 it/s best 49.022@0
[01:12:17] b1_c5 137850/370000 12.3 it/s best 48.293@118000 | b8_c5 32050/85000 2.8 it/s best 49.022@0 | b8_c5_r1 30800/79000 2.8 it/s best 49.022@0
[01:13:17] b1_c5 138550/370000 12.2 it/s best 48.293@118000 | b8_c5 32200/85000 2.8 it/s best 49.022@0 | b8_c5_r1 30950/79000 2.8 it/s best 49.022@0
[01:14:17] b1_c5 139300/370000 12.1 it/s best 48.293@118000 | b8_c5 32400/85000 2.8 it/s best 49.022@0 | b8_c5_r1 31150/79000 2.8 it/s best 49.022@0
[01:15:17] b1_c5 140150/370000 16.1 it/s best 48.293@118000 | b8_c5 32500/85000 2.8 it/s best 49.022@0 | b8_c5_r1 31350/79000 2.9 it/s best 49.022@0
[01:16:17] b1_c5 141050/370000 13.0 it/s best 48.293@118000 | b8_c5 32550/85000 2.1 it/s best 49.022@0 | b8_c5_r1 31550/79000 3.2 it/s best 49.022@0
[01:17:17] b1_c5 141750/370000 12.2 it/s best 48.293@118000 | b8_c5 32750/85000 2.1 it/s best 49.022@0 | b8_c5_r1 31700/79000 3.2 it/s best 49.022@0
[01:18:18] b1_c5 142500/370000 12.2 it/s best 48.293@118000 | b8_c5 32900/85000 2.1 it/s best 49.022@0 | b8_c5_r1 31850/79000 2.9 it/s best 49.022@0
[01:19:18] b1_c5 143250/370000 12.2 it/s best 48.293@118000 | b8_c5 33050/85000 2.8 it/s best 49.022@0 | b8_c5_r1 32050/79000 2.8 it/s best 49.022@0
[01:20:18] b1_c5 143950/370000 12.2 it/s best 48.293@118000 | b8_c5 33250/85000 2.8 it/s best 49.022@0 | b8_c5_r1 32200/79000 2.8 it/s best 49.022@0
[01:21:18] b1_c5 144700/370000 12.2 it/s best 48.293@118000 | b8_c5 33400/85000 2.8 it/s best 49.022@0 | b8_c5_r1 32350/79000 2.8 it/s best 49.022@0
[01:22:18] b1_c5 145400/370000 12.1 it/s best 48.293@118000 | b8_c5 33600/85000 2.8 it/s best 49.022@0 | b8_c5_r1 32550/79000 2.8 it/s best 49.022@0
[01:23:18] b1_c5 146150/370000 12.1 it/s best 48.293@118000 | b8_c5 33750/85000 2.8 it/s best 49.022@0 | b8_c5_r1 32700/79000 2.8 it/s best 49.022@0
[01:24:18] b1_c5 146900/370000 12.2 it/s best 48.293@118000 | b8_c5 33900/85000 2.8 it/s best 49.022@0 | b8_c5_r1 32850/79000 2.8 it/s best 49.022@0
[01:25:18] b1_c5 147500/370000 12.7 it/s best 48.293@118000 | b8_c5 34150/85000 3.1 it/s best 49.022@0 | b8_c5_r1 33000/79000 2.8 it/s best 49.022@0
[01:26:18] b1_c5 147650/370000 4.8 it/s best 48.131@147500 | b8_c5 34500/85000 6.0 it/s best 49.022@0 | b8_c5_r1 33050/79000 2.1 it/s best 49.022@0
[01:27:18] b1_c5 148400/370000 12.1 it/s best 48.131@147500 | b8_c5 34650/85000 4.5 it/s best 49.022@0 | b8_c5_r1 33200/79000 2.1 it/s best 49.022@0
[01:28:18] b1_c5 149100/370000 12.1 it/s best 48.131@147500 | b8_c5 34850/85000 3.2 it/s best 49.022@0 | b8_c5_r1 33400/79000 2.1 it/s best 49.022@0
[01:29:18] b1_c5 149850/370000 12.3 it/s best 48.131@147500 | b8_c5 35000/85000 2.8 it/s best 49.022@0 | b8_c5_r1 33550/79000 2.8 it/s best 49.022@0
[01:30:18] b1_c5 150600/370000 12.2 it/s best 48.131@147500 | b8_c5 35200/85000 2.8 it/s best 49.022@0 | b8_c5_r1 33700/79000 2.8 it/s best 49.022@0
[01:31:18] b1_c5 151300/370000 12.1 it/s best 48.131@147500 | b8_c5 35350/85000 2.8 it/s best 49.022@0 | b8_c5_r1 33850/79000 2.8 it/s best 49.022@0
[01:32:18] b1_c5 152050/370000 12.1 it/s best 48.131@147500 | b8_c5 35500/85000 2.8 it/s best 49.022@0 | b8_c5_r1 34050/79000 2.8 it/s best 49.022@0
[01:33:18] b1_c5 152750/370000 12.2 it/s best 48.131@147500 | b8_c5 35700/85000 2.8 it/s best 49.022@0 | b8_c5_r1 34200/79000 2.8 it/s best 49.022@0
[01:34:18] b1_c5 153750/370000 17.4 it/s best 48.131@147500 | b8_c5 35750/85000 2.8 it/s best 49.022@0 | b8_c5_r1 34400/79000 3.0 it/s best 49.022@0
[01:35:18] b1_c5 154500/370000 12.2 it/s best 48.131@147500 | b8_c5 35850/85000 2.1 it/s best 49.022@0 | b8_c5_r1 34600/79000 3.2 it/s best 49.022@0
[01:36:18] b1_c5 155250/370000 12.2 it/s best 48.131@147500 | b8_c5 36050/85000 2.1 it/s best 49.022@0 | b8_c5_r1 34750/79000 3.2 it/s best 49.022@0
[01:37:18] b1_c5 156000/370000 12.2 it/s best 48.131@147500 | b8_c5 36200/85000 2.1 it/s best 49.022@0 | b8_c5_r1 34950/79000 2.8 it/s best 49.022@0
[01:38:18] b1_c5 156700/370000 12.2 it/s best 48.131@147500 | b8_c5 36400/85000 2.8 it/s best 49.022@0 | b8_c5_r1 35100/79000 2.8 it/s best 49.022@0
[01:39:18] b1_c5 157450/370000 12.1 it/s best 48.131@147500 | b8_c5 36550/85000 2.8 it/s best 49.022@0 | b8_c5_r1 35250/79000 2.8 it/s best 49.022@0
[01:40:18] b1_c5 158150/370000 12.1 it/s best 48.131@147500 | b8_c5 36750/85000 2.8 it/s best 49.022@0 | b8_c5_r1 35450/79000 2.8 it/s best 49.022@0
[01:41:18] b1_c5 158900/370000 12.2 it/s best 48.131@147500 | b8_c5 36900/85000 2.8 it/s best 49.022@0 | b8_c5_r1 35600/79000 2.8 it/s best 49.022@0
[01:42:18] b1_c5 159650/370000 12.3 it/s best 48.131@147500 | b8_c5 37050/85000 2.8 it/s best 49.022@0 | b8_c5_r1 35750/79000 2.8 it/s best 49.022@0
[01:43:18] b1_c5 160350/370000 12.1 it/s best 48.131@147500 | b8_c5 37250/85000 2.8 it/s best 49.022@0 | b8_c5_r1 35950/79000 2.8 it/s best 49.022@0
[01:44:18] b1_c5 161300/370000 16.5 it/s best 48.131@147500 | b8_c5 37450/85000 3.1 it/s best 49.022@0 | b8_c5_r1 36000/79000 2.8 it/s best 49.022@0
[01:45:18] b1_c5 162100/370000 12.1 it/s best 48.131@147500 | b8_c5 37650/85000 3.3 it/s best 49.022@0 | b8_c5_r1 36100/79000 2.1 it/s best 49.022@0
[01:46:18] b1_c5 162250/370000 12.1 it/s best 48.033@162250 | b8_c5 37850/85000 3.4 it/s best 49.022@0 | b8_c5_r1 36300/79000 2.2 it/s best 49.022@0
[01:47:18] b1_c5 162850/370000 12.3 it/s best 48.033@162250 | b8_c5 38050/85000 3.2 it/s best 49.022@0 | b8_c5_r1 36500/79000 3.2 it/s best 49.022@0
[01:48:18] b1_c5 163550/370000 12.2 it/s best 48.033@162250 | b8_c5 38200/85000 3.1 it/s best 49.022@0 | b8_c5_r1 36650/79000 3.1 it/s best 49.022@0
[01:49:18] b1_c5 164300/370000 12.1 it/s best 48.033@162250 | b8_c5 38400/85000 2.8 it/s best 49.022@0 | b8_c5_r1 36850/79000 2.8 it/s best 49.022@0
[01:50:18] b1_c5 165050/370000 12.2 it/s best 48.033@162250 | b8_c5 38550/85000 2.8 it/s best 49.022@0 | b8_c5_r1 37000/79000 2.8 it/s best 49.022@0
[01:51:18] b1_c5 165750/370000 12.2 it/s best 48.033@162250 | b8_c5 38700/85000 2.8 it/s best 49.022@0 | b8_c5_r1 37150/79000 2.8 it/s best 49.022@0
[01:52:18] b1_c5 166500/370000 12.2 it/s best 48.033@162250 | b8_c5 38900/85000 2.8 it/s best 49.022@0 | b8_c5_r1 37300/79000 2.8 it/s best 49.022@0
[01:53:19] b1_c5 167350/370000 16.8 it/s best 48.033@162250 | b8_c5 39000/85000 2.8 it/s best 48.619@39000 | b8_c5_r1 37500/79000 2.9 it/s best 49.022@0
[01:54:19] b1_c5 168250/370000 12.5 it/s best 48.033@162250 | b8_c5 39050/85000 2.1 it/s best 48.619@39000 | b8_c5_r1 37700/79000 3.2 it/s best 49.022@0
[01:55:19] b1_c5 168950/370000 12.2 it/s best 48.033@162250 | b8_c5 39250/85000 2.1 it/s best 48.619@39000 | b8_c5_r1 37900/79000 3.2 it/s best 49.022@0
[01:56:19] b1_c5 169700/370000 12.3 it/s best 48.033@162250 | b8_c5 39400/85000 2.1 it/s best 48.619@39000 | b8_c5_r1 38050/79000 2.9 it/s best 49.022@0
[01:57:19] b1_c5 170450/370000 12.1 it/s best 48.033@162250 | b8_c5 39600/85000 2.8 it/s best 48.619@39000 | b8_c5_r1 38200/79000 2.8 it/s best 49.022@0
[01:58:19] b1_c5 171150/370000 12.1 it/s best 48.033@162250 | b8_c5 39750/85000 2.8 it/s best 48.619@39000 | b8_c5_r1 38400/79000 2.8 it/s best 49.022@0
[01:59:19] b1_c5 171900/370000 12.2 it/s best 48.033@162250 | b8_c5 39950/85000 2.8 it/s best 48.619@39000 | b8_c5_r1 38550/79000 2.8 it/s best 49.022@0
[02:00:19] b1_c5 172600/370000 12.2 it/s best 48.033@162250 | b8_c5 40100/85000 2.8 it/s best 48.619@39000 | b8_c5_r1 38700/79000 2.8 it/s best 49.022@0
[02:01:19] b1_c5 173350/370000 12.1 it/s best 48.033@162250 | b8_c5 40250/85000 2.8 it/s best 48.619@39000 | b8_c5_r1 38900/79000 2.8 it/s best 49.022@0
[02:02:19] b1_c5 174200/370000 15.9 it/s best 48.033@162250 | b8_c5 40450/85000 3.0 it/s best 48.619@39000 | b8_c5_r1 39000/79000 2.8 it/s best 49.022@0
[02:03:19] b1_c5 175100/370000 13.2 it/s best 48.033@162250 | b8_c5 40700/85000 3.3 it/s best 48.619@39000 | b8_c5_r1 39050/79000 2.0 it/s best 49.022@0
[02:04:19] b1_c5 175800/370000 12.2 it/s best 48.033@162250 | b8_c5 40850/85000 3.3 it/s best 48.619@39000 | b8_c5_r1 39200/79000 2.0 it/s best 49.022@0
[02:05:19] b1_c5 176550/370000 12.3 it/s best 48.033@162250 | b8_c5 41000/85000 3.0 it/s best 48.619@39000 | b8_c5_r1 39400/79000 2.0 it/s best 49.022@0
[02:06:19] b1_c5 177000/370000 12.2 it/s best 48.033@162250 | b8_c5 41200/85000 2.9 it/s best 48.619@39000 | b8_c5_r1 39600/79000 2.9 it/s best 49.022@0
[02:07:19] b1_c5 177300/370000 4.7 it/s best 47.811@177000 | b8_c5 41400/85000 3.2 it/s best 48.619@39000 | b8_c5_r1 39800/79000 3.2 it/s best 49.022@0
[02:08:19] b1_c5 178000/370000 12.2 it/s best 47.811@177000 | b8_c5 41600/85000 3.3 it/s best 48.619@39000 | b8_c5_r1 39950/79000 3.2 it/s best 49.022@0
[02:09:19] b1_c5 178750/370000 12.2 it/s best 47.811@177000 | b8_c5 41750/85000 3.0 it/s best 48.619@39000 | b8_c5_r1 40100/79000 2.9 it/s best 49.022@0
[02:10:19] b1_c5 179500/370000 12.2 it/s best 47.811@177000 | b8_c5 41950/85000 2.8 it/s best 48.619@39000 | b8_c5_r1 40250/79000 2.8 it/s best 49.022@0
[02:11:19] b1_c5 180200/370000 12.1 it/s best 47.811@177000 | b8_c5 42100/85000 2.8 it/s best 48.619@39000 | b8_c5_r1 40450/79000 2.8 it/s best 49.022@0
[02:12:19] b1_c5 181000/370000 13.8 it/s best 47.811@177000 | b8_c5 42250/85000 2.8 it/s best 48.619@39000 | b8_c5_r1 40600/79000 2.8 it/s best 49.022@0
[02:13:19] b1_c5 181950/370000 15.2 it/s best 47.811@177000 | b8_c5 42250/85000 2.8 it/s best 48.619@39000 | b8_c5_r1 40850/79000 3.2 it/s best 49.022@0
[02:14:19] b1_c5 182700/370000 12.3 it/s best 47.811@177000 | b8_c5 42450/85000 2.1 it/s best 48.619@39000 | b8_c5_r1 41000/79000 3.2 it/s best 49.022@0
[02:15:19] b1_c5 183400/370000 12.1 it/s best 47.811@177000 | b8_c5 42600/85000 2.1 it/s best 48.619@39000 | b8_c5_r1 41150/79000 3.0 it/s best 49.022@0
[02:16:19] b1_c5 184150/370000 12.1 it/s best 47.811@177000 | b8_c5 42800/85000 2.8 it/s best 48.619@39000 | b8_c5_r1 41350/79000 2.8 it/s best 49.022@0
[02:17:19] b1_c5 184900/370000 12.2 it/s best 47.811@177000 | b8_c5 42950/85000 2.8 it/s best 48.619@39000 | b8_c5_r1 41500/79000 2.8 it/s best 49.022@0
[02:18:19] b1_c5 185600/370000 12.2 it/s best 47.811@177000 | b8_c5 43150/85000 2.8 it/s best 48.619@39000 | b8_c5_r1 41650/79000 2.8 it/s best 49.022@0
[02:19:19] b1_c5 186350/370000 12.1 it/s best 47.811@177000 | b8_c5 43300/85000 2.8 it/s best 48.619@39000 | b8_c5_r1 41850/79000 2.8 it/s best 49.022@0
[02:20:19] b1_c5 187100/370000 12.7 it/s best 47.811@177000 | b8_c5 43500/85000 2.9 it/s best 48.619@39000 | b8_c5_r1 42000/79000 2.8 it/s best 49.022@0
[02:21:19] b1_c5 188050/370000 15.3 it/s best 47.811@177000 | b8_c5 43700/85000 3.3 it/s best 48.619@39000 | b8_c5_r1 42000/79000 2.8 it/s best 49.022@0
[02:22:19] b1_c5 188800/370000 12.2 it/s best 47.811@177000 | b8_c5 43850/85000 3.3 it/s best 48.619@39000 | b8_c5_r1 42200/79000 2.1 it/s best 49.022@0
[02:23:19] b1_c5 189550/370000 12.3 it/s best 47.811@177000 | b8_c5 44050/85000 3.0 it/s best 48.619@39000 | b8_c5_r1 42350/79000 2.1 it/s best 49.022@0
[02:24:19] b1_c5 190250/370000 12.1 it/s best 47.811@177000 | b8_c5 44200/85000 2.8 it/s best 48.619@39000 | b8_c5_r1 42500/79000 2.8 it/s best 49.022@0
[02:25:20] b1_c5 191000/370000 12.2 it/s best 47.811@177000 | b8_c5 44400/85000 2.8 it/s best 48.619@39000 | b8_c5_r1 42700/79000 2.8 it/s best 49.022@0
[02:26:20] b1_c5 191700/370000 12.2 it/s best 47.811@177000 | b8_c5 44550/85000 2.8 it/s best 48.619@39000 | b8_c5_r1 42850/79000 2.8 it/s best 49.022@0
[02:27:20] b1_c5 191750/370000 12.2 it/s best 47.573@191750 | b8_c5 44800/85000 3.2 it/s best 48.619@39000 | b8_c5_r1 43050/79000 3.1 it/s best 49.022@0
[02:28:20] b1_c5 192450/370000 12.1 it/s best 47.573@191750 | b8_c5 44950/85000 3.3 it/s best 48.619@39000 | b8_c5_r1 43250/79000 3.1 it/s best 49.022@0
[02:29:20] b1_c5 193200/370000 12.1 it/s best 47.573@191750 | b8_c5 45100/85000 3.1 it/s best 48.619@39000 | b8_c5_r1 43400/79000 3.0 it/s best 49.022@0
[02:30:20] b1_c5 193950/370000 12.2 it/s best 47.573@191750 | b8_c5 45300/85000 2.8 it/s best 48.619@39000 | b8_c5_r1 43550/79000 2.8 it/s best 49.022@0
[02:31:20] b1_c5 194650/370000 12.2 it/s best 47.573@191750 | b8_c5 45450/85000 2.8 it/s best 48.619@39000 | b8_c5_r1 43750/79000 2.8 it/s best 49.022@0
[02:32:20] b1_c5 195650/370000 17.6 it/s best 47.573@191750 | b8_c5 45500/85000 2.8 it/s best 48.619@39000 | b8_c5_r1 43950/79000 3.1 it/s best 49.022@0
[02:33:20] b1_c5 196400/370000 12.1 it/s best 47.573@191750 | b8_c5 45650/85000 2.1 it/s best 48.619@39000 | b8_c5_r1 44100/79000 3.2 it/s best 49.022@0
[02:34:20] b1_c5 197150/370000 12.1 it/s best 47.573@191750 | b8_c5 45800/85000 2.1 it/s best 48.619@39000 | b8_c5_r1 44300/79000 3.0 it/s best 49.022@0
[02:35:20] b1_c5 197850/370000 12.2 it/s best 47.573@191750 | b8_c5 46000/85000 2.8 it/s best 48.619@39000 | b8_c5_r1 44450/79000 2.8 it/s best 49.022@0
[02:36:20] b1_c5 198600/370000 12.2 it/s best 47.573@191750 | b8_c5 46150/85000 2.8 it/s best 48.619@39000 | b8_c5_r1 44600/79000 2.8 it/s best 49.022@0
[02:37:20] b1_c5 199350/370000 12.1 it/s best 47.573@191750 | b8_c5 46300/85000 2.8 it/s best 48.619@39000 | b8_c5_r1 44800/79000 2.8 it/s best 49.022@0
[02:38:20] b1_c5 200050/370000 12.1 it/s best 47.573@191750 | b8_c5 46500/85000 2.8 it/s best 48.619@39000 | b8_c5_r1 44950/79000 2.8 it/s best 49.022@0
[02:39:20] b1_c5 201050/370000 17.3 it/s best 47.573@191750 | b8_c5 46750/85000 3.3 it/s best 48.619@39000 | b8_c5_r1 45000/79000 2.8 it/s best 49.022@0
[02:40:20] b1_c5 201800/370000 12.2 it/s best 47.573@191750 | b8_c5 46900/85000 3.3 it/s best 48.619@39000 | b8_c5_r1 45150/79000 2.1 it/s best 49.022@0
[02:41:20] b1_c5 202500/370000 12.3 it/s best 47.573@191750 | b8_c5 47050/85000 3.2 it/s best 48.619@39000 | b8_c5_r1 45300/79000 2.1 it/s best 49.022@0
[02:42:20] b1_c5 203250/370000 12.1 it/s best 47.573@191750 | b8_c5 47250/85000 2.8 it/s best 48.619@39000 | b8_c5_r1 45450/79000 2.1 it/s best 49.022@0
[02:43:20] b1_c5 204000/370000 12.2 it/s best 47.573@191750 | b8_c5 47400/85000 2.8 it/s best 48.619@39000 | b8_c5_r1 45650/79000 2.8 it/s best 49.022@0
[02:44:20] b1_c5 204700/370000 12.2 it/s best 47.573@191750 | b8_c5 47600/85000 2.8 it/s best 48.619@39000 | b8_c5_r1 45800/79000 2.8 it/s best 49.022@0
[02:45:20] b1_c5 205450/370000 12.1 it/s best 47.573@191750 | b8_c5 47750/85000 2.8 it/s best 48.619@39000 | b8_c5_r1 45950/79000 2.8 it/s best 49.022@0
[02:46:20] b1_c5 206150/370000 12.1 it/s best 47.573@191750 | b8_c5 47900/85000 2.8 it/s best 48.619@39000 | b8_c5_r1 46150/79000 2.8 it/s best 49.022@0
[02:47:20] b1_c5 206500/370000 12.3 it/s best 47.573@191750 | b8_c5 48150/85000 3.1 it/s best 48.619@39000 | b8_c5_r1 46350/79000 3.0 it/s best 49.022@0
[02:48:20] b1_c5 206950/370000 4.7 it/s best 47.554@206500 | b8_c5 48300/85000 3.2 it/s best 48.619@39000 | b8_c5_r1 46500/79000 3.2 it/s best 49.022@0
[02:49:20] b1_c5 207650/370000 12.2 it/s best 47.554@206500 | b8_c5 48500/85000 3.2 it/s best 48.619@39000 | b8_c5_r1 46700/79000 3.1 it/s best 49.022@0
[02:50:20] b1_c5 208400/370000 12.1 it/s best 47.554@206500 | b8_c5 48650/85000 2.9 it/s best 48.619@39000 | b8_c5_r1 46850/79000 2.8 it/s best 49.022@0
[02:51:20] b1_c5 209300/370000 17.4 it/s best 47.554@206500 | b8_c5 48750/85000 2.8 it/s best 48.401@48750 | b8_c5_r1 47050/79000 3.0 it/s best 49.022@0
[02:52:20] b1_c5 210100/370000 12.1 it/s best 47.554@206500 | b8_c5 48850/85000 2.1 it/s best 48.401@48750 | b8_c5_r1 47250/79000 3.2 it/s best 49.022@0
[02:53:21] b1_c5 210850/370000 12.3 it/s best 47.554@206500 | b8_c5 49000/85000 2.1 it/s best 48.401@48750 | b8_c5_r1 47400/79000 3.2 it/s best 49.022@0
[02:54:21] b1_c5 211600/370000 12.2 it/s best 47.554@206500 | b8_c5 49200/85000 2.1 it/s best 48.401@48750 | b8_c5_r1 47600/79000 2.8 it/s best 49.022@0
[02:55:21] b1_c5 212300/370000 12.1 it/s best 47.554@206500 | b8_c5 49350/85000 2.8 it/s best 48.401@48750 | b8_c5_r1 47750/79000 2.8 it/s best 49.022@0
[02:56:21] b1_c5 213050/370000 12.1 it/s best 47.554@206500 | b8_c5 49500/85000 2.8 it/s best 48.401@48750 | b8_c5_r1 47900/79000 2.8 it/s best 49.022@0
[02:57:21] b1_c5 213950/370000 17.6 it/s best 47.554@206500 | b8_c5 49750/85000 3.1 it/s best 48.401@48750 | b8_c5_r1 48000/79000 2.8 it/s best 49.022@0
[02:58:21] b1_c5 214800/370000 12.2 it/s best 47.554@206500 | b8_c5 49950/85000 3.3 it/s best 48.401@48750 | b8_c5_r1 48100/79000 2.1 it/s best 49.022@0
[02:59:21] b1_c5 215500/370000 12.2 it/s best 47.554@206500 | b8_c5 50100/85000 3.2 it/s best 48.401@48750 | b8_c5_r1 48250/79000 2.1 it/s best 49.022@0
[03:00:21] b1_c5 216250/370000 12.0 it/s best 47.554@206500 | b8_c5 50250/85000 2.9 it/s best 48.401@48750 | b8_c5_r1 48400/79000 2.1 it/s best 49.022@0
[03:01:21] b1_c5 216950/370000 12.2 it/s best 47.554@206500 | b8_c5 50450/85000 2.8 it/s best 48.401@48750 | b8_c5_r1 48600/79000 2.8 it/s best 49.022@0
[03:02:21] b1_c5 217700/370000 12.2 it/s best 47.554@206500 | b8_c5 50600/85000 2.8 it/s best 48.401@48750 | b8_c5_r1 48750/79000 2.8 it/s best 49.022@0
[03:03:21] b1_c5 218350/370000 11.4 it/s best 47.554@206500 | b8_c5 50800/85000 2.9 it/s best 48.401@48750 | b8_c5_r1 48950/79000 2.8 it/s best 49.022@0
[03:04:21] b1_c5 219100/370000 12.1 it/s best 47.554@206500 | b8_c5 50950/85000 2.9 it/s best 48.401@48750 | b8_c5_r1 49100/79000 2.8 it/s best 49.022@0
[03:05:21] b1_c5 219850/370000 12.2 it/s best 47.554@206500 | b8_c5 51150/85000 2.8 it/s best 48.401@48750 | b8_c5_r1 49250/79000 2.8 it/s best 49.022@0
[03:06:21] b1_c5 220550/370000 12.2 it/s best 47.554@206500 | b8_c5 51300/85000 2.8 it/s best 48.401@48750 | b8_c5_r1 49450/79000 2.8 it/s best 49.022@0
[03:07:21] b1_c5 221250/370000 12.1 it/s best 47.554@206500 | b8_c5 51450/85000 2.8 it/s best 48.401@48750 | b8_c5_r1 49600/79000 2.8 it/s best 49.022@0
[03:08:21] b1_c5 221300/370000 4.7 it/s best 47.544@221250 | b8_c5 51700/85000 3.2 it/s best 48.401@48750 | b8_c5_r1 49800/79000 3.1 it/s best 49.022@0
[03:09:21] b1_c5 222050/370000 12.1 it/s best 47.544@221250 | b8_c5 51850/85000 3.2 it/s best 48.401@48750 | b8_c5_r1 50000/79000 3.2 it/s best 49.022@0
[03:10:21] b1_c5 222900/370000 15.6 it/s best 47.544@221250 | b8_c5 52000/85000 3.1 it/s best 48.401@48750 | b8_c5_r1 50150/79000 3.0 it/s best 49.022@0
[03:11:21] b1_c5 223800/370000 14.0 it/s best 47.544@221250 | b8_c5 52050/85000 2.2 it/s best 48.359@52000 | b8_c5_r1 50400/79000 3.2 it/s best 49.022@0
[03:12:21] b1_c5 224500/370000 12.2 it/s best 47.544@221250 | b8_c5 52200/85000 2.1 it/s best 48.359@52000 | b8_c5_r1 50550/79000 3.2 it/s best 49.022@0
[03:13:21] b1_c5 225250/370000 12.1 it/s best 47.544@221250 | b8_c5 52400/85000 2.1 it/s best 48.359@52000 | b8_c5_r1 50700/79000 2.9 it/s best 49.022@0
[03:14:21] b1_c5 226000/370000 12.2 it/s best 47.544@221250 | b8_c5 52550/85000 2.8 it/s best 48.359@52000 | b8_c5_r1 50850/79000 2.8 it/s best 49.022@0
[03:15:21] b1_c5 226800/370000 15.6 it/s best 47.544@221250 | b8_c5 52750/85000 3.0 it/s best 48.359@52000 | b8_c5_r1 51000/79000 2.8 it/s best 49.022@0
[03:16:21] b1_c5 227700/370000 13.8 it/s best 47.544@221250 | b8_c5 52950/85000 3.3 it/s best 48.359@52000 | b8_c5_r1 51050/79000 2.1 it/s best 49.022@0
[03:17:21] b1_c5 228450/370000 12.0 it/s best 47.544@221250 | b8_c5 53150/85000 3.3 it/s best 48.359@52000 | b8_c5_r1 51200/79000 2.1 it/s best 49.022@0
[03:18:22] b1_c5 229150/370000 12.0 it/s best 47.544@221250 | b8_c5 53300/85000 3.0 it/s best 48.359@52000 | b8_c5_r1 51400/79000 2.1 it/s best 49.022@0
[03:19:22] b1_c5 229900/370000 12.2 it/s best 47.544@221250 | b8_c5 53500/85000 2.8 it/s best 48.359@52000 | b8_c5_r1 51550/79000 2.8 it/s best 49.022@0
[03:20:22] b1_c5 230650/370000 12.2 it/s best 47.544@221250 | b8_c5 53650/85000 2.8 it/s best 48.359@52000 | b8_c5_r1 51700/79000 2.8 it/s best 49.022@0
[03:21:22] b1_c5 231350/370000 12.1 it/s best 47.544@221250 | b8_c5 53800/85000 2.8 it/s best 48.359@52000 | b8_c5_r1 51900/79000 2.8 it/s best 49.022@0
[03:22:22] b1_c5 232100/370000 12.2 it/s best 47.544@221250 | b8_c5 54000/85000 2.8 it/s best 48.359@52000 | b8_c5_r1 52050/79000 2.8 it/s best 49.022@0
[03:23:22] b1_c5 232800/370000 12.2 it/s best 47.544@221250 | b8_c5 54150/85000 2.8 it/s best 48.359@52000 | b8_c5_r1 52200/79000 2.8 it/s best 49.022@0
[03:24:22] b1_c5 233550/370000 12.2 it/s best 47.544@221250 | b8_c5 54350/85000 2.8 it/s best 48.359@52000 | b8_c5_r1 52400/79000 2.8 it/s best 49.022@0
[03:25:22] b1_c5 234300/370000 12.1 it/s best 47.544@221250 | b8_c5 54500/85000 2.8 it/s best 48.359@52000 | b8_c5_r1 52550/79000 2.8 it/s best 49.022@0
[03:26:22] b1_c5 235000/370000 12.2 it/s best 47.544@221250 | b8_c5 54650/85000 2.8 it/s best 48.359@52000 | b8_c5_r1 52700/79000 2.8 it/s best 49.022@0
[03:27:22] b1_c5 235750/370000 12.2 it/s best 47.544@221250 | b8_c5 54850/85000 2.8 it/s best 48.359@52000 | b8_c5_r1 52900/79000 2.8 it/s best 49.022@0
[03:28:22] b1_c5 236000/370000 12.2 it/s best 47.544@221250 | b8_c5 55050/85000 3.1 it/s best 48.359@52000 | b8_c5_r1 53100/79000 3.0 it/s best 49.022@0
[03:29:22] b1_c5 236500/370000 12.3 it/s best 47.544@221250 | b8_c5 55250/85000 3.2 it/s best 48.359@52000 | b8_c5_r1 53250/79000 3.1 it/s best 49.022@0
[03:30:22] b1_c5 237500/370000 16.6 it/s best 47.544@221250 | b8_c5 55250/85000 3.2 it/s best 48.162@55250 | b8_c5_r1 53500/79000 3.6 it/s best 49.022@0
[03:31:22] b1_c5 238250/370000 12.0 it/s best 47.544@221250 | b8_c5 55400/85000 2.3 it/s best 48.162@55250 | b8_c5_r1 53650/79000 3.3 it/s best 49.022@0
[03:32:22] b1_c5 239000/370000 12.2 it/s best 47.544@221250 | b8_c5 55600/85000 2.1 it/s best 48.162@55250 | b8_c5_r1 53850/79000 3.0 it/s best 49.022@0
[03:33:22] b1_c5 239700/370000 12.4 it/s best 47.544@221250 | b8_c5 55750/85000 2.8 it/s best 48.162@55250 | b8_c5_r1 54000/79000 2.8 it/s best 49.022@0
[03:34:12] b8_c5: exited with code -9, status running, best composite 48.162 at step 55250 (ema_slow)
[03:34:12] b8_c5: see /workspace/Part3_Push_5090/work/arms/b8_c5.out for the error; other arms continue
[03:34:12] b8_c5_r1: exited with code -9, status running, best composite 49.022 at step 0 (ema)
[03:34:12] b8_c5_r1: see /workspace/Part3_Push_5090/work/arms/b8_c5_r1.out for the error; other arms continue
[03:34:12] b1_c5 240550/370000 17.6 it/s best 47.544@221250
[03:35:12] b1_c5 242800/370000 36.6 it/s best 47.544@221250
[03:36:12] b1_c5 245000/370000 37.1 it/s best 47.544@221250
[03:37:13] b1_c5 247200/370000 36.2 it/s best 47.544@221250
[03:38:13] b1_c5 249400/370000 36.2 it/s best 47.544@221250
[03:39:13] b1_c5 250750/370000 37.2 it/s best 47.544@221250
[03:40:13] b1_c5 252050/370000 36.6 it/s best 47.544@221250
[03:41:13] b1_c5 254300/370000 36.5 it/s best 47.544@221250
[03:42:13] b1_c5 256500/370000 37.1 it/s best 47.544@221250
[03:43:13] b1_c5 258700/370000 37.1 it/s best 47.544@221250
[03:44:13] b1_c5 260900/370000 37.2 it/s best 47.544@221250
[03:45:13] b1_c5 263150/370000 36.4 it/s best 47.544@221250
[03:46:13] b1_c5 265350/370000 36.4 it/s best 47.544@221250
[03:47:13] b1_c5 265850/370000 7.6 it/s best 47.544@221250
[03:48:13] b1_c5 268050/370000 36.5 it/s best 47.544@221250
[03:49:13] b1_c5 270250/370000 36.3 it/s best 47.544@221250
[03:50:13] b1_c5 272500/370000 37.2 it/s best 47.544@221250
[03:51:13] b1_c5 274700/370000 37.5 it/s best 47.544@221250
[03:52:13] b1_c5 276900/370000 37.2 it/s best 47.544@221250
[03:53:13] b1_c5 279100/370000 36.4 it/s best 47.544@221250
[03:54:13] b1_c5 280250/370000 36.5 it/s best 47.544@221250
[03:55:13] b1_c5 281800/370000 37.2 it/s best 47.544@221250
[03:56:13] b1_c5 284000/370000 37.2 it/s best 47.544@221250
[03:57:13] b1_c5 286200/370000 36.4 it/s best 47.544@221250
[03:58:13] b1_c5 288400/370000 36.3 it/s best 47.544@221250
[03:59:13] b1_c5 290650/370000 37.2 it/s best 47.544@221250
[04:00:13] b1_c5 292850/370000 37.5 it/s best 47.544@221250
[04:01:13] b1_c5 295000/370000 37.2 it/s best 47.544@221250
[04:02:13] b1_c5 295500/370000 37.1 it/s best 47.544@221250
[04:03:13] b1_c5 297750/370000 37.3 it/s best 47.544@221250
[04:04:13] b1_c5 299950/370000 37.4 it/s best 47.544@221250
[04:05:13] b1_c5 302150/370000 36.4 it/s best 47.544@221250
[04:06:13] b1_c5 304350/370000 36.4 it/s best 47.544@221250
[04:07:13] b1_c5 306600/370000 37.4 it/s best 47.544@221250
[04:08:13] b1_c5 308800/370000 37.2 it/s best 47.544@221250
[04:09:13] b1_c5 309750/370000 37.3 it/s best 47.544@221250
[04:10:13] b1_c5 311450/370000 36.5 it/s best 47.544@221250
[04:11:13] b1_c5 313700/370000 37.1 it/s best 47.544@221250
[04:12:13] b1_c5 315900/370000 37.3 it/s best 47.544@221250
[04:13:14] b1_c5 318100/370000 36.5 it/s best 47.544@221250
[04:14:14] b1_c5 320300/370000 36.3 it/s best 47.544@221250
[04:15:14] b1_c5 322550/370000 37.5 it/s best 47.544@221250
[04:16:14] b1_c5 324500/370000 37.3 it/s best 47.544@221250
[04:17:14] b1_c5 325250/370000 36.3 it/s best 47.544@221250
[04:18:14] b1_c5 327450/370000 36.3 it/s best 47.544@221250
[04:19:14] b1_c5 329650/370000 37.0 it/s best 47.544@221250
[04:20:14] b1_c5 331850/370000 37.4 it/s best 47.544@221250
[04:21:14] b1_c5 334050/370000 36.3 it/s best 47.544@221250
[04:22:14] b1_c5 336250/370000 36.4 it/s best 47.544@221250
[04:23:14] b1_c5 338500/370000 37.2 it/s best 47.544@221250
[04:24:14] b1_c5 339250/370000 36.2 it/s best 47.544@221250
[04:25:14] b1_c5 341200/370000 36.4 it/s best 47.544@221250
[04:26:14] b1_c5 343400/370000 36.3 it/s best 47.544@221250
[04:27:14] b1_c5 345600/370000 37.3 it/s best 47.544@221250
[04:28:14] b1_c5 347850/370000 37.3 it/s best 47.544@221250
[04:29:14] b1_c5 350000/370000 37.0 it/s best 47.544@221250
[04:30:14] b1_c5 352250/370000 36.3 it/s best 47.544@221250
[04:31:14] b1_c5 354000/370000 37.2 it/s best 47.544@221250
[04:32:14] b1_c5 354900/370000 37.3 it/s best 47.544@221250
[04:33:14] b1_c5 357150/370000 36.3 it/s best 47.544@221250
[04:34:14] b1_c5 359350/370000 36.4 it/s best 47.544@221250
[04:35:14] b1_c5 361550/370000 37.2 it/s best 47.544@221250
[04:36:14] b1_c5 363750/370000 37.2 it/s best 47.544@221250
[04:37:14] b1_c5 366000/370000 37.1 it/s best 47.544@221250
[04:38:14] b1_c5 368200/370000 36.3 it/s best 47.544@221250
[04:39:14] b1_c5 368750/370000 37.3 it/s best 47.544@221250
[04:40:14] b1_c5 370000/370000 37.6 it/s best 47.544@221250
[04:40:38] b1_c5: exited with code 0, status completed, best composite 47.544 at step 221250 (ema_slow)
[04:40:39] candidate b1_c5: composite 47.5443 (step 221250, ema_slow)
[04:40:39] candidate b8_c5: composite 48.1624 (step 55250, ema_slow)
[04:40:39] candidate b8_c5_r1: composite 49.0220 (step 0, ema)
[04:40:39] exporting b1_c5 (step 221250, ema_slow)
[04:41:24] export scored with the notebook's metric cells: FID 94.7129, MiFID 0.4048, composite 47.5588
[04:41:59] fresh-sample check (photos 301-600): FID A2B 87.46, B2A 90.59, composite ~44.72; content cosine {'monet_to_photo': 0.7900960477232046, 'photo_to_monet': 0.7470643736522511}; outputs closer to a training Monet than any real pair: 0
[04:41:59] checkpoint chosen among 192 scored candidates (report this: the class score is optimistic)
[04:42:00] running the supplied evaluation notebook unchanged (this re-extracts Inception features)
[04:42:19] supplied notebook submission.csv: FID 94.7160, MiFID 0.4048, (FID+MiFID)/2 = 47.5604
[04:42:20] RESULTS ZIP: /workspace/Part3_Push_5090/Part3_Push_Results_20261004-0442.zip
[04:42:20] done. Bring back Part3_Push_Results_20261004-0442.zip
