
# 2026-10-03T22:01:15+00:00 /venv/main/bin/python /workspace/Part3_Push_5090/scripts/finetune_part3_push.py train --init /workspace/Part3_Push_5090/inputs/init.pt --output /workspace/Part3_Push_5090/work/arms/b8_c5_r1 --device cuda --stop-file /workspace/Part3_Push_5090/work/STOP --steps 79000 --eval-every 3000 --constant-fraction 0.5 --ema-beta 0.999 --ema-slow-beta 0.9999 --eval-variants ema,ema_slow,raw --checkpoint-every 1000 --log-every 50 --precision bf16 --data all --jpeg-quality 75 --jpeg-subsampling 2 --identity-start 0.0 --identity-end 0.0 --cycle-start 5.0 --cycle-end 5.0 --aug-monet translation --prefetch 3 --learning-rate 0.0002 --batch-size 8 --warmup-steps 500 --r1-gamma 0.01 --r1-every 4
{
  "device": "cuda",
  "recipe": {
    "steps": 79000,
    "learning_rate": 0.0002,
    "beta1": 0.5,
    "beta2": 0.999,
    "constant_fraction": 0.5,
    "cycle_start": 5.0,
    "cycle_end": 5.0,
    "identity_start": 0.0,
    "identity_end": 0.0,
    "weight_ramp_steps": 0,
    "extra_scales": 0,
    "d_warmup_steps": 0,
    "aug_monet": "translation",
    "aug_photo": "",
    "flip_equivariance": 0.0,
    "ema_beta": 0.999,
    "ema_slow_beta": 0.9999,
    "replay_size": 50,
    "eval_every": 3000,
    "checkpoint_every": 1000,
    "log_every": 50,
    "precision": "bf16",
    "seed": 2342,
    "data": "all",
    "jpeg_quality": 75,
    "jpeg_subsampling": 2,
    "eval_variants": "ema,ema_slow,raw",
    "train_view": "resize286",
    "batch_size": 8,
    "cycle_lowpass": 0,
    "cycle_detail": 1.0,
    "cycle_photo_scale": 1.0,
    "cycle_monet_scale": 1.0,
    "nce_weight": 0.0,
    "nce_idt_weight": 0.0,
    "nce_layers": "0,4,8,12,16",
    "nce_patches": 256,
    "nce_tau": 0.07,
    "r1_gamma": 0.01,
    "r1_every": 4,
    "d_noise_start": 0.0,
    "d_noise_end": 0.0,
    "prefetch": 3,
    "warmup_steps": 500
  },
  "init": "/workspace/Part3_Push_5090/inputs/init.pt"
}
EVAL {"step": 0, "variant": "ema", "fid_a2b": 98.11305533638378, "fid_b2a": 97.15066385961023, "mifid_a2b": 0.4186183550713452, "mifid_b2a": 0.4055872147794554, "fid": 97.631859597997, "mifid": 0.4121027849254003, "composite": 49.0219811914612}
EVAL {"step": 0, "variant": "ema_slow", "fid_a2b": 98.11305533638378, "fid_b2a": 97.15066385961023, "mifid_a2b": 0.4186183550713452, "mifid_b2a": 0.4055872147794554, "fid": 97.631859597997, "mifid": 0.4121027849254003, "composite": 49.0219811914612}
EVAL {"step": 0, "variant": "raw", "fid_a2b": 98.11305533638378, "fid_b2a": 97.15066385961023, "mifid_a2b": 0.4186183550713452, "mifid_b2a": 0.4055872147794554, "fid": 97.631859597997, "mifid": 0.4121027849254003, "composite": 49.0219811914612}
step 50/79000 G=1.466 Dp=0.213 Dm=0.115 cyc_w=5.00 id_w=0.00 0.51 it/s
step 100/79000 G=1.687 Dp=0.163 Dm=0.203 cyc_w=5.00 id_w=0.00 0.86 it/s
step 150/79000 G=1.670 Dp=0.152 Dm=0.156 cyc_w=5.00 id_w=0.00 1.12 it/s
step 200/79000 G=1.672 Dp=0.174 Dm=0.131 cyc_w=5.00 id_w=0.00 1.31 it/s
step 250/79000 G=1.795 Dp=0.141 Dm=0.107 cyc_w=5.00 id_w=0.00 1.46 it/s
step 300/79000 G=1.934 Dp=0.128 Dm=0.072 cyc_w=5.00 id_w=0.00 1.58 it/s
step 350/79000 G=1.890 Dp=0.178 Dm=0.153 cyc_w=5.00 id_w=0.00 1.68 it/s
step 400/79000 G=2.023 Dp=0.176 Dm=0.167 cyc_w=5.00 id_w=0.00 1.77 it/s
step 450/79000 G=3.525 Dp=0.219 Dm=0.214 cyc_w=5.00 id_w=0.00 1.84 it/s
step 500/79000 G=2.460 Dp=0.178 Dm=0.204 cyc_w=5.00 id_w=0.00 1.90 it/s
step 550/79000 G=2.098 Dp=0.188 Dm=0.248 cyc_w=5.00 id_w=0.00 1.95 it/s
step 600/79000 G=1.634 Dp=0.247 Dm=0.266 cyc_w=5.00 id_w=0.00 2.00 it/s
step 650/79000 G=1.725 Dp=0.149 Dm=0.212 cyc_w=5.00 id_w=0.00 2.04 it/s
step 700/79000 G=1.524 Dp=0.173 Dm=0.230 cyc_w=5.00 id_w=0.00 2.08 it/s
step 750/79000 G=1.654 Dp=0.179 Dm=0.217 cyc_w=5.00 id_w=0.00 2.11 it/s
step 800/79000 G=1.404 Dp=0.204 Dm=0.272 cyc_w=5.00 id_w=0.00 2.14 it/s
step 850/79000 G=1.450 Dp=0.191 Dm=0.225 cyc_w=5.00 id_w=0.00 2.17 it/s
step 900/79000 G=1.478 Dp=0.176 Dm=0.201 cyc_w=5.00 id_w=0.00 2.19 it/s
step 950/79000 G=1.508 Dp=0.175 Dm=0.231 cyc_w=5.00 id_w=0.00 2.21 it/s
step 1000/79000 G=1.600 Dp=0.171 Dm=0.232 cyc_w=5.00 id_w=0.00 2.23 it/s
step 1050/79000 G=1.617 Dp=0.160 Dm=0.202 cyc_w=5.00 id_w=0.00 2.25 it/s
step 1100/79000 G=1.715 Dp=0.159 Dm=0.163 cyc_w=5.00 id_w=0.00 2.27 it/s
step 1150/79000 G=1.609 Dp=0.214 Dm=0.205 cyc_w=5.00 id_w=0.00 2.29 it/s
step 1200/79000 G=1.541 Dp=0.146 Dm=0.189 cyc_w=5.00 id_w=0.00 2.30 it/s
step 1250/79000 G=1.508 Dp=0.171 Dm=0.191 cyc_w=5.00 id_w=0.00 2.31 it/s
step 1300/79000 G=1.500 Dp=0.150 Dm=0.210 cyc_w=5.00 id_w=0.00 2.33 it/s
step 1350/79000 G=1.633 Dp=0.143 Dm=0.171 cyc_w=5.00 id_w=0.00 2.34 it/s
step 1400/79000 G=1.499 Dp=0.144 Dm=0.192 cyc_w=5.00 id_w=0.00 2.35 it/s
step 1450/79000 G=1.733 Dp=0.153 Dm=0.194 cyc_w=5.00 id_w=0.00 2.36 it/s
step 1500/79000 G=1.555 Dp=0.219 Dm=0.162 cyc_w=5.00 id_w=0.00 2.37 it/s
step 1550/79000 G=1.418 Dp=0.170 Dm=0.166 cyc_w=5.00 id_w=0.00 2.38 it/s
step 1600/79000 G=1.595 Dp=0.130 Dm=0.141 cyc_w=5.00 id_w=0.00 2.39 it/s
step 1650/79000 G=1.794 Dp=0.194 Dm=0.156 cyc_w=5.00 id_w=0.00 2.40 it/s
step 1700/79000 G=1.397 Dp=0.165 Dm=0.139 cyc_w=5.00 id_w=0.00 2.41 it/s
step 1750/79000 G=1.658 Dp=0.123 Dm=0.174 cyc_w=5.00 id_w=0.00 2.42 it/s
step 1800/79000 G=1.574 Dp=0.146 Dm=0.125 cyc_w=5.00 id_w=0.00 2.42 it/s
step 1850/79000 G=1.496 Dp=0.185 Dm=0.174 cyc_w=5.00 id_w=0.00 2.43 it/s
step 1900/79000 G=1.545 Dp=0.170 Dm=0.120 cyc_w=5.00 id_w=0.00 2.44 it/s
step 1950/79000 G=1.608 Dp=0.196 Dm=0.181 cyc_w=5.00 id_w=0.00 2.44 it/s
step 2000/79000 G=1.528 Dp=0.161 Dm=0.136 cyc_w=5.00 id_w=0.00 2.45 it/s
step 2050/79000 G=1.689 Dp=0.089 Dm=0.104 cyc_w=5.00 id_w=0.00 2.45 it/s
step 2100/79000 G=1.552 Dp=0.202 Dm=0.147 cyc_w=5.00 id_w=0.00 2.46 it/s
step 2150/79000 G=1.555 Dp=0.147 Dm=0.121 cyc_w=5.00 id_w=0.00 2.46 it/s
step 2200/79000 G=1.444 Dp=0.149 Dm=0.137 cyc_w=5.00 id_w=0.00 2.47 it/s
step 2250/79000 G=1.482 Dp=0.172 Dm=0.144 cyc_w=5.00 id_w=0.00 2.48 it/s
step 2300/79000 G=1.547 Dp=0.162 Dm=0.130 cyc_w=5.00 id_w=0.00 2.48 it/s
step 2350/79000 G=1.540 Dp=0.192 Dm=0.161 cyc_w=5.00 id_w=0.00 2.48 it/s
step 2400/79000 G=1.703 Dp=0.136 Dm=0.138 cyc_w=5.00 id_w=0.00 2.49 it/s
step 2450/79000 G=1.992 Dp=0.088 Dm=0.130 cyc_w=5.00 id_w=0.00 2.49 it/s
step 2500/79000 G=1.663 Dp=0.211 Dm=0.138 cyc_w=5.00 id_w=0.00 2.50 it/s
step 2550/79000 G=1.549 Dp=0.149 Dm=0.140 cyc_w=5.00 id_w=0.00 2.50 it/s
step 2600/79000 G=1.599 Dp=0.111 Dm=0.118 cyc_w=5.00 id_w=0.00 2.50 it/s
step 2650/79000 G=1.813 Dp=0.172 Dm=0.124 cyc_w=5.00 id_w=0.00 2.51 it/s
step 2700/79000 G=1.580 Dp=0.123 Dm=0.141 cyc_w=5.00 id_w=0.00 2.51 it/s
step 2750/79000 G=1.751 Dp=0.106 Dm=0.111 cyc_w=5.00 id_w=0.00 2.52 it/s
step 2800/79000 G=2.035 Dp=0.176 Dm=0.173 cyc_w=5.00 id_w=0.00 2.52 it/s
step 2850/79000 G=1.710 Dp=0.142 Dm=0.081 cyc_w=5.00 id_w=0.00 2.52 it/s
step 2900/79000 G=2.021 Dp=0.184 Dm=0.098 cyc_w=5.00 id_w=0.00 2.53 it/s
step 2950/79000 G=1.533 Dp=0.220 Dm=0.133 cyc_w=5.00 id_w=0.00 2.53 it/s
step 3000/79000 G=1.537 Dp=0.209 Dm=0.127 cyc_w=5.00 id_w=0.00 2.53 it/s
EVAL {"step": 3000, "variant": "ema", "fid_a2b": 96.81848006250169, "fid_b2a": 100.09809240379693, "mifid_a2b": 0.41900332031854975, "mifid_b2a": 0.40685263955979134, "fid": 98.45828623314931, "mifid": 0.4129279799391705, "composite": 49.43560710654424}
EVAL {"step": 3000, "variant": "ema_slow", "fid_a2b": 97.98362754770093, "fid_b2a": 98.46874984737201, "mifid_a2b": 0.4183274475698419, "mifid_b2a": 0.40609917627641995, "fid": 98.22618869753647, "mifid": 0.41221331192313093, "composite": 49.3192010047298}
EVAL {"step": 3000, "variant": "raw", "fid_a2b": 109.8876712882977, "fid_b2a": 99.90591627267983, "mifid_a2b": 0.4217140053283615, "mifid_b2a": 0.40297647381047197, "fid": 104.89679378048876, "mifid": 0.4123452395694167, "composite": 52.65456951002909}
step 3050/79000 G=1.662 Dp=0.213 Dm=0.137 cyc_w=5.00 id_w=0.00 2.44 it/s
step 3100/79000 G=1.956 Dp=0.106 Dm=0.105 cyc_w=5.00 id_w=0.00 2.46 it/s
step 3150/79000 G=1.762 Dp=0.149 Dm=0.122 cyc_w=5.00 id_w=0.00 2.48 it/s
step 3200/79000 G=1.706 Dp=0.176 Dm=0.101 cyc_w=5.00 id_w=0.00 2.48 it/s
step 3250/79000 G=1.572 Dp=0.197 Dm=0.128 cyc_w=5.00 id_w=0.00 2.49 it/s
step 3300/79000 G=2.141 Dp=0.200 Dm=0.191 cyc_w=5.00 id_w=0.00 2.49 it/s
step 3350/79000 G=1.960 Dp=0.144 Dm=0.139 cyc_w=5.00 id_w=0.00 2.49 it/s
step 3400/79000 G=1.489 Dp=0.164 Dm=0.147 cyc_w=5.00 id_w=0.00 2.50 it/s
step 3450/79000 G=1.611 Dp=0.196 Dm=0.094 cyc_w=5.00 id_w=0.00 2.50 it/s
step 3500/79000 G=1.916 Dp=0.148 Dm=0.089 cyc_w=5.00 id_w=0.00 2.50 it/s
step 3550/79000 G=1.889 Dp=0.145 Dm=0.135 cyc_w=5.00 id_w=0.00 2.50 it/s
step 3600/79000 G=1.914 Dp=0.158 Dm=0.166 cyc_w=5.00 id_w=0.00 2.51 it/s
step 3650/79000 G=1.648 Dp=0.164 Dm=0.131 cyc_w=5.00 id_w=0.00 2.51 it/s
step 3700/79000 G=1.396 Dp=0.147 Dm=0.161 cyc_w=5.00 id_w=0.00 2.51 it/s
step 3750/79000 G=1.784 Dp=0.149 Dm=0.128 cyc_w=5.00 id_w=0.00 2.51 it/s
step 3800/79000 G=2.028 Dp=0.184 Dm=0.141 cyc_w=5.00 id_w=0.00 2.52 it/s
step 3850/79000 G=1.654 Dp=0.176 Dm=0.139 cyc_w=5.00 id_w=0.00 2.52 it/s
step 3900/79000 G=1.725 Dp=0.184 Dm=0.171 cyc_w=5.00 id_w=0.00 2.52 it/s
step 3950/79000 G=1.597 Dp=0.171 Dm=0.121 cyc_w=5.00 id_w=0.00 2.52 it/s
step 4000/79000 G=1.629 Dp=0.198 Dm=0.107 cyc_w=5.00 id_w=0.00 2.53 it/s
step 4050/79000 G=2.099 Dp=0.139 Dm=0.095 cyc_w=5.00 id_w=0.00 2.53 it/s
step 4100/79000 G=1.720 Dp=0.169 Dm=0.177 cyc_w=5.00 id_w=0.00 2.53 it/s
step 4150/79000 G=2.054 Dp=0.144 Dm=0.102 cyc_w=5.00 id_w=0.00 2.53 it/s
step 4200/79000 G=1.640 Dp=0.132 Dm=0.112 cyc_w=5.00 id_w=0.00 2.53 it/s
step 4250/79000 G=1.527 Dp=0.141 Dm=0.138 cyc_w=5.00 id_w=0.00 2.54 it/s
step 4300/79000 G=1.622 Dp=0.159 Dm=0.141 cyc_w=5.00 id_w=0.00 2.54 it/s
step 4350/79000 G=1.733 Dp=0.170 Dm=0.110 cyc_w=5.00 id_w=0.00 2.54 it/s
step 4400/79000 G=1.571 Dp=0.210 Dm=0.197 cyc_w=5.00 id_w=0.00 2.54 it/s
step 4450/79000 G=1.896 Dp=0.146 Dm=0.094 cyc_w=5.00 id_w=0.00 2.54 it/s
step 4500/79000 G=2.027 Dp=0.180 Dm=0.129 cyc_w=5.00 id_w=0.00 2.55 it/s
step 4550/79000 G=1.430 Dp=0.177 Dm=0.187 cyc_w=5.00 id_w=0.00 2.55 it/s
step 4600/79000 G=1.642 Dp=0.191 Dm=0.163 cyc_w=5.00 id_w=0.00 2.55 it/s
step 4650/79000 G=1.825 Dp=0.162 Dm=0.154 cyc_w=5.00 id_w=0.00 2.55 it/s
step 4700/79000 G=2.189 Dp=0.162 Dm=0.155 cyc_w=5.00 id_w=0.00 2.55 it/s
step 4750/79000 G=1.478 Dp=0.132 Dm=0.175 cyc_w=5.00 id_w=0.00 2.55 it/s
step 4800/79000 G=1.824 Dp=0.209 Dm=0.120 cyc_w=5.00 id_w=0.00 2.56 it/s
step 4850/79000 G=8.337 Dp=1.752 Dm=0.112 cyc_w=5.00 id_w=0.00 2.56 it/s
step 4900/79000 G=7.476 Dp=0.056 Dm=0.089 cyc_w=5.00 id_w=0.00 2.56 it/s
step 4950/79000 G=7.520 Dp=0.060 Dm=0.107 cyc_w=5.00 id_w=0.00 2.56 it/s
step 5000/79000 G=7.109 Dp=0.033 Dm=0.184 cyc_w=5.00 id_w=0.00 2.56 it/s
step 5050/79000 G=8.138 Dp=0.035 Dm=0.081 cyc_w=5.00 id_w=0.00 2.56 it/s
step 5100/79000 G=6.884 Dp=0.026 Dm=0.139 cyc_w=5.00 id_w=0.00 2.57 it/s
step 5150/79000 G=7.827 Dp=0.018 Dm=0.077 cyc_w=5.00 id_w=0.00 2.57 it/s
step 5200/79000 G=6.669 Dp=0.023 Dm=0.058 cyc_w=5.00 id_w=0.00 2.57 it/s
step 5250/79000 G=8.334 Dp=0.014 Dm=0.094 cyc_w=5.00 id_w=0.00 2.57 it/s
step 5300/79000 G=7.709 Dp=0.015 Dm=0.073 cyc_w=5.00 id_w=0.00 2.57 it/s
step 5350/79000 G=7.018 Dp=0.015 Dm=0.102 cyc_w=5.00 id_w=0.00 2.57 it/s
step 5400/79000 G=7.868 Dp=0.013 Dm=0.046 cyc_w=5.00 id_w=0.00 2.58 it/s
step 5450/79000 G=7.608 Dp=0.014 Dm=0.099 cyc_w=5.00 id_w=0.00 2.58 it/s
step 5500/79000 G=8.579 Dp=0.013 Dm=0.090 cyc_w=5.00 id_w=0.00 2.58 it/s
step 5550/79000 G=7.900 Dp=0.011 Dm=0.073 cyc_w=5.00 id_w=0.00 2.58 it/s
step 5600/79000 G=7.622 Dp=0.011 Dm=0.088 cyc_w=5.00 id_w=0.00 2.58 it/s
step 5650/79000 G=8.016 Dp=0.009 Dm=0.059 cyc_w=5.00 id_w=0.00 2.58 it/s
step 5700/79000 G=7.286 Dp=0.013 Dm=0.061 cyc_w=5.00 id_w=0.00 2.59 it/s
step 5750/79000 G=9.893 Dp=0.009 Dm=1.955 cyc_w=5.00 id_w=0.00 2.59 it/s
step 5800/79000 G=7.428 Dp=0.009 Dm=0.092 cyc_w=5.00 id_w=0.00 2.59 it/s
step 5850/79000 G=7.290 Dp=0.008 Dm=0.074 cyc_w=5.00 id_w=0.00 2.59 it/s
step 5900/79000 G=8.302 Dp=0.008 Dm=0.130 cyc_w=5.00 id_w=0.00 2.59 it/s
step 5950/79000 G=6.887 Dp=0.011 Dm=0.315 cyc_w=5.00 id_w=0.00 2.59 it/s
step 6000/79000 G=8.204 Dp=0.009 Dm=0.163 cyc_w=5.00 id_w=0.00 2.59 it/s
/workspace/Part3_Push_5090/task3_gan/srinidhi/src/cyclegan_push.py:414: LinAlgWarning: Matrix is singular. The result might be inaccurate or the array might not have a square root.
  covmean, _ = scipy.linalg.sqrtm(sigma1.dot(sigma2), disp=False)
EVAL {"step": 6000, "variant": "ema", "fid_a2b": 425.1377468404178, "fid_b2a": 150.40592283067969, "mifid_a2b": 0.7378669746814697, "mifid_b2a": 0.4095370413355793, "fid": 287.7718348355487, "mifid": 0.5737020080085244, "composite": 144.1727684217786}
EVAL {"step": 6000, "variant": "ema_slow", "fid_a2b": 103.76274702540537, "fid_b2a": 100.56515137348345, "mifid_a2b": 0.42017113155454494, "mifid_b2a": 0.40647025548466476, "fid": 102.1639491994444, "mifid": 0.4133206935196049, "composite": 51.288634946482006}
EVAL {"step": 6000, "variant": "raw", "fid_a2b": 425.1377468404178, "fid_b2a": 325.8970328409478, "mifid_a2b": 0.7378669746814697, "mifid_b2a": 0.49629107667507677, "fid": 375.51738984068277, "mifid": 0.6170790256782732, "composite": 188.06723443318052}
step 6050/79000 G=7.303 Dp=0.011 Dm=0.203 cyc_w=5.00 id_w=0.00 2.54 it/s
step 6100/79000 G=7.514 Dp=0.007 Dm=0.280 cyc_w=5.00 id_w=0.00 2.55 it/s
step 6150/79000 G=6.912 Dp=0.008 Dm=0.235 cyc_w=5.00 id_w=0.00 2.55 it/s
step 6200/79000 G=6.954 Dp=0.007 Dm=0.254 cyc_w=5.00 id_w=0.00 2.56 it/s
step 6250/79000 G=6.584 Dp=0.012 Dm=0.270 cyc_w=5.00 id_w=0.00 2.56 it/s
step 6300/79000 G=7.629 Dp=0.007 Dm=0.236 cyc_w=5.00 id_w=0.00 2.57 it/s
step 6350/79000 G=7.137 Dp=0.006 Dm=0.294 cyc_w=5.00 id_w=0.00 2.57 it/s
step 6400/79000 G=8.829 Dp=0.011 Dm=0.195 cyc_w=5.00 id_w=0.00 2.58 it/s
step 6450/79000 G=7.881 Dp=0.005 Dm=0.276 cyc_w=5.00 id_w=0.00 2.58 it/s
step 6500/79000 G=7.417 Dp=0.005 Dm=0.251 cyc_w=5.00 id_w=0.00 2.58 it/s
step 6550/79000 G=8.718 Dp=0.008 Dm=0.224 cyc_w=5.00 id_w=0.00 2.59 it/s
step 6600/79000 G=7.047 Dp=0.005 Dm=0.252 cyc_w=5.00 id_w=0.00 2.59 it/s
step 6650/79000 G=7.260 Dp=0.006 Dm=0.236 cyc_w=5.00 id_w=0.00 2.59 it/s
step 6700/79000 G=7.008 Dp=0.005 Dm=0.249 cyc_w=5.00 id_w=0.00 2.59 it/s
step 6750/79000 G=7.361 Dp=0.007 Dm=0.204 cyc_w=5.00 id_w=0.00 2.59 it/s
step 6800/79000 G=7.352 Dp=0.006 Dm=0.308 cyc_w=5.00 id_w=0.00 2.59 it/s
step 6850/79000 G=7.206 Dp=0.006 Dm=0.194 cyc_w=5.00 id_w=0.00 2.59 it/s
step 6900/79000 G=6.754 Dp=0.005 Dm=0.204 cyc_w=5.00 id_w=0.00 2.59 it/s
step 6950/79000 G=7.819 Dp=0.005 Dm=0.187 cyc_w=5.00 id_w=0.00 2.60 it/s
step 7000/79000 G=7.435 Dp=0.005 Dm=0.255 cyc_w=5.00 id_w=0.00 2.60 it/s
step 7050/79000 G=7.099 Dp=0.004 Dm=0.246 cyc_w=5.00 id_w=0.00 2.60 it/s
step 7100/79000 G=6.429 Dp=0.006 Dm=0.248 cyc_w=5.00 id_w=0.00 2.60 it/s
step 7150/79000 G=7.478 Dp=0.004 Dm=0.223 cyc_w=5.00 id_w=0.00 2.60 it/s
step 7200/79000 G=7.265 Dp=0.005 Dm=0.264 cyc_w=5.00 id_w=0.00 2.60 it/s
step 7250/79000 G=6.682 Dp=0.004 Dm=0.239 cyc_w=5.00 id_w=0.00 2.60 it/s
step 7300/79000 G=7.773 Dp=0.005 Dm=0.212 cyc_w=5.00 id_w=0.00 2.60 it/s
step 7350/79000 G=7.798 Dp=0.004 Dm=0.211 cyc_w=5.00 id_w=0.00 2.60 it/s
step 7400/79000 G=7.191 Dp=0.004 Dm=0.272 cyc_w=5.00 id_w=0.00 2.61 it/s
step 7450/79000 G=7.636 Dp=0.003 Dm=0.190 cyc_w=5.00 id_w=0.00 2.61 it/s
step 7500/79000 G=7.594 Dp=0.004 Dm=0.261 cyc_w=5.00 id_w=0.00 2.61 it/s
step 7550/79000 G=7.616 Dp=0.005 Dm=0.134 cyc_w=5.00 id_w=0.00 2.61 it/s
step 7600/79000 G=7.766 Dp=0.007 Dm=0.216 cyc_w=5.00 id_w=0.00 2.61 it/s
step 7650/79000 G=6.821 Dp=0.003 Dm=0.251 cyc_w=5.00 id_w=0.00 2.61 it/s
step 7700/79000 G=7.525 Dp=0.004 Dm=0.250 cyc_w=5.00 id_w=0.00 2.61 it/s
step 7750/79000 G=7.113 Dp=0.003 Dm=0.249 cyc_w=5.00 id_w=0.00 2.61 it/s
step 7800/79000 G=6.680 Dp=0.003 Dm=0.229 cyc_w=5.00 id_w=0.00 2.61 it/s
step 7850/79000 G=7.643 Dp=0.003 Dm=0.286 cyc_w=5.00 id_w=0.00 2.61 it/s
step 7900/79000 G=7.725 Dp=0.003 Dm=0.227 cyc_w=5.00 id_w=0.00 2.62 it/s
step 7950/79000 G=6.113 Dp=0.002 Dm=0.292 cyc_w=5.00 id_w=0.00 2.62 it/s
step 8000/79000 G=6.404 Dp=0.002 Dm=0.219 cyc_w=5.00 id_w=0.00 2.62 it/s
step 8050/79000 G=6.965 Dp=0.002 Dm=0.273 cyc_w=5.00 id_w=0.00 2.62 it/s
step 8100/79000 G=6.717 Dp=0.003 Dm=0.265 cyc_w=5.00 id_w=0.00 2.62 it/s
step 8150/79000 G=7.834 Dp=0.003 Dm=0.214 cyc_w=5.00 id_w=0.00 2.62 it/s
step 8200/79000 G=8.212 Dp=0.003 Dm=0.265 cyc_w=5.00 id_w=0.00 2.62 it/s
step 8250/79000 G=7.444 Dp=0.003 Dm=0.222 cyc_w=5.00 id_w=0.00 2.62 it/s
step 8300/79000 G=6.743 Dp=0.003 Dm=0.186 cyc_w=5.00 id_w=0.00 2.62 it/s
step 8350/79000 G=7.278 Dp=0.004 Dm=0.246 cyc_w=5.00 id_w=0.00 2.62 it/s
step 8400/79000 G=7.313 Dp=0.004 Dm=0.223 cyc_w=5.00 id_w=0.00 2.62 it/s
step 8450/79000 G=7.674 Dp=0.003 Dm=0.240 cyc_w=5.00 id_w=0.00 2.62 it/s
step 8500/79000 G=7.463 Dp=0.003 Dm=0.219 cyc_w=5.00 id_w=0.00 2.62 it/s
step 8550/79000 G=7.592 Dp=0.003 Dm=0.244 cyc_w=5.00 id_w=0.00 2.63 it/s
step 8600/79000 G=6.869 Dp=0.010 Dm=0.257 cyc_w=5.00 id_w=0.00 2.63 it/s
step 8650/79000 G=7.165 Dp=0.003 Dm=0.249 cyc_w=5.00 id_w=0.00 2.63 it/s
step 8700/79000 G=7.284 Dp=0.003 Dm=0.188 cyc_w=5.00 id_w=0.00 2.63 it/s
step 8750/79000 G=7.660 Dp=0.003 Dm=0.270 cyc_w=5.00 id_w=0.00 2.63 it/s
step 8800/79000 G=7.064 Dp=0.004 Dm=0.270 cyc_w=5.00 id_w=0.00 2.63 it/s
step 8850/79000 G=6.980 Dp=0.002 Dm=0.247 cyc_w=5.00 id_w=0.00 2.63 it/s
step 8900/79000 G=7.742 Dp=0.005 Dm=0.239 cyc_w=5.00 id_w=0.00 2.63 it/s
step 8950/79000 G=7.369 Dp=0.004 Dm=0.264 cyc_w=5.00 id_w=0.00 2.63 it/s
step 9000/79000 G=6.817 Dp=0.004 Dm=0.232 cyc_w=5.00 id_w=0.00 2.63 it/s
EVAL {"step": 9000, "variant": "ema", "fid_a2b": 425.1377468404178, "fid_b2a": 234.15815331028122, "mifid_a2b": 0.7378669746814697, "mifid_b2a": 0.447391207509185, "fid": 329.6479500753495, "mifid": 0.5926290910953274, "composite": 165.12028958322242}
EVAL {"step": 9000, "variant": "ema_slow", "fid_a2b": 389.01781246597443, "fid_b2a": 132.02054193414745, "mifid_a2b": 0.7256622049250215, "mifid_b2a": 0.4057244543108087, "fid": 260.51917720006094, "mifid": 0.5656933296179152, "composite": 130.54243526483944}
EVAL {"step": 9000, "variant": "raw", "fid_a2b": 425.1377468404178, "fid_b2a": 195.08536235632653, "mifid_a2b": 0.7378669746814697, "mifid_b2a": 0.42184355376322746, "fid": 310.11155459837215, "mifid": 0.5798552642223486, "composite": 155.34570493129726}
step 9050/79000 G=6.826 Dp=0.003 Dm=0.286 cyc_w=5.00 id_w=0.00 2.59 it/s
step 9100/79000 G=6.841 Dp=0.002 Dm=0.259 cyc_w=5.00 id_w=0.00 2.59 it/s
step 9150/79000 G=7.945 Dp=0.003 Dm=0.143 cyc_w=5.00 id_w=0.00 2.60 it/s
step 9200/79000 G=6.974 Dp=0.005 Dm=0.212 cyc_w=5.00 id_w=0.00 2.60 it/s
step 9250/79000 G=7.364 Dp=0.006 Dm=0.224 cyc_w=5.00 id_w=0.00 2.61 it/s
step 9300/79000 G=7.473 Dp=0.003 Dm=0.220 cyc_w=5.00 id_w=0.00 2.61 it/s
step 9350/79000 G=6.918 Dp=0.002 Dm=0.213 cyc_w=5.00 id_w=0.00 2.61 it/s
step 9400/79000 G=7.464 Dp=0.003 Dm=0.245 cyc_w=5.00 id_w=0.00 2.61 it/s
step 9450/79000 G=7.480 Dp=0.004 Dm=0.251 cyc_w=5.00 id_w=0.00 2.61 it/s
step 9500/79000 G=6.405 Dp=0.002 Dm=0.255 cyc_w=5.00 id_w=0.00 2.62 it/s
step 9550/79000 G=7.374 Dp=0.004 Dm=0.259 cyc_w=5.00 id_w=0.00 2.62 it/s
step 9600/79000 G=7.080 Dp=0.008 Dm=0.232 cyc_w=5.00 id_w=0.00 2.62 it/s
step 9650/79000 G=6.953 Dp=0.003 Dm=0.254 cyc_w=5.00 id_w=0.00 2.62 it/s
step 9700/79000 G=7.039 Dp=0.003 Dm=0.229 cyc_w=5.00 id_w=0.00 2.63 it/s
step 9750/79000 G=7.589 Dp=0.004 Dm=0.254 cyc_w=5.00 id_w=0.00 2.63 it/s
step 9800/79000 G=7.452 Dp=0.006 Dm=0.218 cyc_w=5.00 id_w=0.00 2.63 it/s
step 9850/79000 G=7.815 Dp=0.004 Dm=0.283 cyc_w=5.00 id_w=0.00 2.63 it/s
step 9900/79000 G=7.555 Dp=0.012 Dm=0.251 cyc_w=5.00 id_w=0.00 2.63 it/s
step 9950/79000 G=7.734 Dp=0.022 Dm=0.245 cyc_w=5.00 id_w=0.00 2.64 it/s
step 10000/79000 G=7.289 Dp=0.003 Dm=0.268 cyc_w=5.00 id_w=0.00 2.64 it/s
step 10050/79000 G=6.659 Dp=0.002 Dm=0.281 cyc_w=5.00 id_w=0.00 2.64 it/s
step 10100/79000 G=6.953 Dp=0.001 Dm=0.184 cyc_w=5.00 id_w=0.00 2.64 it/s
step 10150/79000 G=7.000 Dp=0.005 Dm=0.214 cyc_w=5.00 id_w=0.00 2.64 it/s
step 10200/79000 G=6.493 Dp=0.007 Dm=0.216 cyc_w=5.00 id_w=0.00 2.64 it/s
step 10250/79000 G=7.509 Dp=0.003 Dm=0.234 cyc_w=5.00 id_w=0.00 2.64 it/s
step 10300/79000 G=6.874 Dp=0.003 Dm=0.180 cyc_w=5.00 id_w=0.00 2.64 it/s
step 10350/79000 G=7.026 Dp=0.004 Dm=0.262 cyc_w=5.00 id_w=0.00 2.64 it/s
step 10400/79000 G=7.917 Dp=0.004 Dm=0.229 cyc_w=5.00 id_w=0.00 2.64 it/s
step 10450/79000 G=7.898 Dp=0.003 Dm=0.243 cyc_w=5.00 id_w=0.00 2.64 it/s
step 10500/79000 G=7.534 Dp=0.009 Dm=0.224 cyc_w=5.00 id_w=0.00 2.64 it/s
step 10550/79000 G=6.851 Dp=0.002 Dm=0.260 cyc_w=5.00 id_w=0.00 2.64 it/s
step 10600/79000 G=6.441 Dp=0.006 Dm=0.245 cyc_w=5.00 id_w=0.00 2.64 it/s
step 10650/79000 G=7.481 Dp=0.003 Dm=0.200 cyc_w=5.00 id_w=0.00 2.64 it/s
step 10700/79000 G=7.644 Dp=0.007 Dm=0.244 cyc_w=5.00 id_w=0.00 2.64 it/s
step 10750/79000 G=7.793 Dp=0.005 Dm=0.202 cyc_w=5.00 id_w=0.00 2.64 it/s
step 10800/79000 G=7.470 Dp=0.002 Dm=0.209 cyc_w=5.00 id_w=0.00 2.65 it/s
step 10850/79000 G=8.367 Dp=0.014 Dm=0.245 cyc_w=5.00 id_w=0.00 2.65 it/s
step 10900/79000 G=7.653 Dp=0.002 Dm=0.269 cyc_w=5.00 id_w=0.00 2.65 it/s
step 10950/79000 G=6.419 Dp=0.002 Dm=0.262 cyc_w=5.00 id_w=0.00 2.65 it/s
step 11000/79000 G=7.266 Dp=0.006 Dm=0.266 cyc_w=5.00 id_w=0.00 2.65 it/s
step 11050/79000 G=7.900 Dp=0.004 Dm=0.276 cyc_w=5.00 id_w=0.00 2.65 it/s
step 11100/79000 G=7.520 Dp=0.010 Dm=0.356 cyc_w=5.00 id_w=0.00 2.65 it/s
step 11150/79000 G=7.164 Dp=0.002 Dm=0.185 cyc_w=5.00 id_w=0.00 2.65 it/s
step 11200/79000 G=7.798 Dp=0.002 Dm=0.261 cyc_w=5.00 id_w=0.00 2.65 it/s
step 11250/79000 G=6.915 Dp=0.002 Dm=0.282 cyc_w=5.00 id_w=0.00 2.65 it/s
step 11300/79000 G=7.620 Dp=0.001 Dm=0.189 cyc_w=5.00 id_w=0.00 2.65 it/s
step 11350/79000 G=7.409 Dp=0.021 Dm=0.146 cyc_w=5.00 id_w=0.00 2.65 it/s
step 11400/79000 G=7.584 Dp=0.001 Dm=0.156 cyc_w=5.00 id_w=0.00 2.65 it/s
step 11450/79000 G=7.650 Dp=0.003 Dm=0.155 cyc_w=5.00 id_w=0.00 2.65 it/s
step 11500/79000 G=7.571 Dp=0.004 Dm=0.194 cyc_w=5.00 id_w=0.00 2.65 it/s
step 11550/79000 G=7.512 Dp=0.007 Dm=0.154 cyc_w=5.00 id_w=0.00 2.65 it/s
step 11600/79000 G=8.121 Dp=0.006 Dm=0.169 cyc_w=5.00 id_w=0.00 2.65 it/s
step 11650/79000 G=6.892 Dp=0.006 Dm=0.237 cyc_w=5.00 id_w=0.00 2.65 it/s
step 11700/79000 G=7.357 Dp=0.002 Dm=0.113 cyc_w=5.00 id_w=0.00 2.65 it/s
step 11750/79000 G=6.897 Dp=0.004 Dm=0.175 cyc_w=5.00 id_w=0.00 2.65 it/s
step 11800/79000 G=7.248 Dp=0.007 Dm=0.133 cyc_w=5.00 id_w=0.00 2.65 it/s
step 11850/79000 G=6.287 Dp=0.004 Dm=0.175 cyc_w=5.00 id_w=0.00 2.66 it/s
step 11900/79000 G=8.018 Dp=0.002 Dm=0.128 cyc_w=5.00 id_w=0.00 2.66 it/s
step 11950/79000 G=7.160 Dp=0.005 Dm=0.201 cyc_w=5.00 id_w=0.00 2.66 it/s
step 12000/79000 G=7.076 Dp=0.025 Dm=0.157 cyc_w=5.00 id_w=0.00 2.66 it/s
EVAL {"step": 12000, "variant": "ema", "fid_a2b": 425.1377468404178, "fid_b2a": 224.68818128452807, "mifid_a2b": 0.7378669746814697, "mifid_b2a": 0.4426822936613136, "fid": 324.91296406247295, "mifid": 0.5902746341713916, "composite": 162.75161934832218}
EVAL {"step": 12000, "variant": "ema_slow", "fid_a2b": 425.01934369164724, "fid_b2a": 163.1642826054644, "mifid_a2b": 0.7378759748833784, "mifid_b2a": 0.4184256018524523, "fid": 294.09181314855584, "mifid": 0.5781507883679153, "composite": 147.33498196846188}
EVAL {"step": 12000, "variant": "raw", "fid_a2b": 425.1377468404178, "fid_b2a": 215.89678781217975, "mifid_a2b": 0.7378669746814697, "mifid_b2a": 0.41017958910643765, "fid": 320.5172673262988, "mifid": 0.5740232818939537, "composite": 160.54564530409638}
step 12050/79000 G=7.860 Dp=0.002 Dm=0.110 cyc_w=5.00 id_w=0.00 2.62 it/s
step 12100/79000 G=6.843 Dp=0.003 Dm=0.206 cyc_w=5.00 id_w=0.00 2.63 it/s
step 12150/79000 G=7.977 Dp=0.003 Dm=0.150 cyc_w=5.00 id_w=0.00 2.63 it/s
step 12200/79000 G=7.487 Dp=0.003 Dm=0.188 cyc_w=5.00 id_w=0.00 2.63 it/s
step 12250/79000 G=7.216 Dp=0.005 Dm=0.137 cyc_w=5.00 id_w=0.00 2.63 it/s
step 12300/79000 G=8.031 Dp=0.011 Dm=0.234 cyc_w=5.00 id_w=0.00 2.63 it/s
step 12350/79000 G=7.150 Dp=0.015 Dm=0.177 cyc_w=5.00 id_w=0.00 2.63 it/s
step 12400/79000 G=7.210 Dp=0.001 Dm=0.209 cyc_w=5.00 id_w=0.00 2.64 it/s
step 12450/79000 G=7.229 Dp=0.008 Dm=0.169 cyc_w=5.00 id_w=0.00 2.64 it/s
step 12500/79000 G=8.164 Dp=0.001 Dm=0.160 cyc_w=5.00 id_w=0.00 2.64 it/s
step 12550/79000 G=6.550 Dp=0.002 Dm=0.148 cyc_w=5.00 id_w=0.00 2.64 it/s
step 12600/79000 G=6.963 Dp=0.009 Dm=0.128 cyc_w=5.00 id_w=0.00 2.64 it/s
step 12650/79000 G=7.290 Dp=0.002 Dm=0.144 cyc_w=5.00 id_w=0.00 2.64 it/s
step 12700/79000 G=7.476 Dp=0.004 Dm=0.112 cyc_w=5.00 id_w=0.00 2.64 it/s
step 12750/79000 G=7.674 Dp=0.007 Dm=0.180 cyc_w=5.00 id_w=0.00 2.64 it/s
step 12800/79000 G=7.390 Dp=0.006 Dm=0.120 cyc_w=5.00 id_w=0.00 2.65 it/s
step 12850/79000 G=7.678 Dp=0.004 Dm=0.150 cyc_w=5.00 id_w=0.00 2.65 it/s
step 12900/79000 G=7.328 Dp=0.026 Dm=0.133 cyc_w=5.00 id_w=0.00 2.65 it/s
step 12950/79000 G=8.383 Dp=0.002 Dm=0.123 cyc_w=5.00 id_w=0.00 2.65 it/s
step 13000/79000 G=7.692 Dp=0.015 Dm=0.192 cyc_w=5.00 id_w=0.00 2.65 it/s
step 13050/79000 G=7.851 Dp=0.004 Dm=0.121 cyc_w=5.00 id_w=0.00 2.65 it/s
step 13100/79000 G=8.900 Dp=0.002 Dm=0.091 cyc_w=5.00 id_w=0.00 2.66 it/s
step 13150/79000 G=6.775 Dp=0.003 Dm=0.162 cyc_w=5.00 id_w=0.00 2.66 it/s
step 13200/79000 G=7.311 Dp=0.007 Dm=0.097 cyc_w=5.00 id_w=0.00 2.66 it/s
step 13250/79000 G=6.822 Dp=0.002 Dm=0.131 cyc_w=5.00 id_w=0.00 2.66 it/s
step 13300/79000 G=7.451 Dp=0.004 Dm=0.230 cyc_w=5.00 id_w=0.00 2.66 it/s
step 13350/79000 G=7.838 Dp=0.005 Dm=0.117 cyc_w=5.00 id_w=0.00 2.66 it/s
step 13400/79000 G=6.628 Dp=0.003 Dm=0.095 cyc_w=5.00 id_w=0.00 2.66 it/s
step 13450/79000 G=7.512 Dp=0.004 Dm=0.162 cyc_w=5.00 id_w=0.00 2.66 it/s
step 13500/79000 G=7.560 Dp=0.003 Dm=0.122 cyc_w=5.00 id_w=0.00 2.66 it/s
step 13550/79000 G=7.210 Dp=0.008 Dm=0.088 cyc_w=5.00 id_w=0.00 2.66 it/s
step 13600/79000 G=7.852 Dp=0.006 Dm=0.108 cyc_w=5.00 id_w=0.00 2.66 it/s
step 13650/79000 G=7.703 Dp=0.008 Dm=0.118 cyc_w=5.00 id_w=0.00 2.66 it/s
step 13700/79000 G=6.711 Dp=0.001 Dm=0.106 cyc_w=5.00 id_w=0.00 2.66 it/s
step 13750/79000 G=7.560 Dp=0.007 Dm=0.112 cyc_w=5.00 id_w=0.00 2.66 it/s
step 13800/79000 G=6.845 Dp=0.005 Dm=0.117 cyc_w=5.00 id_w=0.00 2.66 it/s
step 13850/79000 G=7.797 Dp=0.001 Dm=0.100 cyc_w=5.00 id_w=0.00 2.66 it/s
step 13900/79000 G=8.163 Dp=0.001 Dm=0.082 cyc_w=5.00 id_w=0.00 2.66 it/s
step 13950/79000 G=6.974 Dp=0.002 Dm=0.150 cyc_w=5.00 id_w=0.00 2.66 it/s
step 14000/79000 G=7.641 Dp=0.002 Dm=0.093 cyc_w=5.00 id_w=0.00 2.66 it/s
step 14050/79000 G=6.640 Dp=0.002 Dm=0.195 cyc_w=5.00 id_w=0.00 2.67 it/s
step 14100/79000 G=7.698 Dp=0.007 Dm=0.196 cyc_w=5.00 id_w=0.00 2.67 it/s
step 14150/79000 G=7.761 Dp=0.001 Dm=0.097 cyc_w=5.00 id_w=0.00 2.67 it/s
step 14200/79000 G=6.680 Dp=0.001 Dm=0.127 cyc_w=5.00 id_w=0.00 2.67 it/s
step 14250/79000 G=7.139 Dp=0.002 Dm=0.061 cyc_w=5.00 id_w=0.00 2.67 it/s
step 14300/79000 G=8.049 Dp=0.001 Dm=0.115 cyc_w=5.00 id_w=0.00 2.67 it/s
step 14350/79000 G=6.566 Dp=0.001 Dm=0.103 cyc_w=5.00 id_w=0.00 2.67 it/s
step 14400/79000 G=7.251 Dp=0.002 Dm=0.068 cyc_w=5.00 id_w=0.00 2.67 it/s
step 14450/79000 G=7.192 Dp=0.002 Dm=0.133 cyc_w=5.00 id_w=0.00 2.67 it/s
step 14500/79000 G=7.384 Dp=0.005 Dm=0.088 cyc_w=5.00 id_w=0.00 2.67 it/s
step 14550/79000 G=7.397 Dp=0.003 Dm=0.095 cyc_w=5.00 id_w=0.00 2.67 it/s
step 14600/79000 G=7.302 Dp=0.003 Dm=0.071 cyc_w=5.00 id_w=0.00 2.67 it/s
step 14650/79000 G=7.243 Dp=0.002 Dm=0.131 cyc_w=5.00 id_w=0.00 2.67 it/s
step 14700/79000 G=7.794 Dp=0.002 Dm=0.119 cyc_w=5.00 id_w=0.00 2.67 it/s
step 14750/79000 G=7.014 Dp=0.003 Dm=0.160 cyc_w=5.00 id_w=0.00 2.67 it/s
step 14800/79000 G=7.491 Dp=0.005 Dm=0.057 cyc_w=5.00 id_w=0.00 2.67 it/s
step 14850/79000 G=6.536 Dp=0.002 Dm=0.148 cyc_w=5.00 id_w=0.00 2.67 it/s
step 14900/79000 G=8.242 Dp=0.003 Dm=0.125 cyc_w=5.00 id_w=0.00 2.67 it/s
step 14950/79000 G=7.776 Dp=0.007 Dm=0.098 cyc_w=5.00 id_w=0.00 2.67 it/s
step 15000/79000 G=7.102 Dp=0.008 Dm=0.192 cyc_w=5.00 id_w=0.00 2.67 it/s
EVAL {"step": 15000, "variant": "ema", "fid_a2b": 425.1377468404178, "fid_b2a": 153.06996107229457, "mifid_a2b": 0.7378669746814697, "mifid_b2a": 0.4186202255841291, "fid": 289.10385395635615, "mifid": 0.5782436001327994, "composite": 144.84104877824447}
EVAL {"step": 15000, "variant": "ema_slow", "fid_a2b": 425.1377468404178, "fid_b2a": 161.6067200699419, "mifid_a2b": 0.7378669746814697, "mifid_b2a": 0.4265606257514579, "fid": 293.37223345517987, "mifid": 0.5822138002164639, "composite": 146.97722362769815}
EVAL {"step": 15000, "variant": "raw", "fid_a2b": 425.1377468404178, "fid_b2a": 275.5566297477867, "mifid_a2b": 0.7378669746814697, "mifid_b2a": 0.46725901685971594, "fid": 350.34718829410224, "mifid": 0.6025629957705928, "composite": 175.47487564493642}
step 15050/79000 G=6.928 Dp=0.004 Dm=0.193 cyc_w=5.00 id_w=0.00 2.65 it/s
step 15100/79000 G=7.039 Dp=0.003 Dm=0.258 cyc_w=5.00 id_w=0.00 2.65 it/s
step 15150/79000 G=7.091 Dp=0.006 Dm=0.227 cyc_w=5.00 id_w=0.00 2.65 it/s
step 15200/79000 G=6.945 Dp=0.001 Dm=0.180 cyc_w=5.00 id_w=0.00 2.65 it/s
step 15250/79000 G=7.931 Dp=0.003 Dm=0.231 cyc_w=5.00 id_w=0.00 2.65 it/s
step 15300/79000 G=6.997 Dp=0.001 Dm=0.235 cyc_w=5.00 id_w=0.00 2.65 it/s
step 15350/79000 G=8.215 Dp=0.003 Dm=0.263 cyc_w=5.00 id_w=0.00 2.65 it/s
step 15400/79000 G=7.356 Dp=0.001 Dm=0.144 cyc_w=5.00 id_w=0.00 2.65 it/s
step 15450/79000 G=7.484 Dp=0.008 Dm=0.229 cyc_w=5.00 id_w=0.00 2.65 it/s
step 15500/79000 G=7.968 Dp=0.007 Dm=0.217 cyc_w=5.00 id_w=0.00 2.65 it/s
step 15550/79000 G=6.900 Dp=0.001 Dm=0.172 cyc_w=5.00 id_w=0.00 2.66 it/s
step 15600/79000 G=7.698 Dp=0.003 Dm=0.211 cyc_w=5.00 id_w=0.00 2.66 it/s
step 15650/79000 G=6.958 Dp=0.006 Dm=0.238 cyc_w=5.00 id_w=0.00 2.66 it/s
step 15700/79000 G=7.132 Dp=0.001 Dm=0.248 cyc_w=5.00 id_w=0.00 2.66 it/s
step 15750/79000 G=6.756 Dp=0.009 Dm=0.256 cyc_w=5.00 id_w=0.00 2.66 it/s
step 15800/79000 G=6.838 Dp=0.002 Dm=0.178 cyc_w=5.00 id_w=0.00 2.66 it/s
step 15850/79000 G=6.439 Dp=0.003 Dm=0.208 cyc_w=5.00 id_w=0.00 2.66 it/s
step 15900/79000 G=7.370 Dp=0.003 Dm=0.219 cyc_w=5.00 id_w=0.00 2.66 it/s
step 15950/79000 G=7.770 Dp=0.003 Dm=0.187 cyc_w=5.00 id_w=0.00 2.66 it/s
step 16000/79000 G=7.545 Dp=0.010 Dm=0.212 cyc_w=5.00 id_w=0.00 2.66 it/s
step 16050/79000 G=7.678 Dp=0.006 Dm=0.144 cyc_w=5.00 id_w=0.00 2.66 it/s
step 16100/79000 G=7.471 Dp=0.001 Dm=0.180 cyc_w=5.00 id_w=0.00 2.66 it/s
step 16150/79000 G=7.980 Dp=0.026 Dm=0.192 cyc_w=5.00 id_w=0.00 2.66 it/s
step 16200/79000 G=7.613 Dp=0.001 Dm=0.188 cyc_w=5.00 id_w=0.00 2.66 it/s
step 16250/79000 G=8.018 Dp=0.001 Dm=0.218 cyc_w=5.00 id_w=0.00 2.66 it/s
step 16300/79000 G=7.414 Dp=0.003 Dm=0.158 cyc_w=5.00 id_w=0.00 2.67 it/s
step 16350/79000 G=7.379 Dp=0.003 Dm=0.200 cyc_w=5.00 id_w=0.00 2.67 it/s
step 16400/79000 G=6.984 Dp=0.002 Dm=0.204 cyc_w=5.00 id_w=0.00 2.67 it/s
step 16450/79000 G=8.873 Dp=0.004 Dm=0.103 cyc_w=5.00 id_w=0.00 2.67 it/s
step 16500/79000 G=6.820 Dp=0.002 Dm=0.198 cyc_w=5.00 id_w=0.00 2.67 it/s
step 16550/79000 G=7.336 Dp=0.003 Dm=0.142 cyc_w=5.00 id_w=0.00 2.67 it/s
step 16600/79000 G=6.753 Dp=0.002 Dm=0.230 cyc_w=5.00 id_w=0.00 2.67 it/s
step 16650/79000 G=7.433 Dp=0.004 Dm=0.146 cyc_w=5.00 id_w=0.00 2.67 it/s
step 16700/79000 G=6.785 Dp=0.002 Dm=0.139 cyc_w=5.00 id_w=0.00 2.68 it/s
step 16750/79000 G=7.597 Dp=0.005 Dm=0.099 cyc_w=5.00 id_w=0.00 2.68 it/s
step 16800/79000 G=7.198 Dp=0.002 Dm=0.200 cyc_w=5.00 id_w=0.00 2.68 it/s
step 16850/79000 G=7.836 Dp=0.003 Dm=0.177 cyc_w=5.00 id_w=0.00 2.68 it/s
step 16900/79000 G=7.535 Dp=0.001 Dm=0.144 cyc_w=5.00 id_w=0.00 2.68 it/s
step 16950/79000 G=8.210 Dp=0.013 Dm=0.154 cyc_w=5.00 id_w=0.00 2.68 it/s
step 17000/79000 G=6.850 Dp=0.001 Dm=0.117 cyc_w=5.00 id_w=0.00 2.68 it/s
step 17050/79000 G=6.942 Dp=0.001 Dm=0.184 cyc_w=5.00 id_w=0.00 2.68 it/s
step 17100/79000 G=7.242 Dp=0.030 Dm=0.144 cyc_w=5.00 id_w=0.00 2.68 it/s
step 17150/79000 G=8.262 Dp=0.002 Dm=0.083 cyc_w=5.00 id_w=0.00 2.68 it/s
step 17200/79000 G=7.143 Dp=0.003 Dm=0.094 cyc_w=5.00 id_w=0.00 2.68 it/s
step 17250/79000 G=7.942 Dp=0.002 Dm=0.118 cyc_w=5.00 id_w=0.00 2.68 it/s
step 17300/79000 G=7.648 Dp=0.003 Dm=0.115 cyc_w=5.00 id_w=0.00 2.68 it/s
step 17350/79000 G=7.801 Dp=0.003 Dm=0.100 cyc_w=5.00 id_w=0.00 2.68 it/s
step 17400/79000 G=6.665 Dp=0.003 Dm=0.103 cyc_w=5.00 id_w=0.00 2.68 it/s
step 17450/79000 G=6.622 Dp=0.005 Dm=0.142 cyc_w=5.00 id_w=0.00 2.68 it/s
step 17500/79000 G=6.961 Dp=0.005 Dm=0.163 cyc_w=5.00 id_w=0.00 2.68 it/s
step 17550/79000 G=7.932 Dp=0.003 Dm=0.068 cyc_w=5.00 id_w=0.00 2.68 it/s
step 17600/79000 G=6.921 Dp=0.004 Dm=0.130 cyc_w=5.00 id_w=0.00 2.68 it/s
step 17650/79000 G=7.069 Dp=0.002 Dm=0.098 cyc_w=5.00 id_w=0.00 2.68 it/s
step 17700/79000 G=8.000 Dp=0.001 Dm=0.121 cyc_w=5.00 id_w=0.00 2.68 it/s
step 17750/79000 G=7.932 Dp=0.004 Dm=0.246 cyc_w=5.00 id_w=0.00 2.68 it/s
step 17800/79000 G=6.499 Dp=0.004 Dm=0.120 cyc_w=5.00 id_w=0.00 2.68 it/s
step 17850/79000 G=6.691 Dp=0.005 Dm=0.110 cyc_w=5.00 id_w=0.00 2.68 it/s
step 17900/79000 G=7.159 Dp=0.002 Dm=0.145 cyc_w=5.00 id_w=0.00 2.68 it/s
step 17950/79000 G=7.474 Dp=0.005 Dm=0.091 cyc_w=5.00 id_w=0.00 2.68 it/s
step 18000/79000 G=7.143 Dp=0.000 Dm=0.133 cyc_w=5.00 id_w=0.00 2.68 it/s
EVAL {"step": 18000, "variant": "ema", "fid_a2b": 425.1377468404178, "fid_b2a": 139.56699528301144, "mifid_a2b": 0.7378669746814697, "mifid_b2a": 0.4054103400196481, "fid": 282.3523710617146, "mifid": 0.5716386573505589, "composite": 141.46200485953258}
EVAL {"step": 18000, "variant": "ema_slow", "fid_a2b": 425.1377468404178, "fid_b2a": 157.5872680749989, "mifid_a2b": 0.7378669746814697, "mifid_b2a": 0.42655875249694064, "fid": 291.3625074577083, "mifid": 0.5822128635892052, "composite": 145.97236016064875}
EVAL {"step": 18000, "variant": "raw", "fid_a2b": 425.1377468404178, "fid_b2a": 142.25544150187739, "mifid_a2b": 0.7378669746814697, "mifid_b2a": 0.38064101261653616, "fid": 283.6965941711476, "mifid": 0.5592539936490029, "composite": 142.1279240823983}
step 18050/79000 G=6.122 Dp=0.001 Dm=0.120 cyc_w=5.00 id_w=0.00 2.66 it/s
step 18100/79000 G=7.961 Dp=0.002 Dm=0.068 cyc_w=5.00 id_w=0.00 2.66 it/s
step 18150/79000 G=6.976 Dp=0.002 Dm=0.128 cyc_w=5.00 id_w=0.00 2.66 it/s
step 18200/79000 G=7.017 Dp=0.004 Dm=0.124 cyc_w=5.00 id_w=0.00 2.66 it/s
step 18250/79000 G=7.360 Dp=0.001 Dm=0.090 cyc_w=5.00 id_w=0.00 2.66 it/s
step 18300/79000 G=7.084 Dp=0.001 Dm=0.116 cyc_w=5.00 id_w=0.00 2.66 it/s
step 18350/79000 G=9.325 Dp=0.002 Dm=0.025 cyc_w=5.00 id_w=0.00 2.66 it/s
step 18400/79000 G=7.556 Dp=0.001 Dm=0.110 cyc_w=5.00 id_w=0.00 2.66 it/s
step 18450/79000 G=6.902 Dp=0.009 Dm=0.108 cyc_w=5.00 id_w=0.00 2.66 it/s
step 18500/79000 G=8.642 Dp=0.000 Dm=0.077 cyc_w=5.00 id_w=0.00 2.66 it/s
step 18550/79000 G=7.209 Dp=0.001 Dm=0.176 cyc_w=5.00 id_w=0.00 2.66 it/s
step 18600/79000 G=8.100 Dp=0.006 Dm=0.100 cyc_w=5.00 id_w=0.00 2.66 it/s
step 18650/79000 G=7.724 Dp=0.001 Dm=0.099 cyc_w=5.00 id_w=0.00 2.67 it/s
step 18700/79000 G=7.117 Dp=0.004 Dm=0.130 cyc_w=5.00 id_w=0.00 2.67 it/s
step 18750/79000 G=7.875 Dp=0.003 Dm=0.192 cyc_w=5.00 id_w=0.00 2.67 it/s
step 18800/79000 G=7.598 Dp=0.009 Dm=0.156 cyc_w=5.00 id_w=0.00 2.67 it/s
step 18850/79000 G=8.249 Dp=0.003 Dm=0.103 cyc_w=5.00 id_w=0.00 2.67 it/s
step 18900/79000 G=8.041 Dp=0.002 Dm=0.143 cyc_w=5.00 id_w=0.00 2.67 it/s
step 18950/79000 G=7.666 Dp=0.005 Dm=0.147 cyc_w=5.00 id_w=0.00 2.67 it/s
step 19000/79000 G=7.248 Dp=0.002 Dm=0.111 cyc_w=5.00 id_w=0.00 2.67 it/s
step 19050/79000 G=5.796 Dp=0.003 Dm=0.142 cyc_w=5.00 id_w=0.00 2.67 it/s
step 19100/79000 G=8.129 Dp=0.001 Dm=0.063 cyc_w=5.00 id_w=0.00 2.67 it/s
step 19150/79000 G=8.347 Dp=0.006 Dm=0.181 cyc_w=5.00 id_w=0.00 2.67 it/s
step 19200/79000 G=7.884 Dp=0.001 Dm=0.100 cyc_w=5.00 id_w=0.00 2.67 it/s
step 19250/79000 G=6.471 Dp=0.002 Dm=0.140 cyc_w=5.00 id_w=0.00 2.67 it/s
step 19300/79000 G=7.817 Dp=0.008 Dm=0.276 cyc_w=5.00 id_w=0.00 2.67 it/s
step 19350/79000 G=7.612 Dp=0.005 Dm=0.106 cyc_w=5.00 id_w=0.00 2.68 it/s
step 19400/79000 G=6.278 Dp=0.001 Dm=0.139 cyc_w=5.00 id_w=0.00 2.68 it/s
step 19450/79000 G=7.836 Dp=0.001 Dm=0.116 cyc_w=5.00 id_w=0.00 2.68 it/s
step 19500/79000 G=7.334 Dp=0.002 Dm=0.068 cyc_w=5.00 id_w=0.00 2.68 it/s
step 19550/79000 G=7.339 Dp=0.003 Dm=0.093 cyc_w=5.00 id_w=0.00 2.68 it/s
step 19600/79000 G=7.585 Dp=0.000 Dm=0.090 cyc_w=5.00 id_w=0.00 2.68 it/s
step 19650/79000 G=8.319 Dp=0.003 Dm=0.230 cyc_w=5.00 id_w=0.00 2.68 it/s
step 19700/79000 G=7.383 Dp=0.001 Dm=0.089 cyc_w=5.00 id_w=0.00 2.68 it/s
step 19750/79000 G=7.441 Dp=0.001 Dm=0.171 cyc_w=5.00 id_w=0.00 2.68 it/s
step 19800/79000 G=7.630 Dp=0.007 Dm=0.185 cyc_w=5.00 id_w=0.00 2.68 it/s
step 19850/79000 G=7.317 Dp=0.001 Dm=0.060 cyc_w=5.00 id_w=0.00 2.68 it/s
step 19900/79000 G=6.906 Dp=0.000 Dm=0.146 cyc_w=5.00 id_w=0.00 2.68 it/s
step 19950/79000 G=6.690 Dp=0.003 Dm=0.221 cyc_w=5.00 id_w=0.00 2.68 it/s
step 20000/79000 G=8.413 Dp=0.001 Dm=0.098 cyc_w=5.00 id_w=0.00 2.68 it/s
step 20050/79000 G=6.969 Dp=0.000 Dm=0.094 cyc_w=5.00 id_w=0.00 2.68 it/s
step 20100/79000 G=8.641 Dp=0.000 Dm=0.156 cyc_w=5.00 id_w=0.00 2.69 it/s
step 20150/79000 G=7.702 Dp=0.008 Dm=0.103 cyc_w=5.00 id_w=0.00 2.69 it/s
step 20200/79000 G=8.202 Dp=0.001 Dm=0.145 cyc_w=5.00 id_w=0.00 2.69 it/s
step 20250/79000 G=7.341 Dp=0.003 Dm=0.128 cyc_w=5.00 id_w=0.00 2.69 it/s
step 20300/79000 G=7.363 Dp=0.001 Dm=0.117 cyc_w=5.00 id_w=0.00 2.69 it/s
step 20350/79000 G=7.097 Dp=0.002 Dm=0.143 cyc_w=5.00 id_w=0.00 2.69 it/s
step 20400/79000 G=8.032 Dp=0.014 Dm=0.111 cyc_w=5.00 id_w=0.00 2.69 it/s
step 20450/79000 G=7.471 Dp=0.002 Dm=0.054 cyc_w=5.00 id_w=0.00 2.69 it/s
step 20500/79000 G=8.123 Dp=0.002 Dm=0.082 cyc_w=5.00 id_w=0.00 2.69 it/s
step 20550/79000 G=8.161 Dp=0.001 Dm=0.118 cyc_w=5.00 id_w=0.00 2.69 it/s
step 20600/79000 G=7.564 Dp=0.001 Dm=0.067 cyc_w=5.00 id_w=0.00 2.69 it/s
step 20650/79000 G=7.364 Dp=0.001 Dm=0.071 cyc_w=5.00 id_w=0.00 2.69 it/s
step 20700/79000 G=7.507 Dp=0.001 Dm=0.164 cyc_w=5.00 id_w=0.00 2.69 it/s
step 20750/79000 G=7.667 Dp=0.001 Dm=0.115 cyc_w=5.00 id_w=0.00 2.69 it/s
step 20800/79000 G=7.819 Dp=0.001 Dm=0.103 cyc_w=5.00 id_w=0.00 2.69 it/s
step 20850/79000 G=7.952 Dp=0.000 Dm=0.170 cyc_w=5.00 id_w=0.00 2.69 it/s
step 20900/79000 G=8.450 Dp=0.001 Dm=0.245 cyc_w=5.00 id_w=0.00 2.69 it/s
step 20950/79000 G=7.943 Dp=0.001 Dm=0.083 cyc_w=5.00 id_w=0.00 2.69 it/s
step 21000/79000 G=7.715 Dp=0.001 Dm=0.097 cyc_w=5.00 id_w=0.00 2.69 it/s
EVAL {"step": 21000, "variant": "ema", "fid_a2b": 425.1377468404178, "fid_b2a": 135.78424373162113, "mifid_a2b": 0.7378669746814697, "mifid_b2a": 0.4036461993375561, "fid": 280.46099528601945, "mifid": 0.5707565870095128, "composite": 140.51587593651448}
EVAL {"step": 21000, "variant": "ema_slow", "fid_a2b": 425.1377468404178, "fid_b2a": 161.2659823460812, "mifid_a2b": 0.7378669746814697, "mifid_b2a": 0.4237059319724175, "fid": 293.20186459324947, "mifid": 0.5807864533269436, "composite": 146.8913255232882}
EVAL {"step": 21000, "variant": "raw", "fid_a2b": 425.1377468404178, "fid_b2a": 151.40298819383256, "mifid_a2b": 0.7378669746814697, "mifid_b2a": 0.3808734643813378, "fid": 288.2703675171252, "mifid": 0.5593702195314038, "composite": 144.41486886832828}
step 21050/79000 G=6.816 Dp=0.001 Dm=0.068 cyc_w=5.00 id_w=0.00 2.67 it/s
step 21100/79000 G=6.833 Dp=0.010 Dm=0.081 cyc_w=5.00 id_w=0.00 2.67 it/s
step 21150/79000 G=8.032 Dp=0.001 Dm=0.090 cyc_w=5.00 id_w=0.00 2.67 it/s
step 21200/79000 G=7.876 Dp=0.001 Dm=0.094 cyc_w=5.00 id_w=0.00 2.67 it/s
step 21250/79000 G=7.741 Dp=0.001 Dm=0.121 cyc_w=5.00 id_w=0.00 2.67 it/s
step 21300/79000 G=7.823 Dp=0.002 Dm=0.122 cyc_w=5.00 id_w=0.00 2.67 it/s
step 21350/79000 G=7.457 Dp=0.001 Dm=0.040 cyc_w=5.00 id_w=0.00 2.67 it/s
step 21400/79000 G=6.816 Dp=0.001 Dm=0.105 cyc_w=5.00 id_w=0.00 2.67 it/s
step 21450/79000 G=6.616 Dp=0.001 Dm=0.082 cyc_w=5.00 id_w=0.00 2.67 it/s
step 21500/79000 G=6.935 Dp=0.002 Dm=0.115 cyc_w=5.00 id_w=0.00 2.67 it/s
step 21550/79000 G=7.029 Dp=0.001 Dm=0.102 cyc_w=5.00 id_w=0.00 2.67 it/s
step 21600/79000 G=8.085 Dp=0.001 Dm=0.079 cyc_w=5.00 id_w=0.00 2.67 it/s
step 21650/79000 G=7.918 Dp=0.001 Dm=0.123 cyc_w=5.00 id_w=0.00 2.67 it/s
step 21700/79000 G=7.007 Dp=0.001 Dm=0.069 cyc_w=5.00 id_w=0.00 2.67 it/s
step 21750/79000 G=6.946 Dp=0.001 Dm=0.119 cyc_w=5.00 id_w=0.00 2.67 it/s
step 21800/79000 G=6.777 Dp=0.002 Dm=0.070 cyc_w=5.00 id_w=0.00 2.67 it/s
step 21850/79000 G=7.505 Dp=0.002 Dm=0.095 cyc_w=5.00 id_w=0.00 2.68 it/s
step 21900/79000 G=8.038 Dp=0.003 Dm=0.075 cyc_w=5.00 id_w=0.00 2.68 it/s
step 21950/79000 G=7.037 Dp=0.002 Dm=0.082 cyc_w=5.00 id_w=0.00 2.68 it/s
step 22000/79000 G=7.950 Dp=0.001 Dm=0.116 cyc_w=5.00 id_w=0.00 2.68 it/s
step 22050/79000 G=7.174 Dp=0.002 Dm=0.083 cyc_w=5.00 id_w=0.00 2.68 it/s
step 22100/79000 G=7.773 Dp=0.002 Dm=0.073 cyc_w=5.00 id_w=0.00 2.68 it/s
step 22150/79000 G=7.773 Dp=0.011 Dm=0.096 cyc_w=5.00 id_w=0.00 2.68 it/s
step 22200/79000 G=6.750 Dp=0.001 Dm=0.061 cyc_w=5.00 id_w=0.00 2.68 it/s
step 22250/79000 G=7.644 Dp=0.001 Dm=0.076 cyc_w=5.00 id_w=0.00 2.68 it/s
step 22300/79000 G=6.742 Dp=0.001 Dm=0.099 cyc_w=5.00 id_w=0.00 2.68 it/s
step 22350/79000 G=8.023 Dp=0.001 Dm=0.206 cyc_w=5.00 id_w=0.00 2.68 it/s
step 22400/79000 G=7.730 Dp=0.002 Dm=0.202 cyc_w=5.00 id_w=0.00 2.68 it/s
step 22450/79000 G=7.384 Dp=0.000 Dm=0.232 cyc_w=5.00 id_w=0.00 2.68 it/s
step 22500/79000 G=7.550 Dp=0.001 Dm=0.250 cyc_w=5.00 id_w=0.00 2.68 it/s
step 22550/79000 G=7.103 Dp=0.002 Dm=0.208 cyc_w=5.00 id_w=0.00 2.68 it/s
step 22600/79000 G=7.689 Dp=0.002 Dm=0.217 cyc_w=5.00 id_w=0.00 2.68 it/s
step 22650/79000 G=6.112 Dp=0.002 Dm=0.178 cyc_w=5.00 id_w=0.00 2.68 it/s
step 22700/79000 G=6.969 Dp=0.001 Dm=0.176 cyc_w=5.00 id_w=0.00 2.68 it/s
step 22750/79000 G=6.961 Dp=0.001 Dm=0.181 cyc_w=5.00 id_w=0.00 2.68 it/s
step 22800/79000 G=7.575 Dp=0.004 Dm=0.198 cyc_w=5.00 id_w=0.00 2.68 it/s
step 22850/79000 G=7.076 Dp=0.001 Dm=0.177 cyc_w=5.00 id_w=0.00 2.68 it/s
step 22900/79000 G=7.919 Dp=0.002 Dm=0.172 cyc_w=5.00 id_w=0.00 2.68 it/s
step 22950/79000 G=7.537 Dp=0.001 Dm=0.224 cyc_w=5.00 id_w=0.00 2.68 it/s
step 23000/79000 G=7.042 Dp=0.004 Dm=0.192 cyc_w=5.00 id_w=0.00 2.69 it/s
step 23050/79000 G=7.249 Dp=0.002 Dm=0.209 cyc_w=5.00 id_w=0.00 2.69 it/s
step 23100/79000 G=7.470 Dp=0.002 Dm=0.159 cyc_w=5.00 id_w=0.00 2.69 it/s
step 23150/79000 G=5.711 Dp=0.003 Dm=0.163 cyc_w=5.00 id_w=0.00 2.69 it/s
step 23200/79000 G=7.764 Dp=0.005 Dm=0.121 cyc_w=5.00 id_w=0.00 2.69 it/s
step 23250/79000 G=7.601 Dp=0.001 Dm=0.247 cyc_w=5.00 id_w=0.00 2.69 it/s
step 23300/79000 G=7.235 Dp=0.004 Dm=0.194 cyc_w=5.00 id_w=0.00 2.69 it/s
step 23350/79000 G=7.101 Dp=0.003 Dm=0.163 cyc_w=5.00 id_w=0.00 2.69 it/s
step 23400/79000 G=7.819 Dp=0.006 Dm=0.162 cyc_w=5.00 id_w=0.00 2.69 it/s
step 23450/79000 G=7.122 Dp=0.002 Dm=0.156 cyc_w=5.00 id_w=0.00 2.69 it/s
step 23500/79000 G=8.027 Dp=0.001 Dm=0.103 cyc_w=5.00 id_w=0.00 2.69 it/s
step 23550/79000 G=7.734 Dp=0.001 Dm=0.091 cyc_w=5.00 id_w=0.00 2.69 it/s
step 23600/79000 G=7.243 Dp=0.001 Dm=0.188 cyc_w=5.00 id_w=0.00 2.69 it/s
step 23650/79000 G=7.477 Dp=0.001 Dm=0.135 cyc_w=5.00 id_w=0.00 2.69 it/s
step 23700/79000 G=7.768 Dp=0.001 Dm=0.088 cyc_w=5.00 id_w=0.00 2.69 it/s
step 23750/79000 G=7.203 Dp=0.001 Dm=0.157 cyc_w=5.00 id_w=0.00 2.69 it/s
step 23800/79000 G=6.993 Dp=0.001 Dm=0.141 cyc_w=5.00 id_w=0.00 2.69 it/s
step 23850/79000 G=7.129 Dp=0.010 Dm=0.110 cyc_w=5.00 id_w=0.00 2.69 it/s
step 23900/79000 G=6.797 Dp=0.001 Dm=0.141 cyc_w=5.00 id_w=0.00 2.69 it/s
step 23950/79000 G=6.411 Dp=0.001 Dm=0.167 cyc_w=5.00 id_w=0.00 2.69 it/s
step 24000/79000 G=7.284 Dp=0.006 Dm=0.150 cyc_w=5.00 id_w=0.00 2.69 it/s
EVAL {"step": 24000, "variant": "ema", "fid_a2b": 425.1377468404178, "fid_b2a": 160.15926990575758, "mifid_a2b": 0.7378669746814697, "mifid_b2a": 0.40476983789966126, "fid": 292.6485083730877, "mifid": 0.5713184062905654, "composite": 146.60991338968913}
EVAL {"step": 24000, "variant": "ema_slow", "fid_a2b": 425.1377468404178, "fid_b2a": 167.22274152994015, "mifid_a2b": 0.7378669746814697, "mifid_b2a": 0.42877581484635946, "fid": 296.18024418517894, "mifid": 0.5833213947639145, "composite": 148.38178278997142}
EVAL {"step": 24000, "variant": "raw", "fid_a2b": 425.1377468404178, "fid_b2a": 132.0979770556213, "mifid_a2b": 0.7378669746814697, "mifid_b2a": 0.38753070117671956, "fid": 278.61786194801954, "mifid": 0.5626988379290946, "composite": 139.5902803929743}
step 24050/79000 G=5.951 Dp=0.002 Dm=0.089 cyc_w=5.00 id_w=0.00 2.68 it/s
step 24100/79000 G=7.414 Dp=0.007 Dm=0.119 cyc_w=5.00 id_w=0.00 2.68 it/s
step 24150/79000 G=7.628 Dp=0.001 Dm=0.114 cyc_w=5.00 id_w=0.00 2.68 it/s
step 24200/79000 G=7.061 Dp=0.001 Dm=0.133 cyc_w=5.00 id_w=0.00 2.68 it/s
step 24250/79000 G=7.159 Dp=0.025 Dm=0.081 cyc_w=5.00 id_w=0.00 2.68 it/s
step 24300/79000 G=7.441 Dp=0.000 Dm=0.084 cyc_w=5.00 id_w=0.00 2.68 it/s
step 24350/79000 G=6.613 Dp=0.001 Dm=0.130 cyc_w=5.00 id_w=0.00 2.68 it/s
step 24400/79000 G=7.407 Dp=0.001 Dm=0.182 cyc_w=5.00 id_w=0.00 2.68 it/s
step 24450/79000 G=7.858 Dp=0.034 Dm=0.183 cyc_w=5.00 id_w=0.00 2.68 it/s
step 24500/79000 G=7.246 Dp=0.000 Dm=0.139 cyc_w=5.00 id_w=0.00 2.68 it/s
step 24550/79000 G=8.172 Dp=0.001 Dm=0.093 cyc_w=5.00 id_w=0.00 2.68 it/s
step 24600/79000 G=7.315 Dp=0.000 Dm=0.111 cyc_w=5.00 id_w=0.00 2.68 it/s
step 24650/79000 G=6.897 Dp=0.000 Dm=0.129 cyc_w=5.00 id_w=0.00 2.68 it/s
step 24700/79000 G=7.693 Dp=0.006 Dm=0.095 cyc_w=5.00 id_w=0.00 2.68 it/s
step 24750/79000 G=8.533 Dp=0.000 Dm=0.103 cyc_w=5.00 id_w=0.00 2.68 it/s
step 24800/79000 G=7.587 Dp=0.000 Dm=0.082 cyc_w=5.00 id_w=0.00 2.68 it/s
step 24850/79000 G=7.238 Dp=0.002 Dm=0.088 cyc_w=5.00 id_w=0.00 2.68 it/s
step 24900/79000 G=7.379 Dp=0.005 Dm=0.079 cyc_w=5.00 id_w=0.00 2.68 it/s
step 24950/79000 G=7.015 Dp=0.000 Dm=0.086 cyc_w=5.00 id_w=0.00 2.68 it/s
step 25000/79000 G=7.748 Dp=0.001 Dm=0.120 cyc_w=5.00 id_w=0.00 2.68 it/s
step 25050/79000 G=7.506 Dp=0.001 Dm=0.096 cyc_w=5.00 id_w=0.00 2.68 it/s
step 25100/79000 G=6.991 Dp=0.001 Dm=0.069 cyc_w=5.00 id_w=0.00 2.69 it/s
step 25150/79000 G=7.485 Dp=0.000 Dm=0.089 cyc_w=5.00 id_w=0.00 2.69 it/s
step 25200/79000 G=7.304 Dp=0.014 Dm=0.093 cyc_w=5.00 id_w=0.00 2.69 it/s
step 25250/79000 G=7.949 Dp=0.000 Dm=0.127 cyc_w=5.00 id_w=0.00 2.69 it/s
step 25300/79000 G=7.622 Dp=0.001 Dm=0.099 cyc_w=5.00 id_w=0.00 2.69 it/s
step 25350/79000 G=7.608 Dp=0.001 Dm=0.133 cyc_w=5.00 id_w=0.00 2.69 it/s
step 25400/79000 G=7.225 Dp=0.001 Dm=0.136 cyc_w=5.00 id_w=0.00 2.69 it/s
step 25450/79000 G=7.085 Dp=0.002 Dm=0.086 cyc_w=5.00 id_w=0.00 2.69 it/s
step 25500/79000 G=7.709 Dp=0.001 Dm=0.107 cyc_w=5.00 id_w=0.00 2.69 it/s
step 25550/79000 G=8.414 Dp=0.001 Dm=0.126 cyc_w=5.00 id_w=0.00 2.69 it/s
step 25600/79000 G=7.791 Dp=0.004 Dm=0.099 cyc_w=5.00 id_w=0.00 2.69 it/s
step 25650/79000 G=8.109 Dp=0.001 Dm=0.140 cyc_w=5.00 id_w=0.00 2.69 it/s
step 25700/79000 G=7.852 Dp=0.001 Dm=0.109 cyc_w=5.00 id_w=0.00 2.69 it/s
step 25750/79000 G=7.284 Dp=0.001 Dm=0.094 cyc_w=5.00 id_w=0.00 2.69 it/s
step 25800/79000 G=8.135 Dp=0.006 Dm=0.077 cyc_w=5.00 id_w=0.00 2.69 it/s
step 25850/79000 G=7.318 Dp=0.002 Dm=0.114 cyc_w=5.00 id_w=0.00 2.69 it/s
step 25900/79000 G=7.270 Dp=0.001 Dm=0.062 cyc_w=5.00 id_w=0.00 2.69 it/s
step 25950/79000 G=6.626 Dp=0.001 Dm=0.114 cyc_w=5.00 id_w=0.00 2.69 it/s
step 26000/79000 G=7.026 Dp=0.013 Dm=0.188 cyc_w=5.00 id_w=0.00 2.69 it/s
step 26050/79000 G=7.122 Dp=0.001 Dm=0.123 cyc_w=5.00 id_w=0.00 2.69 it/s
step 26100/79000 G=6.844 Dp=0.001 Dm=0.071 cyc_w=5.00 id_w=0.00 2.69 it/s
step 26150/79000 G=7.077 Dp=0.000 Dm=0.121 cyc_w=5.00 id_w=0.00 2.69 it/s
step 26200/79000 G=7.730 Dp=0.000 Dm=0.068 cyc_w=5.00 id_w=0.00 2.69 it/s
step 26250/79000 G=7.284 Dp=0.001 Dm=0.087 cyc_w=5.00 id_w=0.00 2.69 it/s
step 26300/79000 G=7.809 Dp=0.000 Dm=0.084 cyc_w=5.00 id_w=0.00 2.69 it/s
step 26350/79000 G=7.756 Dp=0.001 Dm=0.049 cyc_w=5.00 id_w=0.00 2.69 it/s
step 26400/79000 G=7.674 Dp=0.001 Dm=0.121 cyc_w=5.00 id_w=0.00 2.69 it/s
step 26450/79000 G=7.461 Dp=0.001 Dm=0.093 cyc_w=5.00 id_w=0.00 2.69 it/s
step 26500/79000 G=7.756 Dp=0.001 Dm=0.088 cyc_w=5.00 id_w=0.00 2.70 it/s
step 26550/79000 G=7.636 Dp=0.001 Dm=0.124 cyc_w=5.00 id_w=0.00 2.70 it/s
step 26600/79000 G=7.990 Dp=0.000 Dm=0.122 cyc_w=5.00 id_w=0.00 2.70 it/s
step 26650/79000 G=6.798 Dp=0.001 Dm=0.098 cyc_w=5.00 id_w=0.00 2.70 it/s
step 26700/79000 G=9.229 Dp=0.001 Dm=0.084 cyc_w=5.00 id_w=0.00 2.70 it/s
step 26750/79000 G=7.609 Dp=0.000 Dm=0.042 cyc_w=5.00 id_w=0.00 2.70 it/s
step 26800/79000 G=7.664 Dp=0.002 Dm=0.169 cyc_w=5.00 id_w=0.00 2.70 it/s
step 26850/79000 G=8.911 Dp=0.000 Dm=0.165 cyc_w=5.00 id_w=0.00 2.70 it/s
step 26900/79000 G=7.633 Dp=0.004 Dm=0.067 cyc_w=5.00 id_w=0.00 2.70 it/s
step 26950/79000 G=8.485 Dp=0.000 Dm=0.100 cyc_w=5.00 id_w=0.00 2.70 it/s
step 27000/79000 G=6.954 Dp=0.000 Dm=0.072 cyc_w=5.00 id_w=0.00 2.70 it/s
EVAL {"step": 27000, "variant": "ema", "fid_a2b": 425.1377468404178, "fid_b2a": 155.67242575629317, "mifid_a2b": 0.7378669746814697, "mifid_b2a": 0.41408804409262434, "fid": 290.40508629835546, "mifid": 0.575977509387047, "composite": 145.49053190387124}
EVAL {"step": 27000, "variant": "ema_slow", "fid_a2b": 425.1377468404178, "fid_b2a": 168.2384588640776, "mifid_a2b": 0.7378669746814697, "mifid_b2a": 0.4275833938213049, "fid": 296.68810285224765, "mifid": 0.5827251842513873, "composite": 148.63541401824952}
EVAL {"step": 27000, "variant": "raw", "fid_a2b": 425.1377468404178, "fid_b2a": 186.04239132131343, "mifid_a2b": 0.7378669746814697, "mifid_b2a": 0.40181532557071503, "fid": 305.5900690808656, "mifid": 0.5698411501260924, "composite": 153.07995511549584}
step 27050/79000 G=7.133 Dp=0.001 Dm=0.122 cyc_w=5.00 id_w=0.00 2.68 it/s
step 27100/79000 G=7.155 Dp=0.001 Dm=0.064 cyc_w=5.00 id_w=0.00 2.68 it/s
step 27150/79000 G=7.218 Dp=0.000 Dm=0.049 cyc_w=5.00 id_w=0.00 2.68 it/s
step 27200/79000 G=7.075 Dp=0.000 Dm=0.088 cyc_w=5.00 id_w=0.00 2.68 it/s
step 27250/79000 G=7.086 Dp=0.007 Dm=0.071 cyc_w=5.00 id_w=0.00 2.68 it/s
step 27300/79000 G=7.145 Dp=0.002 Dm=0.153 cyc_w=5.00 id_w=0.00 2.68 it/s
step 27350/79000 G=7.069 Dp=0.001 Dm=0.114 cyc_w=5.00 id_w=0.00 2.68 it/s
step 27400/79000 G=7.475 Dp=0.003 Dm=0.116 cyc_w=5.00 id_w=0.00 2.68 it/s
step 27450/79000 G=7.280 Dp=0.001 Dm=0.046 cyc_w=5.00 id_w=0.00 2.68 it/s
step 27500/79000 G=7.497 Dp=0.001 Dm=0.172 cyc_w=5.00 id_w=0.00 2.68 it/s
step 27550/79000 G=7.189 Dp=0.002 Dm=0.120 cyc_w=5.00 id_w=0.00 2.68 it/s
step 27600/79000 G=7.421 Dp=0.001 Dm=0.064 cyc_w=5.00 id_w=0.00 2.69 it/s
step 27650/79000 G=7.456 Dp=0.001 Dm=0.120 cyc_w=5.00 id_w=0.00 2.69 it/s
step 27700/79000 G=7.557 Dp=0.001 Dm=0.086 cyc_w=5.00 id_w=0.00 2.69 it/s
step 27750/79000 G=7.697 Dp=0.001 Dm=0.087 cyc_w=5.00 id_w=0.00 2.69 it/s
step 27800/79000 G=7.262 Dp=0.003 Dm=0.109 cyc_w=5.00 id_w=0.00 2.69 it/s
step 27850/79000 G=8.017 Dp=0.000 Dm=0.119 cyc_w=5.00 id_w=0.00 2.69 it/s
step 27900/79000 G=7.804 Dp=0.000 Dm=0.073 cyc_w=5.00 id_w=0.00 2.69 it/s
step 27950/79000 G=7.278 Dp=0.003 Dm=0.092 cyc_w=5.00 id_w=0.00 2.69 it/s
step 28000/79000 G=8.371 Dp=0.000 Dm=0.064 cyc_w=5.00 id_w=0.00 2.69 it/s
step 28050/79000 G=6.786 Dp=0.000 Dm=0.065 cyc_w=5.00 id_w=0.00 2.69 it/s
step 28100/79000 G=7.509 Dp=0.000 Dm=0.101 cyc_w=5.00 id_w=0.00 2.69 it/s
step 28150/79000 G=6.868 Dp=0.001 Dm=0.062 cyc_w=5.00 id_w=0.00 2.69 it/s
step 28200/79000 G=7.647 Dp=0.000 Dm=0.083 cyc_w=5.00 id_w=0.00 2.69 it/s
step 28250/79000 G=7.580 Dp=0.003 Dm=0.113 cyc_w=5.00 id_w=0.00 2.69 it/s
step 28300/79000 G=7.468 Dp=0.001 Dm=0.065 cyc_w=5.00 id_w=0.00 2.69 it/s
step 28350/79000 G=7.672 Dp=0.001 Dm=0.074 cyc_w=5.00 id_w=0.00 2.69 it/s
step 28400/79000 G=8.074 Dp=0.001 Dm=0.131 cyc_w=5.00 id_w=0.00 2.69 it/s
step 28450/79000 G=7.177 Dp=0.002 Dm=0.159 cyc_w=5.00 id_w=0.00 2.69 it/s
step 28500/79000 G=6.585 Dp=0.001 Dm=0.168 cyc_w=5.00 id_w=0.00 2.69 it/s
step 28550/79000 G=7.456 Dp=0.002 Dm=0.099 cyc_w=5.00 id_w=0.00 2.69 it/s
step 28600/79000 G=8.302 Dp=0.001 Dm=0.072 cyc_w=5.00 id_w=0.00 2.69 it/s
step 28650/79000 G=7.648 Dp=0.002 Dm=0.057 cyc_w=5.00 id_w=0.00 2.69 it/s
step 28700/79000 G=7.402 Dp=0.000 Dm=0.066 cyc_w=5.00 id_w=0.00 2.69 it/s
step 28750/79000 G=7.674 Dp=0.002 Dm=0.070 cyc_w=5.00 id_w=0.00 2.69 it/s
step 28800/79000 G=7.828 Dp=0.012 Dm=0.091 cyc_w=5.00 id_w=0.00 2.69 it/s
step 28850/79000 G=7.695 Dp=0.001 Dm=0.140 cyc_w=5.00 id_w=0.00 2.69 it/s
step 28900/79000 G=7.997 Dp=0.000 Dm=0.076 cyc_w=5.00 id_w=0.00 2.69 it/s
step 28950/79000 G=6.893 Dp=0.002 Dm=0.097 cyc_w=5.00 id_w=0.00 2.69 it/s
step 29000/79000 G=6.989 Dp=0.001 Dm=0.082 cyc_w=5.00 id_w=0.00 2.69 it/s
step 29050/79000 G=7.254 Dp=0.001 Dm=0.163 cyc_w=5.00 id_w=0.00 2.69 it/s
step 29100/79000 G=7.967 Dp=0.000 Dm=0.118 cyc_w=5.00 id_w=0.00 2.69 it/s
step 29150/79000 G=7.630 Dp=0.001 Dm=0.066 cyc_w=5.00 id_w=0.00 2.69 it/s
step 29200/79000 G=27.601 Dp=0.003 Dm=37.340 cyc_w=5.00 id_w=0.00 2.70 it/s
step 29250/79000 G=7.155 Dp=0.000 Dm=0.176 cyc_w=5.00 id_w=0.00 2.70 it/s
step 29300/79000 G=7.238 Dp=0.001 Dm=0.223 cyc_w=5.00 id_w=0.00 2.70 it/s
step 29350/79000 G=7.425 Dp=0.001 Dm=0.174 cyc_w=5.00 id_w=0.00 2.70 it/s
step 29400/79000 G=7.490 Dp=0.004 Dm=0.255 cyc_w=5.00 id_w=0.00 2.70 it/s
step 29450/79000 G=7.290 Dp=0.001 Dm=0.287 cyc_w=5.00 id_w=0.00 2.70 it/s
step 29500/79000 G=7.392 Dp=0.001 Dm=0.235 cyc_w=5.00 id_w=0.00 2.70 it/s
step 29550/79000 G=6.685 Dp=0.002 Dm=0.193 cyc_w=5.00 id_w=0.00 2.70 it/s
step 29600/79000 G=6.311 Dp=0.000 Dm=0.207 cyc_w=5.00 id_w=0.00 2.70 it/s
step 29650/79000 G=7.597 Dp=0.003 Dm=0.182 cyc_w=5.00 id_w=0.00 2.70 it/s
step 29700/79000 G=7.112 Dp=0.001 Dm=0.260 cyc_w=5.00 id_w=0.00 2.70 it/s
step 29750/79000 G=7.328 Dp=0.001 Dm=0.177 cyc_w=5.00 id_w=0.00 2.70 it/s
step 29800/79000 G=7.821 Dp=0.003 Dm=0.191 cyc_w=5.00 id_w=0.00 2.70 it/s
step 29850/79000 G=7.791 Dp=0.003 Dm=0.137 cyc_w=5.00 id_w=0.00 2.70 it/s
step 29900/79000 G=7.167 Dp=0.002 Dm=0.223 cyc_w=5.00 id_w=0.00 2.70 it/s
step 29950/79000 G=6.835 Dp=0.006 Dm=0.197 cyc_w=5.00 id_w=0.00 2.70 it/s
step 30000/79000 G=7.443 Dp=0.001 Dm=0.178 cyc_w=5.00 id_w=0.00 2.70 it/s
EVAL {"step": 30000, "variant": "ema", "fid_a2b": 425.1377468404178, "fid_b2a": 173.53540503765188, "mifid_a2b": 0.7378669746814697, "mifid_b2a": 0.420455778613338, "fid": 299.33657593903484, "mifid": 0.5791613766474039, "composite": 149.95786865784112}
EVAL {"step": 30000, "variant": "ema_slow", "fid_a2b": 425.1377468404178, "fid_b2a": 170.5267103517386, "mifid_a2b": 0.7378669746814697, "mifid_b2a": 0.4275154620942615, "fid": 297.83222859607815, "mifid": 0.5826912183878656, "composite": 149.20745990723302}
EVAL {"step": 30000, "variant": "raw", "fid_a2b": 425.1377468404178, "fid_b2a": 220.0516938887117, "mifid_a2b": 0.7378669746814697, "mifid_b2a": 0.42416487323987, "fid": 322.59472036456475, "mifid": 0.5810159239606698, "composite": 161.5878681442627}
step 30050/79000 G=6.929 Dp=0.002 Dm=0.206 cyc_w=5.00 id_w=0.00 2.69 it/s
step 30100/79000 G=7.365 Dp=0.001 Dm=0.131 cyc_w=5.00 id_w=0.00 2.69 it/s
step 30150/79000 G=7.676 Dp=0.008 Dm=0.142 cyc_w=5.00 id_w=0.00 2.69 it/s
step 30200/79000 G=7.159 Dp=0.002 Dm=0.230 cyc_w=5.00 id_w=0.00 2.69 it/s
step 30250/79000 G=7.282 Dp=0.001 Dm=0.198 cyc_w=5.00 id_w=0.00 2.69 it/s
step 30300/79000 G=7.096 Dp=0.001 Dm=0.151 cyc_w=5.00 id_w=0.00 2.69 it/s
step 30350/79000 G=8.051 Dp=0.001 Dm=0.146 cyc_w=5.00 id_w=0.00 2.69 it/s
step 30400/79000 G=7.695 Dp=0.003 Dm=0.119 cyc_w=5.00 id_w=0.00 2.69 it/s
step 30450/79000 G=7.138 Dp=0.003 Dm=0.158 cyc_w=5.00 id_w=0.00 2.69 it/s
step 30500/79000 G=6.998 Dp=0.003 Dm=0.127 cyc_w=5.00 id_w=0.00 2.69 it/s
step 30550/79000 G=7.394 Dp=0.001 Dm=0.150 cyc_w=5.00 id_w=0.00 2.69 it/s
step 30600/79000 G=7.840 Dp=0.003 Dm=0.115 cyc_w=5.00 id_w=0.00 2.69 it/s
step 30650/79000 G=6.727 Dp=0.005 Dm=0.126 cyc_w=5.00 id_w=0.00 2.69 it/s
step 30700/79000 G=7.414 Dp=0.000 Dm=0.160 cyc_w=5.00 id_w=0.00 2.69 it/s
step 30750/79000 G=7.750 Dp=0.000 Dm=0.155 cyc_w=5.00 id_w=0.00 2.69 it/s
step 30800/79000 G=8.485 Dp=0.001 Dm=0.119 cyc_w=5.00 id_w=0.00 2.69 it/s
step 30850/79000 G=7.663 Dp=0.002 Dm=0.150 cyc_w=5.00 id_w=0.00 2.69 it/s
step 30900/79000 G=7.617 Dp=0.000 Dm=0.100 cyc_w=5.00 id_w=0.00 2.69 it/s
step 30950/79000 G=7.802 Dp=0.007 Dm=0.168 cyc_w=5.00 id_w=0.00 2.69 it/s
step 31000/79000 G=7.616 Dp=0.000 Dm=0.108 cyc_w=5.00 id_w=0.00 2.69 it/s
step 31050/79000 G=7.786 Dp=0.001 Dm=0.167 cyc_w=5.00 id_w=0.00 2.69 it/s
step 31100/79000 G=7.774 Dp=0.001 Dm=0.093 cyc_w=5.00 id_w=0.00 2.69 it/s
step 31150/79000 G=7.428 Dp=0.001 Dm=0.076 cyc_w=5.00 id_w=0.00 2.69 it/s
step 31200/79000 G=7.413 Dp=0.001 Dm=0.164 cyc_w=5.00 id_w=0.00 2.69 it/s
step 31250/79000 G=8.159 Dp=0.001 Dm=0.094 cyc_w=5.00 id_w=0.00 2.69 it/s
step 31300/79000 G=8.192 Dp=0.000 Dm=0.076 cyc_w=5.00 id_w=0.00 2.69 it/s
step 31350/79000 G=8.173 Dp=0.000 Dm=0.117 cyc_w=5.00 id_w=0.00 2.69 it/s
step 31400/79000 G=8.499 Dp=0.001 Dm=0.095 cyc_w=5.00 id_w=0.00 2.70 it/s
step 31450/79000 G=7.561 Dp=0.000 Dm=0.079 cyc_w=5.00 id_w=0.00 2.70 it/s
step 31500/79000 G=8.122 Dp=0.000 Dm=0.095 cyc_w=5.00 id_w=0.00 2.70 it/s
step 31550/79000 G=7.499 Dp=0.000 Dm=0.132 cyc_w=5.00 id_w=0.00 2.70 it/s
step 31600/79000 G=7.261 Dp=0.000 Dm=0.118 cyc_w=5.00 id_w=0.00 2.70 it/s
step 31650/79000 G=7.402 Dp=0.002 Dm=0.097 cyc_w=5.00 id_w=0.00 2.70 it/s
step 31700/79000 G=7.432 Dp=0.001 Dm=0.131 cyc_w=5.00 id_w=0.00 2.70 it/s
step 31750/79000 G=8.177 Dp=0.000 Dm=0.087 cyc_w=5.00 id_w=0.00 2.70 it/s
step 31800/79000 G=7.259 Dp=0.001 Dm=0.113 cyc_w=5.00 id_w=0.00 2.70 it/s
step 31850/79000 G=7.228 Dp=0.000 Dm=0.091 cyc_w=5.00 id_w=0.00 2.70 it/s
step 31900/79000 G=7.914 Dp=0.000 Dm=0.054 cyc_w=5.00 id_w=0.00 2.70 it/s
step 31950/79000 G=7.557 Dp=0.000 Dm=0.099 cyc_w=5.00 id_w=0.00 2.70 it/s
step 32000/79000 G=8.074 Dp=0.000 Dm=0.099 cyc_w=5.00 id_w=0.00 2.70 it/s
step 32050/79000 G=7.326 Dp=0.001 Dm=0.107 cyc_w=5.00 id_w=0.00 2.70 it/s
step 32100/79000 G=6.452 Dp=0.001 Dm=0.090 cyc_w=5.00 id_w=0.00 2.70 it/s
step 32150/79000 G=7.459 Dp=0.001 Dm=0.093 cyc_w=5.00 id_w=0.00 2.70 it/s
step 32200/79000 G=7.575 Dp=0.001 Dm=0.052 cyc_w=5.00 id_w=0.00 2.70 it/s
step 32250/79000 G=7.356 Dp=0.000 Dm=0.081 cyc_w=5.00 id_w=0.00 2.70 it/s
step 32300/79000 G=7.204 Dp=0.001 Dm=0.120 cyc_w=5.00 id_w=0.00 2.70 it/s
step 32350/79000 G=7.643 Dp=0.001 Dm=0.141 cyc_w=5.00 id_w=0.00 2.70 it/s
step 32400/79000 G=7.156 Dp=0.001 Dm=0.068 cyc_w=5.00 id_w=0.00 2.70 it/s
step 32450/79000 G=6.392 Dp=0.000 Dm=0.069 cyc_w=5.00 id_w=0.00 2.70 it/s
step 32500/79000 G=6.773 Dp=0.005 Dm=0.086 cyc_w=5.00 id_w=0.00 2.70 it/s
step 32550/79000 G=7.640 Dp=0.001 Dm=0.070 cyc_w=5.00 id_w=0.00 2.70 it/s
step 32600/79000 G=6.706 Dp=0.001 Dm=0.078 cyc_w=5.00 id_w=0.00 2.70 it/s
step 32650/79000 G=7.039 Dp=0.000 Dm=0.063 cyc_w=5.00 id_w=0.00 2.70 it/s
step 32700/79000 G=7.428 Dp=0.005 Dm=0.256 cyc_w=5.00 id_w=0.00 2.70 it/s
step 32750/79000 G=7.792 Dp=0.001 Dm=0.059 cyc_w=5.00 id_w=0.00 2.70 it/s
step 32800/79000 G=7.355 Dp=0.000 Dm=0.129 cyc_w=5.00 id_w=0.00 2.70 it/s
step 32850/79000 G=7.249 Dp=0.004 Dm=0.116 cyc_w=5.00 id_w=0.00 2.70 it/s
step 32900/79000 G=8.162 Dp=0.000 Dm=0.071 cyc_w=5.00 id_w=0.00 2.70 it/s
step 32950/79000 G=6.458 Dp=0.005 Dm=0.144 cyc_w=5.00 id_w=0.00 2.70 it/s
step 33000/79000 G=8.085 Dp=0.000 Dm=0.159 cyc_w=5.00 id_w=0.00 2.70 it/s
EVAL {"step": 33000, "variant": "ema", "fid_a2b": 425.1377468404178, "fid_b2a": 127.3631848715477, "mifid_a2b": 0.7378669746814697, "mifid_b2a": 0.39670212350476436, "fid": 276.2504658559827, "mifid": 0.567284549093117, "composite": 138.40887520253793}
EVAL {"step": 33000, "variant": "ema_slow", "fid_a2b": 425.1377468404178, "fid_b2a": 176.3019667282208, "mifid_a2b": 0.7378669746814697, "mifid_b2a": 0.4277493223290866, "fid": 300.7198567843193, "mifid": 0.5828081485052781, "composite": 150.65133246641227}
EVAL {"step": 33000, "variant": "raw", "fid_a2b": 425.1377468404178, "fid_b2a": 155.17224867144031, "mifid_a2b": 0.7378669746814697, "mifid_b2a": 0.3961103350851189, "fid": 290.15499775592906, "mifid": 0.5669886548832943, "composite": 145.36099320540617}
step 33050/79000 G=7.116 Dp=0.001 Dm=0.122 cyc_w=5.00 id_w=0.00 2.69 it/s
step 33100/79000 G=7.293 Dp=0.009 Dm=0.158 cyc_w=5.00 id_w=0.00 2.69 it/s
step 33150/79000 G=7.300 Dp=0.000 Dm=0.119 cyc_w=5.00 id_w=0.00 2.69 it/s
step 33200/79000 G=7.234 Dp=0.000 Dm=0.134 cyc_w=5.00 id_w=0.00 2.69 it/s
step 33250/79000 G=6.712 Dp=0.006 Dm=0.063 cyc_w=5.00 id_w=0.00 2.69 it/s
step 33300/79000 G=8.008 Dp=0.000 Dm=0.159 cyc_w=5.00 id_w=0.00 2.69 it/s
step 33350/79000 G=7.713 Dp=0.000 Dm=0.105 cyc_w=5.00 id_w=0.00 2.69 it/s
step 33400/79000 G=7.511 Dp=0.003 Dm=0.094 cyc_w=5.00 id_w=0.00 2.69 it/s
step 33450/79000 G=7.283 Dp=0.001 Dm=0.061 cyc_w=5.00 id_w=0.00 2.69 it/s
step 33500/79000 G=7.275 Dp=0.001 Dm=0.101 cyc_w=5.00 id_w=0.00 2.69 it/s
step 33550/79000 G=7.304 Dp=0.002 Dm=0.094 cyc_w=5.00 id_w=0.00 2.69 it/s
step 33600/79000 G=7.936 Dp=0.000 Dm=0.077 cyc_w=5.00 id_w=0.00 2.69 it/s
step 33650/79000 G=8.711 Dp=0.015 Dm=0.073 cyc_w=5.00 id_w=0.00 2.69 it/s
step 33700/79000 G=7.646 Dp=0.000 Dm=0.094 cyc_w=5.00 id_w=0.00 2.69 it/s
step 33750/79000 G=6.991 Dp=0.000 Dm=0.116 cyc_w=5.00 id_w=0.00 2.69 it/s
step 33800/79000 G=7.129 Dp=0.005 Dm=0.081 cyc_w=5.00 id_w=0.00 2.69 it/s
step 33850/79000 G=6.745 Dp=0.000 Dm=0.102 cyc_w=5.00 id_w=0.00 2.69 it/s
step 33900/79000 G=7.535 Dp=0.001 Dm=0.109 cyc_w=5.00 id_w=0.00 2.69 it/s
step 33950/79000 G=7.648 Dp=0.001 Dm=0.050 cyc_w=5.00 id_w=0.00 2.69 it/s
step 34000/79000 G=7.844 Dp=0.000 Dm=0.064 cyc_w=5.00 id_w=0.00 2.69 it/s
step 34050/79000 G=8.119 Dp=0.000 Dm=0.133 cyc_w=5.00 id_w=0.00 2.69 it/s
step 34100/79000 G=6.801 Dp=0.000 Dm=0.117 cyc_w=5.00 id_w=0.00 2.69 it/s
step 34150/79000 G=7.268 Dp=0.000 Dm=0.082 cyc_w=5.00 id_w=0.00 2.69 it/s
step 34200/79000 G=8.086 Dp=0.000 Dm=0.075 cyc_w=5.00 id_w=0.00 2.69 it/s
step 34250/79000 G=6.333 Dp=0.001 Dm=0.117 cyc_w=5.00 id_w=0.00 2.69 it/s
step 34300/79000 G=6.870 Dp=0.025 Dm=0.165 cyc_w=5.00 id_w=0.00 2.69 it/s
step 34350/79000 G=7.158 Dp=0.001 Dm=0.136 cyc_w=5.00 id_w=0.00 2.69 it/s
step 34400/79000 G=8.260 Dp=0.000 Dm=0.113 cyc_w=5.00 id_w=0.00 2.69 it/s
step 34450/79000 G=7.424 Dp=0.001 Dm=0.111 cyc_w=5.00 id_w=0.00 2.70 it/s
step 34500/79000 G=8.087 Dp=0.000 Dm=0.044 cyc_w=5.00 id_w=0.00 2.70 it/s
step 34550/79000 G=8.732 Dp=0.001 Dm=0.048 cyc_w=5.00 id_w=0.00 2.70 it/s
step 34600/79000 G=7.880 Dp=0.001 Dm=0.080 cyc_w=5.00 id_w=0.00 2.70 it/s
step 34650/79000 G=8.659 Dp=0.002 Dm=0.054 cyc_w=5.00 id_w=0.00 2.70 it/s
step 34700/79000 G=6.798 Dp=0.000 Dm=0.086 cyc_w=5.00 id_w=0.00 2.70 it/s
step 34750/79000 G=8.463 Dp=0.000 Dm=0.052 cyc_w=5.00 id_w=0.00 2.70 it/s
step 34800/79000 G=7.543 Dp=0.001 Dm=0.062 cyc_w=5.00 id_w=0.00 2.70 it/s
step 34850/79000 G=7.995 Dp=0.001 Dm=0.105 cyc_w=5.00 id_w=0.00 2.70 it/s
step 34900/79000 G=7.786 Dp=0.001 Dm=0.093 cyc_w=5.00 id_w=0.00 2.70 it/s
step 34950/79000 G=8.044 Dp=0.000 Dm=0.090 cyc_w=5.00 id_w=0.00 2.70 it/s
step 35000/79000 G=7.996 Dp=0.001 Dm=0.046 cyc_w=5.00 id_w=0.00 2.70 it/s
step 35050/79000 G=7.579 Dp=0.002 Dm=0.073 cyc_w=5.00 id_w=0.00 2.70 it/s
step 35100/79000 G=8.212 Dp=0.006 Dm=0.069 cyc_w=5.00 id_w=0.00 2.70 it/s
step 35150/79000 G=7.532 Dp=0.000 Dm=0.074 cyc_w=5.00 id_w=0.00 2.70 it/s
step 35200/79000 G=7.728 Dp=0.000 Dm=0.209 cyc_w=5.00 id_w=0.00 2.70 it/s
step 35250/79000 G=9.011 Dp=0.004 Dm=0.053 cyc_w=5.00 id_w=0.00 2.70 it/s
step 35300/79000 G=6.749 Dp=0.000 Dm=0.052 cyc_w=5.00 id_w=0.00 2.70 it/s
step 35350/79000 G=7.111 Dp=0.000 Dm=0.123 cyc_w=5.00 id_w=0.00 2.70 it/s
step 35400/79000 G=7.877 Dp=0.002 Dm=0.113 cyc_w=5.00 id_w=0.00 2.70 it/s
step 35450/79000 G=8.361 Dp=0.000 Dm=0.111 cyc_w=5.00 id_w=0.00 2.70 it/s
step 35500/79000 G=7.699 Dp=0.000 Dm=0.098 cyc_w=5.00 id_w=0.00 2.70 it/s
step 35550/79000 G=7.937 Dp=0.003 Dm=0.104 cyc_w=5.00 id_w=0.00 2.70 it/s
step 35600/79000 G=8.304 Dp=0.000 Dm=0.120 cyc_w=5.00 id_w=0.00 2.70 it/s
step 35650/79000 G=8.263 Dp=0.001 Dm=0.117 cyc_w=5.00 id_w=0.00 2.70 it/s
step 35700/79000 G=7.221 Dp=0.002 Dm=0.091 cyc_w=5.00 id_w=0.00 2.70 it/s
step 35750/79000 G=7.879 Dp=0.000 Dm=0.090 cyc_w=5.00 id_w=0.00 2.70 it/s
step 35800/79000 G=8.476 Dp=0.007 Dm=0.131 cyc_w=5.00 id_w=0.00 2.70 it/s
step 35850/79000 G=7.722 Dp=0.000 Dm=0.090 cyc_w=5.00 id_w=0.00 2.70 it/s
step 35900/79000 G=8.649 Dp=0.002 Dm=0.092 cyc_w=5.00 id_w=0.00 2.70 it/s
step 35950/79000 G=7.924 Dp=0.001 Dm=0.084 cyc_w=5.00 id_w=0.00 2.70 it/s
step 36000/79000 G=6.795 Dp=0.000 Dm=0.088 cyc_w=5.00 id_w=0.00 2.70 it/s
EVAL {"step": 36000, "variant": "ema", "fid_a2b": 425.1377468404178, "fid_b2a": 144.62548235218992, "mifid_a2b": 0.7378669746814697, "mifid_b2a": 0.4095625375795505, "fid": 284.88161459630385, "mifid": 0.57371475613051, "composite": 142.7276646762172}
EVAL {"step": 36000, "variant": "ema_slow", "fid_a2b": 425.1377468404178, "fid_b2a": 170.09694251695652, "mifid_a2b": 0.7378669746814697, "mifid_b2a": 0.42572411950835704, "fid": 297.6173446786871, "mifid": 0.5817955470949133, "composite": 149.09957011289103}
EVAL {"step": 36000, "variant": "raw", "fid_a2b": 425.1377468404178, "fid_b2a": 141.90994000787987, "mifid_a2b": 0.7378669746814697, "mifid_b2a": 0.3857970174997216, "fid": 283.5238434241488, "mifid": 0.5618319960905956, "composite": 142.0428377101197}
step 36050/79000 G=7.996 Dp=0.002 Dm=0.141 cyc_w=5.00 id_w=0.00 2.69 it/s
step 36100/79000 G=6.772 Dp=0.002 Dm=0.051 cyc_w=5.00 id_w=0.00 2.69 it/s
step 36150/79000 G=7.230 Dp=0.001 Dm=0.123 cyc_w=5.00 id_w=0.00 2.69 it/s
step 36200/79000 G=7.725 Dp=0.001 Dm=0.060 cyc_w=5.00 id_w=0.00 2.69 it/s
step 36250/79000 G=8.175 Dp=0.001 Dm=0.092 cyc_w=5.00 id_w=0.00 2.69 it/s
step 36300/79000 G=7.858 Dp=0.000 Dm=0.095 cyc_w=5.00 id_w=0.00 2.69 it/s
step 36350/79000 G=9.040 Dp=0.003 Dm=0.101 cyc_w=5.00 id_w=0.00 2.69 it/s
step 36400/79000 G=7.523 Dp=0.001 Dm=0.045 cyc_w=5.00 id_w=0.00 2.69 it/s
step 36450/79000 G=8.577 Dp=0.001 Dm=0.085 cyc_w=5.00 id_w=0.00 2.69 it/s
step 36500/79000 G=7.407 Dp=0.002 Dm=0.140 cyc_w=5.00 id_w=0.00 2.69 it/s
step 36550/79000 G=7.586 Dp=0.001 Dm=0.123 cyc_w=5.00 id_w=0.00 2.69 it/s
step 36600/79000 G=7.984 Dp=0.001 Dm=0.073 cyc_w=5.00 id_w=0.00 2.69 it/s
step 36650/79000 G=8.398 Dp=0.002 Dm=0.059 cyc_w=5.00 id_w=0.00 2.69 it/s
step 36700/79000 G=7.512 Dp=0.000 Dm=0.073 cyc_w=5.00 id_w=0.00 2.69 it/s
step 36750/79000 G=8.185 Dp=0.000 Dm=0.072 cyc_w=5.00 id_w=0.00 2.69 it/s
step 36800/79000 G=8.202 Dp=0.017 Dm=0.106 cyc_w=5.00 id_w=0.00 2.69 it/s
step 36850/79000 G=8.673 Dp=0.001 Dm=0.083 cyc_w=5.00 id_w=0.00 2.69 it/s
step 36900/79000 G=7.767 Dp=0.001 Dm=0.126 cyc_w=5.00 id_w=0.00 2.69 it/s
step 36950/79000 G=7.275 Dp=0.000 Dm=0.057 cyc_w=5.00 id_w=0.00 2.69 it/s
step 37000/79000 G=6.229 Dp=0.001 Dm=0.091 cyc_w=5.00 id_w=0.00 2.69 it/s
step 37050/79000 G=7.753 Dp=0.005 Dm=0.100 cyc_w=5.00 id_w=0.00 2.69 it/s
step 37100/79000 G=7.385 Dp=0.001 Dm=0.093 cyc_w=5.00 id_w=0.00 2.69 it/s
step 37150/79000 G=7.357 Dp=0.001 Dm=0.130 cyc_w=5.00 id_w=0.00 2.69 it/s
step 37200/79000 G=7.468 Dp=0.001 Dm=0.100 cyc_w=5.00 id_w=0.00 2.69 it/s
step 37250/79000 G=8.098 Dp=0.009 Dm=0.120 cyc_w=5.00 id_w=0.00 2.69 it/s
step 37300/79000 G=7.250 Dp=0.000 Dm=0.111 cyc_w=5.00 id_w=0.00 2.69 it/s
step 37350/79000 G=7.259 Dp=0.001 Dm=0.055 cyc_w=5.00 id_w=0.00 2.69 it/s
step 37400/79000 G=7.276 Dp=0.000 Dm=0.122 cyc_w=5.00 id_w=0.00 2.69 it/s
step 37450/79000 G=6.826 Dp=0.002 Dm=0.056 cyc_w=5.00 id_w=0.00 2.70 it/s
step 37500/79000 G=7.968 Dp=0.002 Dm=0.089 cyc_w=5.00 id_w=0.00 2.70 it/s
step 37550/79000 G=7.094 Dp=0.000 Dm=0.149 cyc_w=5.00 id_w=0.00 2.70 it/s
step 37600/79000 G=7.881 Dp=0.000 Dm=0.080 cyc_w=5.00 id_w=0.00 2.70 it/s
step 37650/79000 G=8.451 Dp=0.006 Dm=0.062 cyc_w=5.00 id_w=0.00 2.70 it/s
step 37700/79000 G=7.627 Dp=0.000 Dm=0.083 cyc_w=5.00 id_w=0.00 2.70 it/s
step 37750/79000 G=7.826 Dp=0.001 Dm=0.066 cyc_w=5.00 id_w=0.00 2.70 it/s
step 37800/79000 G=7.827 Dp=0.001 Dm=0.064 cyc_w=5.00 id_w=0.00 2.70 it/s
step 37850/79000 G=7.520 Dp=0.001 Dm=0.062 cyc_w=5.00 id_w=0.00 2.70 it/s
step 37900/79000 G=7.398 Dp=0.001 Dm=0.076 cyc_w=5.00 id_w=0.00 2.70 it/s
step 37950/79000 G=8.202 Dp=0.007 Dm=0.060 cyc_w=5.00 id_w=0.00 2.70 it/s
step 38000/79000 G=7.946 Dp=0.000 Dm=0.098 cyc_w=5.00 id_w=0.00 2.70 it/s
step 38050/79000 G=7.161 Dp=0.000 Dm=0.091 cyc_w=5.00 id_w=0.00 2.70 it/s
step 38100/79000 G=7.527 Dp=0.000 Dm=0.073 cyc_w=5.00 id_w=0.00 2.70 it/s
step 38150/79000 G=7.268 Dp=0.003 Dm=0.065 cyc_w=5.00 id_w=0.00 2.70 it/s
step 38200/79000 G=7.809 Dp=0.000 Dm=0.136 cyc_w=5.00 id_w=0.00 2.70 it/s
step 38250/79000 G=7.659 Dp=0.000 Dm=0.136 cyc_w=5.00 id_w=0.00 2.70 it/s
step 38300/79000 G=7.479 Dp=0.001 Dm=0.095 cyc_w=5.00 id_w=0.00 2.70 it/s
step 38350/79000 G=8.430 Dp=0.003 Dm=0.050 cyc_w=5.00 id_w=0.00 2.70 it/s
step 38400/79000 G=7.678 Dp=0.000 Dm=0.076 cyc_w=5.00 id_w=0.00 2.70 it/s
step 38450/79000 G=7.915 Dp=0.000 Dm=0.099 cyc_w=5.00 id_w=0.00 2.70 it/s
step 38500/79000 G=8.057 Dp=0.015 Dm=0.151 cyc_w=5.00 id_w=0.00 2.70 it/s
step 38550/79000 G=8.361 Dp=0.001 Dm=0.066 cyc_w=5.00 id_w=0.00 2.70 it/s
step 38600/79000 G=7.213 Dp=0.001 Dm=0.070 cyc_w=5.00 id_w=0.00 2.70 it/s
step 38650/79000 G=8.021 Dp=0.001 Dm=0.062 cyc_w=5.00 id_w=0.00 2.70 it/s
step 38700/79000 G=7.103 Dp=0.001 Dm=0.049 cyc_w=5.00 id_w=0.00 2.70 it/s
step 38750/79000 G=8.095 Dp=0.003 Dm=0.085 cyc_w=5.00 id_w=0.00 2.70 it/s
step 38800/79000 G=8.131 Dp=0.002 Dm=0.097 cyc_w=5.00 id_w=0.00 2.70 it/s
step 38850/79000 G=6.504 Dp=0.000 Dm=0.156 cyc_w=5.00 id_w=0.00 2.70 it/s
step 38900/79000 G=6.611 Dp=0.002 Dm=0.235 cyc_w=5.00 id_w=0.00 2.70 it/s
step 38950/79000 G=6.880 Dp=0.001 Dm=0.253 cyc_w=5.00 id_w=0.00 2.70 it/s
step 39000/79000 G=7.087 Dp=0.000 Dm=0.232 cyc_w=5.00 id_w=0.00 2.70 it/s
EVAL {"step": 39000, "variant": "ema", "fid_a2b": 425.1377468404178, "fid_b2a": 140.0999177743648, "mifid_a2b": 0.7378669746814697, "mifid_b2a": 0.40202470609659646, "fid": 282.6188323073913, "mifid": 0.5699458403890331, "composite": 141.59438907389017}
EVAL {"step": 39000, "variant": "ema_slow", "fid_a2b": 425.1377468404178, "fid_b2a": 160.61626211318855, "mifid_a2b": 0.7378669746814697, "mifid_b2a": 0.4165191576407309, "fid": 292.87700447680317, "mifid": 0.5771930661611002, "composite": 146.72709877148213}
EVAL {"step": 39000, "variant": "raw", "fid_a2b": 425.1377468404178, "fid_b2a": 230.47495296782634, "mifid_a2b": 0.7378669746814697, "mifid_b2a": 0.4094695835216479, "fid": 327.80634990412204, "mifid": 0.5736682791015588, "composite": 164.1900090916118}
step 39050/79000 G=6.596 Dp=0.001 Dm=0.272 cyc_w=5.00 id_w=0.00 2.69 it/s
step 39100/79000 G=6.982 Dp=0.001 Dm=0.261 cyc_w=5.00 id_w=0.00 2.69 it/s
step 39150/79000 G=7.584 Dp=0.001 Dm=0.252 cyc_w=5.00 id_w=0.00 2.69 it/s
step 39200/79000 G=7.205 Dp=0.001 Dm=0.233 cyc_w=5.00 id_w=0.00 2.69 it/s
step 39250/79000 G=7.596 Dp=0.002 Dm=0.164 cyc_w=5.00 id_w=0.00 2.69 it/s
step 39300/79000 G=7.765 Dp=0.001 Dm=0.187 cyc_w=5.00 id_w=0.00 2.69 it/s
step 39350/79000 G=7.395 Dp=0.001 Dm=0.169 cyc_w=5.00 id_w=0.00 2.69 it/s
step 39400/79000 G=6.871 Dp=0.003 Dm=0.196 cyc_w=5.00 id_w=0.00 2.69 it/s
step 39450/79000 G=8.116 Dp=0.002 Dm=0.179 cyc_w=5.00 id_w=0.00 2.69 it/s
step 39500/79000 G=7.532 Dp=0.001 Dm=0.212 cyc_w=5.00 id_w=0.00 2.69 it/s
step 39550/79000 G=7.202 Dp=0.001 Dm=0.323 cyc_w=5.00 id_w=0.00 2.69 it/s
step 39600/79000 G=5.973 Dp=0.002 Dm=0.235 cyc_w=5.00 id_w=0.00 2.69 it/s
step 39650/79000 G=6.626 Dp=0.001 Dm=0.184 cyc_w=5.00 id_w=0.00 2.69 it/s
step 39700/79000 G=7.453 Dp=0.030 Dm=0.198 cyc_w=5.00 id_w=0.00 2.70 it/s
step 39750/79000 G=7.735 Dp=0.000 Dm=0.211 cyc_w=5.00 id_w=0.00 2.70 it/s
step 39800/79000 G=7.547 Dp=0.000 Dm=0.235 cyc_w=5.00 id_w=0.00 2.70 it/s
step 39850/79000 G=7.062 Dp=0.001 Dm=0.187 cyc_w=5.00 id_w=0.00 2.70 it/s
step 39900/79000 G=6.788 Dp=0.001 Dm=0.255 cyc_w=5.00 id_w=0.00 2.70 it/s
step 39950/79000 G=7.096 Dp=0.000 Dm=0.226 cyc_w=5.00 id_w=0.00 2.70 it/s
step 40000/79000 G=6.719 Dp=0.000 Dm=0.215 cyc_w=5.00 id_w=0.00 2.70 it/s
step 40050/79000 G=7.383 Dp=0.001 Dm=0.217 cyc_w=5.00 id_w=0.00 2.70 it/s
step 40100/79000 G=7.922 Dp=0.001 Dm=0.231 cyc_w=5.00 id_w=0.00 2.70 it/s
step 40150/79000 G=7.127 Dp=0.001 Dm=0.237 cyc_w=5.00 id_w=0.00 2.70 it/s
step 40200/79000 G=7.495 Dp=0.002 Dm=0.184 cyc_w=5.00 id_w=0.00 2.70 it/s
step 40250/79000 G=7.714 Dp=0.002 Dm=0.219 cyc_w=5.00 id_w=0.00 2.70 it/s
step 40300/79000 G=5.860 Dp=0.000 Dm=0.156 cyc_w=5.00 id_w=0.00 2.70 it/s
step 40350/79000 G=7.737 Dp=0.001 Dm=0.149 cyc_w=5.00 id_w=0.00 2.70 it/s
step 40400/79000 G=7.550 Dp=0.001 Dm=0.176 cyc_w=5.00 id_w=0.00 2.70 it/s
step 40450/79000 G=6.704 Dp=0.000 Dm=0.117 cyc_w=5.00 id_w=0.00 2.70 it/s
step 40500/79000 G=7.049 Dp=0.001 Dm=0.125 cyc_w=5.00 id_w=0.00 2.70 it/s
step 40550/79000 G=7.273 Dp=0.002 Dm=0.109 cyc_w=5.00 id_w=0.00 2.70 it/s
step 40600/79000 G=7.573 Dp=0.001 Dm=0.157 cyc_w=5.00 id_w=0.00 2.70 it/s
step 40650/79000 G=6.855 Dp=0.001 Dm=0.099 cyc_w=5.00 id_w=0.00 2.70 it/s
step 40700/79000 G=6.824 Dp=0.001 Dm=0.170 cyc_w=5.00 id_w=0.00 2.70 it/s
step 40750/79000 G=7.504 Dp=0.004 Dm=0.087 cyc_w=5.00 id_w=0.00 2.70 it/s
step 40800/79000 G=7.681 Dp=0.000 Dm=0.120 cyc_w=5.00 id_w=0.00 2.70 it/s
step 40850/79000 G=8.209 Dp=0.000 Dm=0.103 cyc_w=5.00 id_w=0.00 2.70 it/s
step 40900/79000 G=7.573 Dp=0.002 Dm=0.083 cyc_w=5.00 id_w=0.00 2.70 it/s
step 40950/79000 G=7.226 Dp=0.001 Dm=0.123 cyc_w=5.00 id_w=0.00 2.70 it/s
step 41000/79000 G=7.539 Dp=0.006 Dm=0.081 cyc_w=5.00 id_w=0.00 2.70 it/s
step 41050/79000 G=7.356 Dp=0.001 Dm=0.095 cyc_w=5.00 id_w=0.00 2.70 it/s
step 41100/79000 G=7.554 Dp=0.000 Dm=0.058 cyc_w=5.00 id_w=0.00 2.70 it/s
step 41150/79000 G=8.213 Dp=0.001 Dm=0.089 cyc_w=5.00 id_w=0.00 2.70 it/s
step 41200/79000 G=6.278 Dp=0.010 Dm=0.176 cyc_w=5.00 id_w=0.00 2.70 it/s
step 41250/79000 G=7.391 Dp=0.000 Dm=0.122 cyc_w=5.00 id_w=0.00 2.70 it/s
step 41300/79000 G=8.022 Dp=0.000 Dm=0.126 cyc_w=5.00 id_w=0.00 2.70 it/s
step 41350/79000 G=7.625 Dp=0.005 Dm=0.092 cyc_w=5.00 id_w=0.00 2.70 it/s
step 41400/79000 G=8.537 Dp=0.000 Dm=0.096 cyc_w=5.00 id_w=0.00 2.70 it/s
step 41450/79000 G=7.684 Dp=0.002 Dm=0.120 cyc_w=5.00 id_w=0.00 2.70 it/s
step 41500/79000 G=7.908 Dp=0.000 Dm=0.117 cyc_w=5.00 id_w=0.00 2.70 it/s
step 41550/79000 G=7.578 Dp=0.002 Dm=0.141 cyc_w=5.00 id_w=0.00 2.70 it/s
step 41600/79000 G=7.242 Dp=0.000 Dm=0.126 cyc_w=5.00 id_w=0.00 2.70 it/s
step 41650/79000 G=8.031 Dp=0.000 Dm=0.070 cyc_w=5.00 id_w=0.00 2.70 it/s
step 41700/79000 G=8.039 Dp=0.001 Dm=0.114 cyc_w=5.00 id_w=0.00 2.70 it/s
step 41750/79000 G=7.483 Dp=0.002 Dm=0.091 cyc_w=5.00 id_w=0.00 2.70 it/s
step 41800/79000 G=6.924 Dp=0.001 Dm=0.080 cyc_w=5.00 id_w=0.00 2.70 it/s
step 41850/79000 G=7.169 Dp=0.001 Dm=0.104 cyc_w=5.00 id_w=0.00 2.70 it/s
step 41900/79000 G=7.451 Dp=0.004 Dm=0.166 cyc_w=5.00 id_w=0.00 2.70 it/s
step 41950/79000 G=7.091 Dp=0.001 Dm=0.150 cyc_w=5.00 id_w=0.00 2.70 it/s
step 42000/79000 G=7.612 Dp=0.002 Dm=0.075 cyc_w=5.00 id_w=0.00 2.70 it/s
EVAL {"step": 42000, "variant": "ema", "fid_a2b": 425.1377468404178, "fid_b2a": 137.74565630547184, "mifid_a2b": 0.7378669746814697, "mifid_b2a": 0.405805480412464, "fid": 281.4417015729448, "mifid": 0.5718362275469668, "composite": 141.00676890024587}
EVAL {"step": 42000, "variant": "ema_slow", "fid_a2b": 425.1377468404178, "fid_b2a": 159.43462677741945, "mifid_a2b": 0.7378669746814697, "mifid_b2a": 0.41465798667687276, "fid": 292.2861868089186, "mifid": 0.5762624806791712, "composite": 146.4312246447989}
EVAL {"step": 42000, "variant": "raw", "fid_a2b": 425.1377468404178, "fid_b2a": 177.35616199866283, "mifid_a2b": 0.7378669746814697, "mifid_b2a": 0.40387056996110754, "fid": 301.2469544195403, "mifid": 0.5708687723212886, "composite": 150.9089115959308}
step 42050/79000 G=6.993 Dp=0.002 Dm=0.187 cyc_w=5.00 id_w=0.00 2.69 it/s
step 42100/79000 G=7.398 Dp=0.001 Dm=0.087 cyc_w=5.00 id_w=0.00 2.69 it/s
step 42150/79000 G=8.247 Dp=0.001 Dm=0.111 cyc_w=5.00 id_w=0.00 2.69 it/s
step 42200/79000 G=6.837 Dp=0.002 Dm=0.071 cyc_w=5.00 id_w=0.00 2.69 it/s
step 42250/79000 G=6.970 Dp=0.001 Dm=0.106 cyc_w=5.00 id_w=0.00 2.69 it/s
step 42300/79000 G=7.041 Dp=0.002 Dm=0.108 cyc_w=5.00 id_w=0.00 2.69 it/s
step 42350/79000 G=8.652 Dp=0.001 Dm=0.082 cyc_w=5.00 id_w=0.00 2.70 it/s
step 42400/79000 G=7.339 Dp=0.002 Dm=0.055 cyc_w=5.00 id_w=0.00 2.70 it/s
step 42450/79000 G=8.584 Dp=0.001 Dm=0.089 cyc_w=5.00 id_w=0.00 2.70 it/s
step 42500/79000 G=7.034 Dp=0.001 Dm=0.061 cyc_w=5.00 id_w=0.00 2.70 it/s
step 42550/79000 G=7.558 Dp=0.001 Dm=0.128 cyc_w=5.00 id_w=0.00 2.70 it/s
step 42600/79000 G=8.016 Dp=0.007 Dm=0.063 cyc_w=5.00 id_w=0.00 2.70 it/s
step 42650/79000 G=7.538 Dp=0.000 Dm=0.109 cyc_w=5.00 id_w=0.00 2.70 it/s
step 42700/79000 G=6.967 Dp=0.000 Dm=0.128 cyc_w=5.00 id_w=0.00 2.70 it/s
step 42750/79000 G=8.360 Dp=0.000 Dm=0.050 cyc_w=5.00 id_w=0.00 2.70 it/s
step 42800/79000 G=8.575 Dp=0.000 Dm=0.059 cyc_w=5.00 id_w=0.00 2.70 it/s
step 42850/79000 G=8.518 Dp=0.000 Dm=0.057 cyc_w=5.00 id_w=0.00 2.70 it/s
step 42900/79000 G=8.011 Dp=0.000 Dm=0.068 cyc_w=5.00 id_w=0.00 2.70 it/s
step 42950/79000 G=8.266 Dp=0.000 Dm=0.084 cyc_w=5.00 id_w=0.00 2.70 it/s
step 43000/79000 G=7.420 Dp=0.002 Dm=0.095 cyc_w=5.00 id_w=0.00 2.70 it/s
step 43050/79000 G=7.833 Dp=0.001 Dm=0.080 cyc_w=5.00 id_w=0.00 2.70 it/s
step 43100/79000 G=7.509 Dp=0.000 Dm=0.142 cyc_w=5.00 id_w=0.00 2.70 it/s
step 43150/79000 G=7.482 Dp=0.001 Dm=0.156 cyc_w=5.00 id_w=0.00 2.70 it/s
step 43200/79000 G=7.749 Dp=0.000 Dm=0.086 cyc_w=5.00 id_w=0.00 2.70 it/s
step 43250/79000 G=6.787 Dp=0.006 Dm=0.053 cyc_w=5.00 id_w=0.00 2.70 it/s
step 43300/79000 G=7.954 Dp=0.001 Dm=0.118 cyc_w=5.00 id_w=0.00 2.70 it/s
step 43350/79000 G=7.784 Dp=0.000 Dm=0.069 cyc_w=5.00 id_w=0.00 2.70 it/s
step 43400/79000 G=6.879 Dp=0.000 Dm=0.137 cyc_w=5.00 id_w=0.00 2.70 it/s
step 43450/79000 G=7.533 Dp=0.005 Dm=0.078 cyc_w=5.00 id_w=0.00 2.70 it/s
step 43500/79000 G=7.420 Dp=0.000 Dm=0.102 cyc_w=5.00 id_w=0.00 2.70 it/s
step 43550/79000 G=8.636 Dp=0.002 Dm=0.115 cyc_w=5.00 id_w=0.00 2.70 it/s
step 43600/79000 G=7.503 Dp=0.000 Dm=0.071 cyc_w=5.00 id_w=0.00 2.70 it/s
step 43650/79000 G=6.646 Dp=0.000 Dm=0.072 cyc_w=5.00 id_w=0.00 2.70 it/s
step 43700/79000 G=7.389 Dp=0.001 Dm=0.087 cyc_w=5.00 id_w=0.00 2.70 it/s
step 43750/79000 G=7.461 Dp=0.002 Dm=0.079 cyc_w=5.00 id_w=0.00 2.70 it/s
step 43800/79000 G=6.876 Dp=0.000 Dm=0.079 cyc_w=5.00 id_w=0.00 2.70 it/s
step 43850/79000 G=7.781 Dp=0.001 Dm=0.121 cyc_w=5.00 id_w=0.00 2.70 it/s
step 43900/79000 G=7.758 Dp=0.003 Dm=0.079 cyc_w=5.00 id_w=0.00 2.70 it/s
step 43950/79000 G=8.194 Dp=0.002 Dm=0.183 cyc_w=5.00 id_w=0.00 2.70 it/s
step 44000/79000 G=7.470 Dp=0.002 Dm=0.069 cyc_w=5.00 id_w=0.00 2.70 it/s
step 44050/79000 G=7.230 Dp=0.001 Dm=0.060 cyc_w=5.00 id_w=0.00 2.70 it/s
step 44100/79000 G=7.492 Dp=0.001 Dm=0.099 cyc_w=5.00 id_w=0.00 2.70 it/s
step 44150/79000 G=7.568 Dp=0.001 Dm=0.100 cyc_w=5.00 id_w=0.00 2.71 it/s
step 44200/79000 G=8.762 Dp=0.001 Dm=0.178 cyc_w=5.00 id_w=0.00 2.71 it/s
step 44250/79000 G=8.398 Dp=0.001 Dm=0.069 cyc_w=5.00 id_w=0.00 2.71 it/s
step 44300/79000 G=7.072 Dp=0.001 Dm=0.075 cyc_w=5.00 id_w=0.00 2.71 it/s
step 44350/79000 G=7.562 Dp=0.001 Dm=0.068 cyc_w=5.00 id_w=0.00 2.71 it/s
step 44400/79000 G=7.641 Dp=0.015 Dm=0.099 cyc_w=5.00 id_w=0.00 2.71 it/s
step 44450/79000 G=6.999 Dp=0.000 Dm=0.082 cyc_w=5.00 id_w=0.00 2.71 it/s
step 44500/79000 G=8.357 Dp=0.000 Dm=0.080 cyc_w=5.00 id_w=0.00 2.71 it/s
step 44550/79000 G=6.642 Dp=0.000 Dm=0.067 cyc_w=5.00 id_w=0.00 2.71 it/s
step 44600/79000 G=7.320 Dp=0.001 Dm=0.104 cyc_w=5.00 id_w=0.00 2.71 it/s
step 44650/79000 G=7.376 Dp=0.001 Dm=0.054 cyc_w=5.00 id_w=0.00 2.71 it/s
step 44700/79000 G=7.308 Dp=0.003 Dm=0.109 cyc_w=5.00 id_w=0.00 2.71 it/s
step 44750/79000 G=7.427 Dp=0.001 Dm=0.113 cyc_w=5.00 id_w=0.00 2.71 it/s
step 44800/79000 G=7.427 Dp=0.002 Dm=0.069 cyc_w=5.00 id_w=0.00 2.71 it/s
step 44850/79000 G=7.551 Dp=0.001 Dm=0.104 cyc_w=5.00 id_w=0.00 2.71 it/s
step 44900/79000 G=7.868 Dp=0.000 Dm=0.068 cyc_w=5.00 id_w=0.00 2.71 it/s
step 44950/79000 G=7.833 Dp=0.001 Dm=0.079 cyc_w=5.00 id_w=0.00 2.71 it/s
step 45000/79000 G=7.274 Dp=0.002 Dm=0.087 cyc_w=5.00 id_w=0.00 2.71 it/s
EVAL {"step": 45000, "variant": "ema", "fid_a2b": 425.1377468404178, "fid_b2a": 133.3013737908029, "mifid_a2b": 0.7378669746814697, "mifid_b2a": 0.40764597289804405, "fid": 279.21956031561035, "mifid": 0.5727564737897568, "composite": 139.89615839470005}
EVAL {"step": 45000, "variant": "ema_slow", "fid_a2b": 425.1377468404178, "fid_b2a": 160.65124664091474, "mifid_a2b": 0.7378669746814697, "mifid_b2a": 0.42231211163223836, "fid": 292.8944967406662, "mifid": 0.580089543156854, "composite": 146.73729314191155}
EVAL {"step": 45000, "variant": "raw", "fid_a2b": 425.1377468404178, "fid_b2a": 159.72032430080753, "mifid_a2b": 0.7378669746814697, "mifid_b2a": 0.40728431232726875, "fid": 292.42903557061265, "mifid": 0.5725756435043692, "composite": 146.5008056070585}
step 45050/79000 G=7.759 Dp=0.001 Dm=0.085 cyc_w=5.00 id_w=0.00 2.70 it/s
step 45100/79000 G=7.419 Dp=0.000 Dm=0.096 cyc_w=5.00 id_w=0.00 2.70 it/s
step 45150/79000 G=7.462 Dp=0.000 Dm=0.102 cyc_w=5.00 id_w=0.00 2.70 it/s
step 45200/79000 G=7.382 Dp=0.001 Dm=0.095 cyc_w=5.00 id_w=0.00 2.70 it/s
step 45250/79000 G=7.868 Dp=0.000 Dm=0.152 cyc_w=5.00 id_w=0.00 2.70 it/s
step 45300/79000 G=7.726 Dp=0.000 Dm=0.049 cyc_w=5.00 id_w=0.00 2.70 it/s
step 45350/79000 G=8.261 Dp=0.000 Dm=0.058 cyc_w=5.00 id_w=0.00 2.70 it/s
step 45400/79000 G=7.991 Dp=0.009 Dm=0.068 cyc_w=5.00 id_w=0.00 2.70 it/s
step 45450/79000 G=8.311 Dp=0.000 Dm=0.181 cyc_w=5.00 id_w=0.00 2.70 it/s
step 45500/79000 G=7.636 Dp=0.000 Dm=0.105 cyc_w=5.00 id_w=0.00 2.70 it/s
step 45550/79000 G=7.668 Dp=0.000 Dm=0.071 cyc_w=5.00 id_w=0.00 2.70 it/s
step 45600/79000 G=7.675 Dp=0.001 Dm=0.107 cyc_w=5.00 id_w=0.00 2.70 it/s
step 45650/79000 G=7.330 Dp=0.003 Dm=0.081 cyc_w=5.00 id_w=0.00 2.70 it/s
step 45700/79000 G=7.321 Dp=0.003 Dm=0.082 cyc_w=5.00 id_w=0.00 2.70 it/s
step 45750/79000 G=7.361 Dp=0.001 Dm=0.080 cyc_w=5.00 id_w=0.00 2.70 it/s
step 45800/79000 G=6.867 Dp=0.000 Dm=0.106 cyc_w=5.00 id_w=0.00 2.70 it/s
step 45850/79000 G=6.790 Dp=0.001 Dm=0.079 cyc_w=5.00 id_w=0.00 2.70 it/s
step 45900/79000 G=7.735 Dp=0.000 Dm=0.128 cyc_w=5.00 id_w=0.00 2.70 it/s
step 45950/79000 G=7.319 Dp=0.000 Dm=0.043 cyc_w=5.00 id_w=0.00 2.70 it/s
step 46000/79000 G=8.149 Dp=0.000 Dm=0.076 cyc_w=5.00 id_w=0.00 2.70 it/s
step 46050/79000 G=7.136 Dp=0.002 Dm=0.066 cyc_w=5.00 id_w=0.00 2.70 it/s
step 46100/79000 G=7.471 Dp=0.000 Dm=0.114 cyc_w=5.00 id_w=0.00 2.70 it/s
step 46150/79000 G=7.649 Dp=0.001 Dm=0.125 cyc_w=5.00 id_w=0.00 2.70 it/s
step 46200/79000 G=7.558 Dp=0.000 Dm=0.086 cyc_w=5.00 id_w=0.00 2.70 it/s
step 46250/79000 G=7.311 Dp=0.000 Dm=0.104 cyc_w=5.00 id_w=0.00 2.70 it/s
step 46300/79000 G=6.643 Dp=0.002 Dm=0.080 cyc_w=5.00 id_w=0.00 2.70 it/s
step 46350/79000 G=8.244 Dp=0.000 Dm=0.092 cyc_w=5.00 id_w=0.00 2.70 it/s
step 46400/79000 G=7.641 Dp=0.003 Dm=0.056 cyc_w=5.00 id_w=0.00 2.70 it/s
step 46450/79000 G=6.991 Dp=0.000 Dm=0.104 cyc_w=5.00 id_w=0.00 2.70 it/s
step 46500/79000 G=7.836 Dp=0.000 Dm=0.113 cyc_w=5.00 id_w=0.00 2.70 it/s
step 46550/79000 G=7.703 Dp=0.000 Dm=0.081 cyc_w=5.00 id_w=0.00 2.70 it/s
step 46600/79000 G=7.162 Dp=0.000 Dm=0.068 cyc_w=5.00 id_w=0.00 2.70 it/s
step 46650/79000 G=8.242 Dp=0.000 Dm=0.080 cyc_w=5.00 id_w=0.00 2.70 it/s
step 46700/79000 G=7.559 Dp=0.000 Dm=0.082 cyc_w=5.00 id_w=0.00 2.70 it/s
step 46750/79000 G=7.444 Dp=0.003 Dm=0.064 cyc_w=5.00 id_w=0.00 2.70 it/s
step 46800/79000 G=7.771 Dp=0.000 Dm=0.075 cyc_w=5.00 id_w=0.00 2.70 it/s
step 46850/79000 G=6.909 Dp=0.000 Dm=0.068 cyc_w=5.00 id_w=0.00 2.70 it/s
step 46900/79000 G=7.661 Dp=0.001 Dm=0.111 cyc_w=5.00 id_w=0.00 2.70 it/s
step 46950/79000 G=7.908 Dp=0.000 Dm=0.081 cyc_w=5.00 id_w=0.00 2.70 it/s
step 47000/79000 G=7.425 Dp=0.001 Dm=0.074 cyc_w=5.00 id_w=0.00 2.70 it/s
step 47050/79000 G=7.212 Dp=0.001 Dm=0.117 cyc_w=5.00 id_w=0.00 2.70 it/s
step 47100/79000 G=7.335 Dp=0.002 Dm=0.098 cyc_w=5.00 id_w=0.00 2.71 it/s
step 47150/79000 G=7.210 Dp=0.000 Dm=0.071 cyc_w=5.00 id_w=0.00 2.71 it/s
step 47200/79000 G=7.176 Dp=0.000 Dm=0.149 cyc_w=5.00 id_w=0.00 2.71 it/s
step 47250/79000 G=7.713 Dp=0.001 Dm=0.126 cyc_w=5.00 id_w=0.00 2.71 it/s
step 47300/79000 G=7.742 Dp=0.000 Dm=0.061 cyc_w=5.00 id_w=0.00 2.71 it/s
step 47350/79000 G=8.173 Dp=0.003 Dm=0.041 cyc_w=5.00 id_w=0.00 2.71 it/s
step 47400/79000 G=7.386 Dp=0.000 Dm=0.064 cyc_w=5.00 id_w=0.00 2.71 it/s
step 47450/79000 G=7.905 Dp=0.000 Dm=0.087 cyc_w=5.00 id_w=0.00 2.71 it/s
step 47500/79000 G=8.013 Dp=0.001 Dm=0.090 cyc_w=5.00 id_w=0.00 2.71 it/s
step 47550/79000 G=6.986 Dp=0.002 Dm=0.091 cyc_w=5.00 id_w=0.00 2.71 it/s
step 47600/79000 G=7.576 Dp=0.000 Dm=0.162 cyc_w=5.00 id_w=0.00 2.71 it/s
step 47650/79000 G=6.810 Dp=0.000 Dm=0.122 cyc_w=5.00 id_w=0.00 2.71 it/s
step 47700/79000 G=7.127 Dp=0.007 Dm=0.079 cyc_w=5.00 id_w=0.00 2.71 it/s
step 47750/79000 G=7.256 Dp=0.000 Dm=0.115 cyc_w=5.00 id_w=0.00 2.71 it/s
step 47800/79000 G=7.980 Dp=0.000 Dm=0.100 cyc_w=5.00 id_w=0.00 2.71 it/s
step 47850/79000 G=6.735 Dp=0.000 Dm=0.075 cyc_w=5.00 id_w=0.00 2.71 it/s
step 47900/79000 G=7.301 Dp=0.005 Dm=0.073 cyc_w=5.00 id_w=0.00 2.71 it/s
step 47950/79000 G=7.026 Dp=0.000 Dm=0.063 cyc_w=5.00 id_w=0.00 2.71 it/s
step 48000/79000 G=7.021 Dp=0.002 Dm=0.162 cyc_w=5.00 id_w=0.00 2.71 it/s
EVAL {"step": 48000, "variant": "ema", "fid_a2b": 425.1377468404178, "fid_b2a": 139.81133083930624, "mifid_a2b": 0.7378669746814697, "mifid_b2a": 0.40781970816794727, "fid": 282.474538839862, "mifid": 0.5728433414247085, "composite": 141.52369109064335}
EVAL {"step": 48000, "variant": "ema_slow", "fid_a2b": 425.1377468404178, "fid_b2a": 160.70597630344807, "mifid_a2b": 0.7378669746814697, "mifid_b2a": 0.42085979281842256, "fid": 292.92186157193294, "mifid": 0.5793633837499461, "composite": 146.75061247784143}
EVAL {"step": 48000, "variant": "raw", "fid_a2b": 425.1377468404178, "fid_b2a": 130.37101277381757, "mifid_a2b": 0.7378669746814697, "mifid_b2a": 0.37563631216658155, "fid": 277.7543798071177, "mifid": 0.5567516434240256, "composite": 139.15556572527086}
step 48050/79000 G=7.596 Dp=0.000 Dm=0.095 cyc_w=5.00 id_w=0.00 2.70 it/s
step 48100/79000 G=8.041 Dp=0.002 Dm=0.101 cyc_w=5.00 id_w=0.00 2.70 it/s
step 48150/79000 G=7.152 Dp=0.000 Dm=0.090 cyc_w=5.00 id_w=0.00 2.70 it/s
step 48200/79000 G=7.955 Dp=0.001 Dm=0.089 cyc_w=5.00 id_w=0.00 2.70 it/s
step 48250/79000 G=7.563 Dp=0.001 Dm=0.063 cyc_w=5.00 id_w=0.00 2.70 it/s
step 48300/79000 G=8.608 Dp=0.000 Dm=0.065 cyc_w=5.00 id_w=0.00 2.70 it/s
step 48350/79000 G=7.616 Dp=0.000 Dm=0.108 cyc_w=5.00 id_w=0.00 2.70 it/s
step 48400/79000 G=7.522 Dp=0.004 Dm=0.075 cyc_w=5.00 id_w=0.00 2.70 it/s
step 48450/79000 G=8.223 Dp=0.000 Dm=0.066 cyc_w=5.00 id_w=0.00 2.70 it/s
step 48500/79000 G=8.191 Dp=0.000 Dm=0.158 cyc_w=5.00 id_w=0.00 2.70 it/s
step 48550/79000 G=7.627 Dp=0.000 Dm=0.041 cyc_w=5.00 id_w=0.00 2.70 it/s
step 48600/79000 G=7.937 Dp=0.000 Dm=0.113 cyc_w=5.00 id_w=0.00 2.70 it/s
step 48650/79000 G=6.781 Dp=0.000 Dm=0.108 cyc_w=5.00 id_w=0.00 2.70 it/s
step 48700/79000 G=7.571 Dp=0.000 Dm=0.078 cyc_w=5.00 id_w=0.00 2.70 it/s
step 48750/79000 G=8.727 Dp=0.000 Dm=0.089 cyc_w=5.00 id_w=0.00 2.70 it/s
step 48800/79000 G=7.547 Dp=0.000 Dm=0.104 cyc_w=5.00 id_w=0.00 2.70 it/s
step 48850/79000 G=7.331 Dp=0.000 Dm=0.068 cyc_w=5.00 id_w=0.00 2.70 it/s
step 48900/79000 G=7.201 Dp=0.000 Dm=0.111 cyc_w=5.00 id_w=0.00 2.70 it/s
step 48950/79000 G=7.906 Dp=0.000 Dm=0.090 cyc_w=5.00 id_w=0.00 2.70 it/s
step 49000/79000 G=7.819 Dp=0.000 Dm=0.051 cyc_w=5.00 id_w=0.00 2.70 it/s
step 49050/79000 G=8.165 Dp=0.001 Dm=0.079 cyc_w=5.00 id_w=0.00 2.70 it/s
step 49100/79000 G=7.229 Dp=0.001 Dm=0.097 cyc_w=5.00 id_w=0.00 2.70 it/s
step 49150/79000 G=7.483 Dp=0.000 Dm=0.056 cyc_w=5.00 id_w=0.00 2.70 it/s
step 49200/79000 G=7.357 Dp=0.000 Dm=0.079 cyc_w=5.00 id_w=0.00 2.70 it/s
step 49250/79000 G=7.591 Dp=0.000 Dm=0.094 cyc_w=5.00 id_w=0.00 2.70 it/s
step 49300/79000 G=7.330 Dp=0.000 Dm=0.078 cyc_w=5.00 id_w=0.00 2.70 it/s
step 49350/79000 G=7.435 Dp=0.000 Dm=0.087 cyc_w=5.00 id_w=0.00 2.70 it/s
step 49400/79000 G=7.323 Dp=0.002 Dm=0.090 cyc_w=5.00 id_w=0.00 2.70 it/s
step 49450/79000 G=7.013 Dp=0.001 Dm=0.062 cyc_w=5.00 id_w=0.00 2.70 it/s
step 49500/79000 G=7.381 Dp=0.001 Dm=0.108 cyc_w=5.00 id_w=0.00 2.70 it/s
step 49550/79000 G=6.347 Dp=0.003 Dm=0.082 cyc_w=5.00 id_w=0.00 2.70 it/s
step 49600/79000 G=7.759 Dp=0.000 Dm=0.092 cyc_w=5.00 id_w=0.00 2.70 it/s
step 49650/79000 G=7.759 Dp=0.000 Dm=0.098 cyc_w=5.00 id_w=0.00 2.70 it/s
step 49700/79000 G=8.113 Dp=0.000 Dm=0.072 cyc_w=5.00 id_w=0.00 2.70 it/s
step 49750/79000 G=7.710 Dp=0.000 Dm=0.071 cyc_w=5.00 id_w=0.00 2.70 it/s
step 49800/79000 G=7.000 Dp=0.000 Dm=0.064 cyc_w=5.00 id_w=0.00 2.70 it/s
step 49850/79000 G=7.851 Dp=0.001 Dm=0.081 cyc_w=5.00 id_w=0.00 2.71 it/s
step 49900/79000 G=7.770 Dp=0.000 Dm=0.105 cyc_w=5.00 id_w=0.00 2.71 it/s
step 49950/79000 G=7.982 Dp=0.000 Dm=0.104 cyc_w=5.00 id_w=0.00 2.71 it/s
step 50000/79000 G=7.600 Dp=0.000 Dm=0.082 cyc_w=5.00 id_w=0.00 2.71 it/s
step 50050/79000 G=7.357 Dp=0.003 Dm=0.071 cyc_w=5.00 id_w=0.00 2.71 it/s
step 50100/79000 G=7.233 Dp=0.000 Dm=0.058 cyc_w=5.00 id_w=0.00 2.71 it/s
step 50150/79000 G=6.701 Dp=0.000 Dm=0.061 cyc_w=5.00 id_w=0.00 2.71 it/s
step 50200/79000 G=7.677 Dp=0.000 Dm=0.049 cyc_w=5.00 id_w=0.00 2.71 it/s
step 50250/79000 G=6.515 Dp=0.001 Dm=0.083 cyc_w=5.00 id_w=0.00 2.71 it/s
step 50300/79000 G=8.726 Dp=0.001 Dm=0.070 cyc_w=5.00 id_w=0.00 2.71 it/s
step 50350/79000 G=8.005 Dp=0.000 Dm=0.067 cyc_w=5.00 id_w=0.00 2.71 it/s
step 50400/79000 G=6.835 Dp=0.000 Dm=0.084 cyc_w=5.00 id_w=0.00 2.71 it/s
step 50450/79000 G=7.683 Dp=0.000 Dm=0.130 cyc_w=5.00 id_w=0.00 2.71 it/s
step 50500/79000 G=6.652 Dp=0.000 Dm=0.065 cyc_w=5.00 id_w=0.00 2.71 it/s
step 50550/79000 G=7.030 Dp=0.010 Dm=0.083 cyc_w=5.00 id_w=0.00 2.71 it/s
step 50600/79000 G=7.987 Dp=0.000 Dm=0.045 cyc_w=5.00 id_w=0.00 2.71 it/s
step 50650/79000 G=6.693 Dp=0.000 Dm=0.079 cyc_w=5.00 id_w=0.00 2.71 it/s
step 50700/79000 G=8.007 Dp=0.000 Dm=0.058 cyc_w=5.00 id_w=0.00 2.71 it/s
step 50750/79000 G=6.767 Dp=0.000 Dm=0.071 cyc_w=5.00 id_w=0.00 2.71 it/s
step 50800/79000 G=7.152 Dp=0.000 Dm=0.062 cyc_w=5.00 id_w=0.00 2.71 it/s
step 50850/79000 G=7.874 Dp=0.000 Dm=0.080 cyc_w=5.00 id_w=0.00 2.71 it/s
step 50900/79000 G=8.387 Dp=0.000 Dm=0.089 cyc_w=5.00 id_w=0.00 2.71 it/s
step 50950/79000 G=7.066 Dp=0.000 Dm=0.110 cyc_w=5.00 id_w=0.00 2.71 it/s
step 51000/79000 G=7.427 Dp=0.000 Dm=0.040 cyc_w=5.00 id_w=0.00 2.71 it/s
EVAL {"step": 51000, "variant": "ema", "fid_a2b": 425.1377468404178, "fid_b2a": 117.07267421350018, "mifid_a2b": 0.7378669746814697, "mifid_b2a": 0.3915252208830262, "fid": 271.10521052695896, "mifid": 0.5646960977822479, "composite": 135.8349533123706}
EVAL {"step": 51000, "variant": "ema_slow", "fid_a2b": 425.1377468404178, "fid_b2a": 150.88485612205312, "mifid_a2b": 0.7378669746814697, "mifid_b2a": 0.4173120730037004, "fid": 288.0113014812355, "mifid": 0.577589523842585, "composite": 144.29444550253902}
EVAL {"step": 51000, "variant": "raw", "fid_a2b": 425.1377468404178, "fid_b2a": 244.7712613897906, "mifid_a2b": 0.7378669746814697, "mifid_b2a": 0.44227926519623945, "fid": 334.9545041151042, "mifid": 0.5900731199388546, "composite": 167.77228861752153}
step 51050/79000 G=8.373 Dp=0.000 Dm=0.071 cyc_w=5.00 id_w=0.00 2.70 it/s
step 51100/79000 G=7.870 Dp=0.000 Dm=0.048 cyc_w=5.00 id_w=0.00 2.70 it/s
step 51150/79000 G=7.714 Dp=0.012 Dm=0.066 cyc_w=5.00 id_w=0.00 2.70 it/s
step 51200/79000 G=7.566 Dp=0.000 Dm=0.097 cyc_w=5.00 id_w=0.00 2.70 it/s
step 51250/79000 G=7.292 Dp=0.000 Dm=0.089 cyc_w=5.00 id_w=0.00 2.70 it/s
step 51300/79000 G=6.903 Dp=0.000 Dm=0.067 cyc_w=5.00 id_w=0.00 2.70 it/s
step 51350/79000 G=6.680 Dp=0.001 Dm=0.069 cyc_w=5.00 id_w=0.00 2.70 it/s
step 51400/79000 G=7.111 Dp=0.001 Dm=0.087 cyc_w=5.00 id_w=0.00 2.70 it/s
step 51450/79000 G=7.643 Dp=0.000 Dm=0.045 cyc_w=5.00 id_w=0.00 2.70 it/s
step 51500/79000 G=7.430 Dp=0.005 Dm=0.089 cyc_w=5.00 id_w=0.00 2.70 it/s
step 51550/79000 G=7.783 Dp=0.000 Dm=0.081 cyc_w=5.00 id_w=0.00 2.70 it/s
step 51600/79000 G=7.626 Dp=0.000 Dm=0.087 cyc_w=5.00 id_w=0.00 2.70 it/s
step 51650/79000 G=7.941 Dp=0.001 Dm=0.049 cyc_w=5.00 id_w=0.00 2.70 it/s
step 51700/79000 G=8.161 Dp=0.000 Dm=0.061 cyc_w=5.00 id_w=0.00 2.70 it/s
step 51750/79000 G=7.075 Dp=0.000 Dm=0.036 cyc_w=5.00 id_w=0.00 2.70 it/s
step 51800/79000 G=6.995 Dp=0.001 Dm=0.067 cyc_w=5.00 id_w=0.00 2.70 it/s
step 51850/79000 G=7.318 Dp=0.000 Dm=0.076 cyc_w=5.00 id_w=0.00 2.70 it/s
step 51900/79000 G=8.158 Dp=0.000 Dm=0.085 cyc_w=5.00 id_w=0.00 2.70 it/s
step 51950/79000 G=7.743 Dp=0.002 Dm=0.079 cyc_w=5.00 id_w=0.00 2.70 it/s
step 52000/79000 G=7.834 Dp=0.000 Dm=0.043 cyc_w=5.00 id_w=0.00 2.70 it/s
step 52050/79000 G=7.991 Dp=0.000 Dm=0.106 cyc_w=5.00 id_w=0.00 2.70 it/s
step 52100/79000 G=7.226 Dp=0.000 Dm=0.039 cyc_w=5.00 id_w=0.00 2.70 it/s
step 52150/79000 G=7.324 Dp=0.002 Dm=0.107 cyc_w=5.00 id_w=0.00 2.70 it/s
step 52200/79000 G=7.123 Dp=0.000 Dm=0.084 cyc_w=5.00 id_w=0.00 2.70 it/s
step 52250/79000 G=8.199 Dp=0.000 Dm=0.078 cyc_w=5.00 id_w=0.00 2.70 it/s
step 52300/79000 G=7.229 Dp=0.001 Dm=0.073 cyc_w=5.00 id_w=0.00 2.70 it/s
step 52350/79000 G=7.234 Dp=0.000 Dm=0.052 cyc_w=5.00 id_w=0.00 2.70 it/s
step 52400/79000 G=8.563 Dp=0.000 Dm=0.046 cyc_w=5.00 id_w=0.00 2.70 it/s
step 52450/79000 G=7.789 Dp=0.000 Dm=0.107 cyc_w=5.00 id_w=0.00 2.70 it/s
step 52500/79000 G=7.989 Dp=0.005 Dm=0.067 cyc_w=5.00 id_w=0.00 2.70 it/s
step 52550/79000 G=7.517 Dp=0.000 Dm=0.091 cyc_w=5.00 id_w=0.00 2.70 it/s
step 52600/79000 G=6.901 Dp=0.000 Dm=0.111 cyc_w=5.00 id_w=0.00 2.70 it/s
step 52650/79000 G=7.932 Dp=0.000 Dm=0.108 cyc_w=5.00 id_w=0.00 2.70 it/s
step 52700/79000 G=7.633 Dp=0.000 Dm=0.079 cyc_w=5.00 id_w=0.00 2.70 it/s
step 52750/79000 G=7.843 Dp=0.006 Dm=0.070 cyc_w=5.00 id_w=0.00 2.70 it/s
step 52800/79000 G=6.765 Dp=0.000 Dm=0.123 cyc_w=5.00 id_w=0.00 2.70 it/s
step 52850/79000 G=7.419 Dp=0.000 Dm=0.067 cyc_w=5.00 id_w=0.00 2.70 it/s
step 52900/79000 G=7.623 Dp=0.000 Dm=0.110 cyc_w=5.00 id_w=0.00 2.70 it/s
step 52950/79000 G=7.382 Dp=0.000 Dm=0.058 cyc_w=5.00 id_w=0.00 2.70 it/s
step 53000/79000 G=7.298 Dp=0.001 Dm=0.054 cyc_w=5.00 id_w=0.00 2.70 it/s
step 53050/79000 G=7.358 Dp=0.000 Dm=0.063 cyc_w=5.00 id_w=0.00 2.71 it/s
step 53100/79000 G=7.788 Dp=0.000 Dm=0.082 cyc_w=5.00 id_w=0.00 2.71 it/s
step 53150/79000 G=7.933 Dp=0.000 Dm=0.094 cyc_w=5.00 id_w=0.00 2.71 it/s
step 53200/79000 G=6.429 Dp=0.000 Dm=0.156 cyc_w=5.00 id_w=0.00 2.71 it/s
step 53250/79000 G=7.258 Dp=0.000 Dm=0.053 cyc_w=5.00 id_w=0.00 2.71 it/s
step 53300/79000 G=7.263 Dp=0.000 Dm=0.069 cyc_w=5.00 id_w=0.00 2.71 it/s
step 53350/79000 G=8.253 Dp=0.002 Dm=0.042 cyc_w=5.00 id_w=0.00 2.71 it/s
step 53400/79000 G=9.075 Dp=0.000 Dm=0.036 cyc_w=5.00 id_w=0.00 2.71 it/s
step 53450/79000 G=7.351 Dp=0.000 Dm=0.078 cyc_w=5.00 id_w=0.00 2.71 it/s
step 53500/79000 G=7.526 Dp=0.000 Dm=0.053 cyc_w=5.00 id_w=0.00 2.71 it/s
step 53550/79000 G=6.504 Dp=0.000 Dm=0.082 cyc_w=5.00 id_w=0.00 2.71 it/s
step 53600/79000 G=7.649 Dp=0.000 Dm=0.084 cyc_w=5.00 id_w=0.00 2.71 it/s
step 53650/79000 G=7.694 Dp=0.001 Dm=0.086 cyc_w=5.00 id_w=0.00 2.71 it/s
step 53700/79000 G=7.245 Dp=0.000 Dm=0.087 cyc_w=5.00 id_w=0.00 2.71 it/s
step 53750/79000 G=7.838 Dp=0.000 Dm=0.099 cyc_w=5.00 id_w=0.00 2.71 it/s
step 53800/79000 G=8.523 Dp=0.001 Dm=0.049 cyc_w=5.00 id_w=0.00 2.71 it/s
step 53850/79000 G=7.906 Dp=0.000 Dm=0.074 cyc_w=5.00 id_w=0.00 2.71 it/s
step 53900/79000 G=7.969 Dp=0.000 Dm=0.088 cyc_w=5.00 id_w=0.00 2.71 it/s
step 53950/79000 G=6.848 Dp=0.000 Dm=0.086 cyc_w=5.00 id_w=0.00 2.71 it/s
step 54000/79000 G=8.142 Dp=0.000 Dm=0.078 cyc_w=5.00 id_w=0.00 2.71 it/s
EVAL {"step": 54000, "variant": "ema", "fid_a2b": 425.1377468404178, "fid_b2a": 109.88894385794482, "mifid_a2b": 0.7378669746814697, "mifid_b2a": 0.38527712349606635, "fid": 267.5133453491813, "mifid": 0.561572049088768, "composite": 134.03745869913504}
EVAL {"step": 54000, "variant": "ema_slow", "fid_a2b": 425.1377468404178, "fid_b2a": 145.37104093546068, "mifid_a2b": 0.7378669746814697, "mifid_b2a": 0.4135460072274638, "fid": 285.2543938879392, "mifid": 0.5757064909544667, "composite": 142.91505018944684}
EVAL {"step": 54000, "variant": "raw", "fid_a2b": 425.1377468404178, "fid_b2a": 115.62247085966285, "mifid_a2b": 0.7378669746814697, "mifid_b2a": 0.37820081330855115, "fid": 270.3801088500403, "mifid": 0.5580338939950105, "composite": 135.46907137201765}
