
# 2026-10-03T22:01:15+00:00 /venv/main/bin/python /workspace/Part3_Push_5090/scripts/finetune_part3_push.py train --init /workspace/Part3_Push_5090/inputs/init.pt --output /workspace/Part3_Push_5090/work/arms/b8_c5 --device cuda --stop-file /workspace/Part3_Push_5090/work/STOP --steps 85000 --eval-every 3250 --constant-fraction 0.5 --ema-beta 0.999 --ema-slow-beta 0.9999 --eval-variants ema,ema_slow,raw --checkpoint-every 1000 --log-every 50 --precision bf16 --data all --jpeg-quality 75 --jpeg-subsampling 2 --identity-start 0.0 --identity-end 0.0 --cycle-start 5.0 --cycle-end 5.0 --aug-monet translation --prefetch 3 --learning-rate 0.0002 --batch-size 8 --warmup-steps 500
{
  "device": "cuda",
  "recipe": {
    "steps": 85000,
    "learning_rate": 0.0002,
    "beta1": 0.5,
    "beta2": 0.999,
    "constant_fraction": 0.5,
    "cycle_start": 5.0,
    "cycle_end": 5.0,
    "identity_start": 0.0,
    "identity_end": 0.0,
    "weight_ramp_steps": 0,
    "extra_scales": 0,
    "d_warmup_steps": 0,
    "aug_monet": "translation",
    "aug_photo": "",
    "flip_equivariance": 0.0,
    "ema_beta": 0.999,
    "ema_slow_beta": 0.9999,
    "replay_size": 50,
    "eval_every": 3250,
    "checkpoint_every": 1000,
    "log_every": 50,
    "precision": "bf16",
    "seed": 2342,
    "data": "all",
    "jpeg_quality": 75,
    "jpeg_subsampling": 2,
    "eval_variants": "ema,ema_slow,raw",
    "train_view": "resize286",
    "batch_size": 8,
    "cycle_lowpass": 0,
    "cycle_detail": 1.0,
    "cycle_photo_scale": 1.0,
    "cycle_monet_scale": 1.0,
    "nce_weight": 0.0,
    "nce_idt_weight": 0.0,
    "nce_layers": "0,4,8,12,16",
    "nce_patches": 256,
    "nce_tau": 0.07,
    "r1_gamma": 0.0,
    "r1_every": 4,
    "d_noise_start": 0.0,
    "d_noise_end": 0.0,
    "prefetch": 3,
    "warmup_steps": 500
  },
  "init": "/workspace/Part3_Push_5090/inputs/init.pt"
}
EVAL {"step": 0, "variant": "ema", "fid_a2b": 98.11305533638378, "fid_b2a": 97.15066385961023, "mifid_a2b": 0.4186183550713452, "mifid_b2a": 0.4055872147794554, "fid": 97.631859597997, "mifid": 0.4121027849254003, "composite": 49.0219811914612}
EVAL {"step": 0, "variant": "ema_slow", "fid_a2b": 98.11305533638378, "fid_b2a": 97.15066385961023, "mifid_a2b": 0.4186183550713452, "mifid_b2a": 0.4055872147794554, "fid": 97.631859597997, "mifid": 0.4121027849254003, "composite": 49.0219811914612}
EVAL {"step": 0, "variant": "raw", "fid_a2b": 98.11305533638378, "fid_b2a": 97.15066385961023, "mifid_a2b": 0.4186183550713452, "mifid_b2a": 0.4055872147794554, "fid": 97.631859597997, "mifid": 0.4121027849254003, "composite": 49.0219811914612}
step 50/85000 G=1.467 Dp=0.209 Dm=0.142 cyc_w=5.00 id_w=0.00 0.62 it/s
step 100/85000 G=1.659 Dp=0.159 Dm=0.150 cyc_w=5.00 id_w=0.00 1.02 it/s
step 150/85000 G=1.603 Dp=0.153 Dm=0.182 cyc_w=5.00 id_w=0.00 1.29 it/s
step 200/85000 G=1.620 Dp=0.155 Dm=0.121 cyc_w=5.00 id_w=0.00 1.50 it/s
step 250/85000 G=1.969 Dp=0.125 Dm=0.138 cyc_w=5.00 id_w=0.00 1.66 it/s
step 300/85000 G=5.356 Dp=2.427 Dm=0.109 cyc_w=5.00 id_w=0.00 1.78 it/s
step 350/85000 G=1.627 Dp=0.173 Dm=0.102 cyc_w=5.00 id_w=0.00 1.88 it/s
step 400/85000 G=1.719 Dp=0.149 Dm=0.143 cyc_w=5.00 id_w=0.00 1.96 it/s
step 450/85000 G=2.160 Dp=0.119 Dm=0.172 cyc_w=5.00 id_w=0.00 2.03 it/s
step 500/85000 G=1.790 Dp=0.122 Dm=0.193 cyc_w=5.00 id_w=0.00 2.09 it/s
step 550/85000 G=1.809 Dp=0.118 Dm=0.212 cyc_w=5.00 id_w=0.00 2.14 it/s
step 600/85000 G=1.649 Dp=0.209 Dm=0.233 cyc_w=5.00 id_w=0.00 2.19 it/s
step 650/85000 G=1.714 Dp=0.108 Dm=0.213 cyc_w=5.00 id_w=0.00 2.23 it/s
step 700/85000 G=1.511 Dp=0.155 Dm=0.218 cyc_w=5.00 id_w=0.00 2.26 it/s
step 750/85000 G=1.773 Dp=0.130 Dm=0.202 cyc_w=5.00 id_w=0.00 2.29 it/s
step 800/85000 G=1.332 Dp=0.209 Dm=0.193 cyc_w=5.00 id_w=0.00 2.32 it/s
step 850/85000 G=1.416 Dp=0.153 Dm=0.216 cyc_w=5.00 id_w=0.00 2.35 it/s
step 900/85000 G=1.795 Dp=0.140 Dm=0.185 cyc_w=5.00 id_w=0.00 2.37 it/s
step 950/85000 G=1.608 Dp=0.090 Dm=0.179 cyc_w=5.00 id_w=0.00 2.39 it/s
step 1000/85000 G=1.692 Dp=0.111 Dm=0.189 cyc_w=5.00 id_w=0.00 2.41 it/s
step 1050/85000 G=2.018 Dp=0.165 Dm=0.172 cyc_w=5.00 id_w=0.00 2.42 it/s
step 1100/85000 G=1.889 Dp=0.094 Dm=0.172 cyc_w=5.00 id_w=0.00 2.44 it/s
step 1150/85000 G=1.888 Dp=0.212 Dm=0.196 cyc_w=5.00 id_w=0.00 2.46 it/s
step 1200/85000 G=1.600 Dp=0.144 Dm=0.159 cyc_w=5.00 id_w=0.00 2.47 it/s
step 1250/85000 G=1.555 Dp=0.197 Dm=0.177 cyc_w=5.00 id_w=0.00 2.48 it/s
step 1300/85000 G=1.616 Dp=0.139 Dm=0.181 cyc_w=5.00 id_w=0.00 2.49 it/s
step 1350/85000 G=1.634 Dp=0.152 Dm=0.155 cyc_w=5.00 id_w=0.00 2.51 it/s
step 1400/85000 G=1.771 Dp=0.122 Dm=0.167 cyc_w=5.00 id_w=0.00 2.52 it/s
step 1450/85000 G=1.830 Dp=0.143 Dm=0.157 cyc_w=5.00 id_w=0.00 2.53 it/s
step 1500/85000 G=1.496 Dp=0.163 Dm=0.142 cyc_w=5.00 id_w=0.00 2.54 it/s
step 1550/85000 G=1.760 Dp=0.116 Dm=0.103 cyc_w=5.00 id_w=0.00 2.54 it/s
step 1600/85000 G=1.725 Dp=0.113 Dm=0.140 cyc_w=5.00 id_w=0.00 2.55 it/s
step 1650/85000 G=1.906 Dp=0.142 Dm=0.143 cyc_w=5.00 id_w=0.00 2.56 it/s
step 1700/85000 G=1.553 Dp=0.152 Dm=0.096 cyc_w=5.00 id_w=0.00 2.57 it/s
step 1750/85000 G=2.113 Dp=0.116 Dm=0.172 cyc_w=5.00 id_w=0.00 2.58 it/s
step 1800/85000 G=1.742 Dp=0.127 Dm=0.162 cyc_w=5.00 id_w=0.00 2.58 it/s
step 1850/85000 G=1.532 Dp=0.280 Dm=0.107 cyc_w=5.00 id_w=0.00 2.59 it/s
step 1900/85000 G=1.752 Dp=0.136 Dm=0.129 cyc_w=5.00 id_w=0.00 2.59 it/s
step 1950/85000 G=1.838 Dp=0.131 Dm=0.151 cyc_w=5.00 id_w=0.00 2.60 it/s
step 2000/85000 G=1.669 Dp=0.121 Dm=0.123 cyc_w=5.00 id_w=0.00 2.61 it/s
step 2050/85000 G=1.599 Dp=0.160 Dm=0.103 cyc_w=5.00 id_w=0.00 2.61 it/s
step 2100/85000 G=1.665 Dp=0.162 Dm=0.104 cyc_w=5.00 id_w=0.00 2.61 it/s
step 2150/85000 G=1.644 Dp=0.147 Dm=0.147 cyc_w=5.00 id_w=0.00 2.62 it/s
step 2200/85000 G=1.657 Dp=0.122 Dm=0.091 cyc_w=5.00 id_w=0.00 2.62 it/s
step 2250/85000 G=1.584 Dp=0.160 Dm=0.111 cyc_w=5.00 id_w=0.00 2.63 it/s
step 2300/85000 G=8.291 Dp=0.184 Dm=0.067 cyc_w=5.00 id_w=0.00 2.63 it/s
step 2350/85000 G=6.514 Dp=0.055 Dm=0.128 cyc_w=5.00 id_w=0.00 2.64 it/s
step 2400/85000 G=7.990 Dp=0.056 Dm=0.088 cyc_w=5.00 id_w=0.00 2.64 it/s
step 2450/85000 G=7.413 Dp=0.028 Dm=0.074 cyc_w=5.00 id_w=0.00 2.65 it/s
step 2500/85000 G=7.817 Dp=0.030 Dm=0.123 cyc_w=5.00 id_w=0.00 2.65 it/s
step 2550/85000 G=7.295 Dp=0.025 Dm=0.123 cyc_w=5.00 id_w=0.00 2.66 it/s
step 2600/85000 G=7.455 Dp=0.024 Dm=0.065 cyc_w=5.00 id_w=0.00 2.66 it/s
step 2650/85000 G=6.737 Dp=0.020 Dm=0.080 cyc_w=5.00 id_w=0.00 2.66 it/s
step 2700/85000 G=6.992 Dp=0.019 Dm=0.103 cyc_w=5.00 id_w=0.00 2.67 it/s
step 2750/85000 G=7.873 Dp=0.021 Dm=0.070 cyc_w=5.00 id_w=0.00 2.67 it/s
step 2800/85000 G=6.832 Dp=0.019 Dm=0.107 cyc_w=5.00 id_w=0.00 2.68 it/s
step 2850/85000 G=7.777 Dp=0.015 Dm=0.078 cyc_w=5.00 id_w=0.00 2.68 it/s
step 2900/85000 G=8.619 Dp=0.020 Dm=0.058 cyc_w=5.00 id_w=0.00 2.68 it/s
step 2950/85000 G=8.450 Dp=0.018 Dm=0.052 cyc_w=5.00 id_w=0.00 2.69 it/s
step 3000/85000 G=7.401 Dp=0.015 Dm=0.043 cyc_w=5.00 id_w=0.00 2.69 it/s
step 3050/85000 G=7.077 Dp=0.019 Dm=0.112 cyc_w=5.00 id_w=0.00 2.69 it/s
step 3100/85000 G=6.680 Dp=0.012 Dm=0.062 cyc_w=5.00 id_w=0.00 2.69 it/s
step 3150/85000 G=8.180 Dp=0.019 Dm=0.089 cyc_w=5.00 id_w=0.00 2.70 it/s
step 3200/85000 G=6.802 Dp=0.010 Dm=0.125 cyc_w=5.00 id_w=0.00 2.70 it/s
step 3250/85000 G=7.954 Dp=0.013 Dm=0.053 cyc_w=5.00 id_w=0.00 2.71 it/s
/workspace/Part3_Push_5090/task3_gan/srinidhi/src/cyclegan_push.py:414: LinAlgWarning: Matrix is singular. The result might be inaccurate or the array might not have a square root.
  covmean, _ = scipy.linalg.sqrtm(sigma1.dot(sigma2), disp=False)
EVAL {"step": 3250, "variant": "ema", "fid_a2b": 424.70684071489353, "fid_b2a": 135.2921252835918, "mifid_a2b": 0.7378061745715296, "mifid_b2a": 0.41649140875320756, "fid": 279.9994829992427, "mifid": 0.5771487916623685, "composite": 140.2883158954525}
EVAL {"step": 3250, "variant": "ema_slow", "fid_a2b": 109.88899245909485, "fid_b2a": 99.44677439287142, "mifid_a2b": 0.42826133114862236, "mifid_b2a": 0.40635146631851826, "fid": 104.66788342598313, "mifid": 0.41730639873357034, "composite": 52.542594912358354}
EVAL {"step": 3250, "variant": "raw", "fid_a2b": 425.1377468404178, "fid_b2a": 196.25174475722645, "mifid_a2b": 0.7378669746814697, "mifid_b2a": 0.42252603187192656, "fid": 310.6947457988221, "mifid": 0.5801965032766981, "composite": 155.6374711510494}
step 3300/85000 G=7.992 Dp=0.011 Dm=0.142 cyc_w=5.00 id_w=0.00 2.61 it/s
step 3350/85000 G=8.303 Dp=0.008 Dm=0.070 cyc_w=5.00 id_w=0.00 2.63 it/s
step 3400/85000 G=7.317 Dp=0.008 Dm=0.072 cyc_w=5.00 id_w=0.00 2.63 it/s
step 3450/85000 G=7.812 Dp=0.009 Dm=0.105 cyc_w=5.00 id_w=0.00 2.64 it/s
step 3500/85000 G=7.676 Dp=0.008 Dm=0.082 cyc_w=5.00 id_w=0.00 2.64 it/s
step 3550/85000 G=7.260 Dp=0.008 Dm=0.102 cyc_w=5.00 id_w=0.00 2.64 it/s
step 3600/85000 G=6.678 Dp=0.009 Dm=0.120 cyc_w=5.00 id_w=0.00 2.65 it/s
step 3650/85000 G=7.406 Dp=0.009 Dm=0.090 cyc_w=5.00 id_w=0.00 2.65 it/s
step 3700/85000 G=8.044 Dp=0.007 Dm=0.063 cyc_w=5.00 id_w=0.00 2.65 it/s
step 3750/85000 G=7.572 Dp=0.013 Dm=0.069 cyc_w=5.00 id_w=0.00 2.65 it/s
step 3800/85000 G=7.414 Dp=0.009 Dm=0.033 cyc_w=5.00 id_w=0.00 2.66 it/s
step 3850/85000 G=7.967 Dp=0.009 Dm=0.078 cyc_w=5.00 id_w=0.00 2.66 it/s
step 3900/85000 G=7.355 Dp=0.009 Dm=0.133 cyc_w=5.00 id_w=0.00 2.66 it/s
step 3950/85000 G=7.210 Dp=0.005 Dm=0.102 cyc_w=5.00 id_w=0.00 2.67 it/s
step 4000/85000 G=7.318 Dp=0.007 Dm=0.085 cyc_w=5.00 id_w=0.00 2.67 it/s
step 4050/85000 G=8.798 Dp=0.009 Dm=0.092 cyc_w=5.00 id_w=0.00 2.67 it/s
step 4100/85000 G=6.790 Dp=0.005 Dm=0.091 cyc_w=5.00 id_w=0.00 2.67 it/s
step 4150/85000 G=8.081 Dp=0.006 Dm=0.078 cyc_w=5.00 id_w=0.00 2.68 it/s
step 4200/85000 G=8.062 Dp=0.010 Dm=0.073 cyc_w=5.00 id_w=0.00 2.68 it/s
step 4250/85000 G=6.970 Dp=0.005 Dm=0.065 cyc_w=5.00 id_w=0.00 2.68 it/s
step 4300/85000 G=7.922 Dp=0.007 Dm=0.090 cyc_w=5.00 id_w=0.00 2.68 it/s
step 4350/85000 G=6.958 Dp=0.005 Dm=0.113 cyc_w=5.00 id_w=0.00 2.68 it/s
step 4400/85000 G=6.569 Dp=0.006 Dm=0.057 cyc_w=5.00 id_w=0.00 2.69 it/s
step 4450/85000 G=8.116 Dp=0.008 Dm=0.070 cyc_w=5.00 id_w=0.00 2.69 it/s
step 4500/85000 G=7.065 Dp=0.005 Dm=0.073 cyc_w=5.00 id_w=0.00 2.69 it/s
step 4550/85000 G=8.305 Dp=0.007 Dm=0.104 cyc_w=5.00 id_w=0.00 2.69 it/s
step 4600/85000 G=7.130 Dp=0.004 Dm=0.075 cyc_w=5.00 id_w=0.00 2.70 it/s
step 4650/85000 G=7.089 Dp=0.005 Dm=0.102 cyc_w=5.00 id_w=0.00 2.70 it/s
step 4700/85000 G=7.649 Dp=0.005 Dm=0.119 cyc_w=5.00 id_w=0.00 2.70 it/s
step 4750/85000 G=8.115 Dp=0.005 Dm=0.057 cyc_w=5.00 id_w=0.00 2.70 it/s
step 4800/85000 G=7.330 Dp=0.007 Dm=0.099 cyc_w=5.00 id_w=0.00 2.70 it/s
step 4850/85000 G=8.185 Dp=0.005 Dm=0.126 cyc_w=5.00 id_w=0.00 2.70 it/s
step 4900/85000 G=7.515 Dp=0.004 Dm=0.081 cyc_w=5.00 id_w=0.00 2.71 it/s
step 4950/85000 G=7.679 Dp=0.007 Dm=0.257 cyc_w=5.00 id_w=0.00 2.71 it/s
step 5000/85000 G=6.989 Dp=0.003 Dm=0.086 cyc_w=5.00 id_w=0.00 2.71 it/s
step 5050/85000 G=8.536 Dp=0.005 Dm=0.109 cyc_w=5.00 id_w=0.00 2.71 it/s
step 5100/85000 G=6.852 Dp=0.005 Dm=0.104 cyc_w=5.00 id_w=0.00 2.71 it/s
step 5150/85000 G=7.492 Dp=0.004 Dm=0.057 cyc_w=5.00 id_w=0.00 2.71 it/s
step 5200/85000 G=6.286 Dp=0.004 Dm=0.139 cyc_w=5.00 id_w=0.00 2.72 it/s
step 5250/85000 G=8.045 Dp=0.004 Dm=0.083 cyc_w=5.00 id_w=0.00 2.72 it/s
step 5300/85000 G=7.834 Dp=0.008 Dm=0.103 cyc_w=5.00 id_w=0.00 2.72 it/s
step 5350/85000 G=6.905 Dp=0.004 Dm=0.129 cyc_w=5.00 id_w=0.00 2.72 it/s
step 5400/85000 G=7.746 Dp=0.004 Dm=0.107 cyc_w=5.00 id_w=0.00 2.72 it/s
step 5450/85000 G=7.553 Dp=0.011 Dm=0.056 cyc_w=5.00 id_w=0.00 2.72 it/s
step 5500/85000 G=8.140 Dp=0.005 Dm=0.150 cyc_w=5.00 id_w=0.00 2.73 it/s
step 5550/85000 G=7.777 Dp=0.013 Dm=0.072 cyc_w=5.00 id_w=0.00 2.73 it/s
step 5600/85000 G=7.937 Dp=0.006 Dm=0.091 cyc_w=5.00 id_w=0.00 2.73 it/s
step 5650/85000 G=8.200 Dp=0.011 Dm=0.074 cyc_w=5.00 id_w=0.00 2.73 it/s
step 5700/85000 G=7.525 Dp=0.004 Dm=0.036 cyc_w=5.00 id_w=0.00 2.73 it/s
step 5750/85000 G=7.213 Dp=0.004 Dm=0.030 cyc_w=5.00 id_w=0.00 2.73 it/s
step 5800/85000 G=7.638 Dp=0.004 Dm=0.026 cyc_w=5.00 id_w=0.00 2.73 it/s
step 5850/85000 G=7.501 Dp=0.010 Dm=0.030 cyc_w=5.00 id_w=0.00 2.73 it/s
step 5900/85000 G=8.588 Dp=0.003 Dm=0.039 cyc_w=5.00 id_w=0.00 2.74 it/s
step 5950/85000 G=7.348 Dp=0.008 Dm=0.069 cyc_w=5.00 id_w=0.00 2.74 it/s
step 6000/85000 G=8.624 Dp=0.005 Dm=0.044 cyc_w=5.00 id_w=0.00 2.74 it/s
step 6050/85000 G=7.790 Dp=0.007 Dm=0.028 cyc_w=5.00 id_w=0.00 2.74 it/s
step 6100/85000 G=8.046 Dp=0.004 Dm=0.026 cyc_w=5.00 id_w=0.00 2.74 it/s
step 6150/85000 G=7.622 Dp=0.028 Dm=0.019 cyc_w=5.00 id_w=0.00 2.74 it/s
step 6200/85000 G=7.703 Dp=0.004 Dm=0.034 cyc_w=5.00 id_w=0.00 2.74 it/s
step 6250/85000 G=7.377 Dp=0.010 Dm=0.028 cyc_w=5.00 id_w=0.00 2.74 it/s
step 6300/85000 G=8.287 Dp=0.005 Dm=0.014 cyc_w=5.00 id_w=0.00 2.75 it/s
step 6350/85000 G=7.871 Dp=0.003 Dm=0.014 cyc_w=5.00 id_w=0.00 2.75 it/s
step 6400/85000 G=9.460 Dp=0.005 Dm=0.011 cyc_w=5.00 id_w=0.00 2.75 it/s
step 6450/85000 G=8.635 Dp=0.023 Dm=0.011 cyc_w=5.00 id_w=0.00 2.76 it/s
step 6500/85000 G=8.080 Dp=0.002 Dm=0.012 cyc_w=5.00 id_w=0.00 2.77 it/s
EVAL {"step": 6500, "variant": "ema", "fid_a2b": 425.1377468404178, "fid_b2a": 330.2974019667734, "mifid_a2b": 0.7378669746814697, "mifid_b2a": 0.47338967371413254, "fid": 377.71757440359556, "mifid": 0.6056283241978011, "composite": 189.1616013638967}
EVAL {"step": 6500, "variant": "ema_slow", "fid_a2b": 306.69783670449124, "fid_b2a": 114.83509256717329, "mifid_a2b": 0.6532628609814396, "mifid_b2a": 0.412010333859094, "fid": 210.76646463583228, "mifid": 0.5326365974202668, "composite": 105.64955061662627}
EVAL {"step": 6500, "variant": "raw", "fid_a2b": 425.1377468404178, "fid_b2a": 306.88892553014347, "mifid_a2b": 0.7378669746814697, "mifid_b2a": 0.5009229684465426, "fid": 366.01333618528065, "mifid": 0.6193949715640061, "composite": 183.31636557842234}
step 6550/85000 G=9.376 Dp=0.007 Dm=0.014 cyc_w=5.00 id_w=0.00 2.71 it/s
step 6600/85000 G=7.736 Dp=0.005 Dm=0.015 cyc_w=5.00 id_w=0.00 2.71 it/s
step 6650/85000 G=7.921 Dp=0.005 Dm=0.013 cyc_w=5.00 id_w=0.00 2.71 it/s
step 6700/85000 G=7.804 Dp=0.003 Dm=0.011 cyc_w=5.00 id_w=0.00 2.72 it/s
step 6750/85000 G=8.072 Dp=0.003 Dm=0.011 cyc_w=5.00 id_w=0.00 2.73 it/s
step 6800/85000 G=8.118 Dp=0.002 Dm=0.007 cyc_w=5.00 id_w=0.00 2.73 it/s
step 6850/85000 G=8.066 Dp=0.021 Dm=0.009 cyc_w=5.00 id_w=0.00 2.74 it/s
step 6900/85000 G=7.376 Dp=0.003 Dm=0.009 cyc_w=5.00 id_w=0.00 2.74 it/s
step 6950/85000 G=8.448 Dp=0.002 Dm=0.007 cyc_w=5.00 id_w=0.00 2.74 it/s
step 7000/85000 G=8.082 Dp=0.005 Dm=0.007 cyc_w=5.00 id_w=0.00 2.74 it/s
step 7050/85000 G=7.891 Dp=0.005 Dm=0.007 cyc_w=5.00 id_w=0.00 2.74 it/s
step 7100/85000 G=7.105 Dp=0.005 Dm=0.011 cyc_w=5.00 id_w=0.00 2.74 it/s
step 7150/85000 G=8.270 Dp=0.008 Dm=0.008 cyc_w=5.00 id_w=0.00 2.74 it/s
step 7200/85000 G=7.999 Dp=0.007 Dm=0.007 cyc_w=5.00 id_w=0.00 2.74 it/s
step 7250/85000 G=6.053 Dp=0.293 Dm=0.008 cyc_w=5.00 id_w=0.00 2.74 it/s
step 7300/85000 G=3.416 Dp=0.216 Dm=0.245 cyc_w=5.00 id_w=0.00 2.74 it/s
step 7350/85000 G=3.393 Dp=0.231 Dm=0.202 cyc_w=5.00 id_w=0.00 2.74 it/s
step 7400/85000 G=2.821 Dp=0.323 Dm=0.244 cyc_w=5.00 id_w=0.00 2.75 it/s
step 7450/85000 G=2.431 Dp=0.203 Dm=0.205 cyc_w=5.00 id_w=0.00 2.75 it/s
step 7500/85000 G=1.820 Dp=0.248 Dm=0.257 cyc_w=5.00 id_w=0.00 2.75 it/s
step 7550/85000 G=2.439 Dp=0.242 Dm=0.245 cyc_w=5.00 id_w=0.00 2.75 it/s
step 7600/85000 G=2.355 Dp=0.254 Dm=0.209 cyc_w=5.00 id_w=0.00 2.75 it/s
step 7650/85000 G=2.736 Dp=0.245 Dm=0.218 cyc_w=5.00 id_w=0.00 2.75 it/s
step 7700/85000 G=2.247 Dp=0.222 Dm=0.191 cyc_w=5.00 id_w=0.00 2.75 it/s
step 7750/85000 G=1.981 Dp=0.239 Dm=0.188 cyc_w=5.00 id_w=0.00 2.75 it/s
step 7800/85000 G=1.788 Dp=0.235 Dm=0.206 cyc_w=5.00 id_w=0.00 2.75 it/s
step 7850/85000 G=1.943 Dp=0.237 Dm=0.227 cyc_w=5.00 id_w=0.00 2.75 it/s
step 7900/85000 G=1.999 Dp=0.216 Dm=0.202 cyc_w=5.00 id_w=0.00 2.75 it/s
step 7950/85000 G=1.905 Dp=0.199 Dm=0.225 cyc_w=5.00 id_w=0.00 2.75 it/s
step 8000/85000 G=1.923 Dp=0.235 Dm=0.188 cyc_w=5.00 id_w=0.00 2.75 it/s
step 8050/85000 G=1.904 Dp=0.230 Dm=0.211 cyc_w=5.00 id_w=0.00 2.75 it/s
step 8100/85000 G=1.869 Dp=0.210 Dm=0.197 cyc_w=5.00 id_w=0.00 2.75 it/s
step 8150/85000 G=1.980 Dp=0.243 Dm=0.204 cyc_w=5.00 id_w=0.00 2.75 it/s
step 8200/85000 G=2.045 Dp=0.182 Dm=0.159 cyc_w=5.00 id_w=0.00 2.75 it/s
step 8250/85000 G=1.914 Dp=0.225 Dm=0.242 cyc_w=5.00 id_w=0.00 2.75 it/s
step 8300/85000 G=1.930 Dp=0.203 Dm=0.174 cyc_w=5.00 id_w=0.00 2.75 it/s
step 8350/85000 G=2.108 Dp=0.195 Dm=0.162 cyc_w=5.00 id_w=0.00 2.76 it/s
step 8400/85000 G=2.241 Dp=0.181 Dm=0.209 cyc_w=5.00 id_w=0.00 2.76 it/s
step 8450/85000 G=1.865 Dp=0.202 Dm=0.173 cyc_w=5.00 id_w=0.00 2.76 it/s
step 8500/85000 G=10.599 Dp=12.499 Dm=0.157 cyc_w=5.00 id_w=0.00 2.76 it/s
step 8550/85000 G=1.904 Dp=0.266 Dm=0.170 cyc_w=5.00 id_w=0.00 2.76 it/s
step 8600/85000 G=1.966 Dp=0.265 Dm=0.177 cyc_w=5.00 id_w=0.00 2.76 it/s
step 8650/85000 G=1.876 Dp=0.259 Dm=0.159 cyc_w=5.00 id_w=0.00 2.76 it/s
step 8700/85000 G=1.870 Dp=0.250 Dm=0.139 cyc_w=5.00 id_w=0.00 2.76 it/s
step 8750/85000 G=1.611 Dp=0.259 Dm=0.204 cyc_w=5.00 id_w=0.00 2.76 it/s
step 8800/85000 G=1.820 Dp=0.257 Dm=0.185 cyc_w=5.00 id_w=0.00 2.76 it/s
step 8850/85000 G=1.714 Dp=0.250 Dm=0.151 cyc_w=5.00 id_w=0.00 2.76 it/s
step 8900/85000 G=1.785 Dp=0.242 Dm=0.205 cyc_w=5.00 id_w=0.00 2.76 it/s
step 8950/85000 G=1.646 Dp=0.241 Dm=0.167 cyc_w=5.00 id_w=0.00 2.76 it/s
step 9000/85000 G=1.762 Dp=0.249 Dm=0.137 cyc_w=5.00 id_w=0.00 2.76 it/s
step 9050/85000 G=1.642 Dp=0.256 Dm=0.143 cyc_w=5.00 id_w=0.00 2.76 it/s
step 9100/85000 G=1.954 Dp=0.249 Dm=0.120 cyc_w=5.00 id_w=0.00 2.76 it/s
step 9150/85000 G=1.618 Dp=0.263 Dm=0.166 cyc_w=5.00 id_w=0.00 2.76 it/s
step 9200/85000 G=1.787 Dp=0.254 Dm=0.119 cyc_w=5.00 id_w=0.00 2.76 it/s
step 9250/85000 G=1.878 Dp=0.247 Dm=0.124 cyc_w=5.00 id_w=0.00 2.76 it/s
step 9300/85000 G=2.268 Dp=0.246 Dm=0.138 cyc_w=5.00 id_w=0.00 2.76 it/s
step 9350/85000 G=2.193 Dp=0.251 Dm=0.185 cyc_w=5.00 id_w=0.00 2.76 it/s
step 9400/85000 G=1.867 Dp=0.245 Dm=0.144 cyc_w=5.00 id_w=0.00 2.76 it/s
step 9450/85000 G=1.746 Dp=0.256 Dm=0.099 cyc_w=5.00 id_w=0.00 2.76 it/s
step 9500/85000 G=1.597 Dp=0.234 Dm=0.158 cyc_w=5.00 id_w=0.00 2.77 it/s
step 9550/85000 G=1.882 Dp=0.246 Dm=0.074 cyc_w=5.00 id_w=0.00 2.77 it/s
step 9600/85000 G=2.073 Dp=0.256 Dm=0.115 cyc_w=5.00 id_w=0.00 2.78 it/s
step 9650/85000 G=1.824 Dp=0.237 Dm=0.101 cyc_w=5.00 id_w=0.00 2.78 it/s
step 9700/85000 G=1.709 Dp=0.248 Dm=0.158 cyc_w=5.00 id_w=0.00 2.79 it/s
step 9750/85000 G=2.336 Dp=0.245 Dm=0.133 cyc_w=5.00 id_w=0.00 2.79 it/s
EVAL {"step": 9750, "variant": "ema", "fid_a2b": 109.23669824453049, "fid_b2a": 104.83515355147296, "mifid_a2b": 0.42483521982910366, "mifid_b2a": 0.4121767253559826, "fid": 107.03592589800172, "mifid": 0.41850597259254313, "composite": 53.72721593529713}
EVAL {"step": 9750, "variant": "ema_slow", "fid_a2b": 214.53437909963142, "fid_b2a": 134.62580907042752, "mifid_a2b": 0.5343986010871629, "mifid_b2a": 0.4090785916225046, "fid": 174.5800940850295, "mifid": 0.47173859635483373, "composite": 87.52591634069216}
EVAL {"step": 9750, "variant": "raw", "fid_a2b": 109.0360186144744, "fid_b2a": 107.01814684752648, "mifid_a2b": 0.4260690295735712, "mifid_b2a": 0.4049331281564682, "fid": 108.02708273100043, "mifid": 0.4155010788650197, "composite": 54.22129190493273}
step 9800/85000 G=1.754 Dp=0.244 Dm=0.123 cyc_w=5.00 id_w=0.00 2.74 it/s
step 9850/85000 G=1.879 Dp=0.215 Dm=0.144 cyc_w=5.00 id_w=0.00 2.74 it/s
step 9900/85000 G=1.769 Dp=0.247 Dm=0.099 cyc_w=5.00 id_w=0.00 2.74 it/s
step 9950/85000 G=1.771 Dp=0.250 Dm=0.099 cyc_w=5.00 id_w=0.00 2.74 it/s
step 10000/85000 G=1.854 Dp=0.240 Dm=0.100 cyc_w=5.00 id_w=0.00 2.74 it/s
step 10050/85000 G=1.681 Dp=0.219 Dm=0.103 cyc_w=5.00 id_w=0.00 2.74 it/s
step 10100/85000 G=2.020 Dp=0.229 Dm=0.123 cyc_w=5.00 id_w=0.00 2.75 it/s
step 10150/85000 G=2.196 Dp=0.218 Dm=0.220 cyc_w=5.00 id_w=0.00 2.75 it/s
step 10200/85000 G=1.867 Dp=0.219 Dm=0.079 cyc_w=5.00 id_w=0.00 2.76 it/s
step 10250/85000 G=1.732 Dp=0.204 Dm=0.126 cyc_w=5.00 id_w=0.00 2.76 it/s
step 10300/85000 G=1.691 Dp=0.224 Dm=0.098 cyc_w=5.00 id_w=0.00 2.76 it/s
step 10350/85000 G=1.844 Dp=0.201 Dm=0.120 cyc_w=5.00 id_w=0.00 2.76 it/s
step 10400/85000 G=1.814 Dp=0.206 Dm=0.128 cyc_w=5.00 id_w=0.00 2.76 it/s
step 10450/85000 G=1.712 Dp=0.236 Dm=0.124 cyc_w=5.00 id_w=0.00 2.76 it/s
step 10500/85000 G=2.060 Dp=0.148 Dm=0.136 cyc_w=5.00 id_w=0.00 2.76 it/s
step 10550/85000 G=1.895 Dp=0.191 Dm=0.165 cyc_w=5.00 id_w=0.00 2.76 it/s
step 10600/85000 G=2.067 Dp=0.259 Dm=0.234 cyc_w=5.00 id_w=0.00 2.76 it/s
step 10650/85000 G=2.245 Dp=0.125 Dm=0.124 cyc_w=5.00 id_w=0.00 2.76 it/s
step 10700/85000 G=1.762 Dp=0.168 Dm=0.124 cyc_w=5.00 id_w=0.00 2.76 it/s
step 10750/85000 G=1.800 Dp=0.142 Dm=0.114 cyc_w=5.00 id_w=0.00 2.76 it/s
step 10800/85000 G=2.251 Dp=0.121 Dm=0.307 cyc_w=5.00 id_w=0.00 2.76 it/s
step 10850/85000 G=3.326 Dp=0.193 Dm=0.226 cyc_w=5.00 id_w=0.00 2.76 it/s
step 10900/85000 G=2.792 Dp=0.114 Dm=0.291 cyc_w=5.00 id_w=0.00 2.77 it/s
step 10950/85000 G=2.219 Dp=0.213 Dm=0.282 cyc_w=5.00 id_w=0.00 2.77 it/s
step 11000/85000 G=1.841 Dp=0.274 Dm=0.261 cyc_w=5.00 id_w=0.00 2.77 it/s
step 11050/85000 G=1.774 Dp=0.249 Dm=0.268 cyc_w=5.00 id_w=0.00 2.77 it/s
step 11100/85000 G=1.639 Dp=0.276 Dm=0.252 cyc_w=5.00 id_w=0.00 2.77 it/s
step 11150/85000 G=1.454 Dp=0.262 Dm=0.247 cyc_w=5.00 id_w=0.00 2.77 it/s
step 11200/85000 G=1.714 Dp=0.260 Dm=0.245 cyc_w=5.00 id_w=0.00 2.77 it/s
step 11250/85000 G=1.701 Dp=0.229 Dm=0.255 cyc_w=5.00 id_w=0.00 2.77 it/s
step 11300/85000 G=1.413 Dp=0.272 Dm=0.259 cyc_w=5.00 id_w=0.00 2.77 it/s
step 11350/85000 G=1.617 Dp=0.243 Dm=0.228 cyc_w=5.00 id_w=0.00 2.77 it/s
step 11400/85000 G=1.563 Dp=0.251 Dm=0.252 cyc_w=5.00 id_w=0.00 2.77 it/s
step 11450/85000 G=1.425 Dp=0.268 Dm=0.259 cyc_w=5.00 id_w=0.00 2.77 it/s
step 11500/85000 G=1.371 Dp=0.258 Dm=0.243 cyc_w=5.00 id_w=0.00 2.77 it/s
step 11550/85000 G=1.496 Dp=0.247 Dm=0.231 cyc_w=5.00 id_w=0.00 2.77 it/s
step 11600/85000 G=1.478 Dp=0.258 Dm=0.232 cyc_w=5.00 id_w=0.00 2.77 it/s
step 11650/85000 G=1.357 Dp=0.250 Dm=0.231 cyc_w=5.00 id_w=0.00 2.77 it/s
step 11700/85000 G=1.403 Dp=0.236 Dm=0.272 cyc_w=5.00 id_w=0.00 2.77 it/s
step 11750/85000 G=1.276 Dp=0.256 Dm=0.250 cyc_w=5.00 id_w=0.00 2.77 it/s
step 11800/85000 G=1.494 Dp=0.246 Dm=0.257 cyc_w=5.00 id_w=0.00 2.77 it/s
step 11850/85000 G=1.474 Dp=0.239 Dm=0.259 cyc_w=5.00 id_w=0.00 2.77 it/s
step 11900/85000 G=1.517 Dp=0.233 Dm=0.226 cyc_w=5.00 id_w=0.00 2.77 it/s
step 11950/85000 G=1.348 Dp=0.235 Dm=0.279 cyc_w=5.00 id_w=0.00 2.77 it/s
step 12000/85000 G=1.415 Dp=0.230 Dm=0.238 cyc_w=5.00 id_w=0.00 2.77 it/s
step 12050/85000 G=1.427 Dp=0.258 Dm=0.246 cyc_w=5.00 id_w=0.00 2.77 it/s
step 12100/85000 G=1.368 Dp=0.249 Dm=0.245 cyc_w=5.00 id_w=0.00 2.77 it/s
step 12150/85000 G=1.522 Dp=0.250 Dm=0.230 cyc_w=5.00 id_w=0.00 2.77 it/s
step 12200/85000 G=1.472 Dp=0.223 Dm=0.236 cyc_w=5.00 id_w=0.00 2.77 it/s
step 12250/85000 G=1.336 Dp=0.256 Dm=0.238 cyc_w=5.00 id_w=0.00 2.77 it/s
step 12300/85000 G=1.597 Dp=0.234 Dm=0.232 cyc_w=5.00 id_w=0.00 2.77 it/s
step 12350/85000 G=1.537 Dp=0.226 Dm=0.232 cyc_w=5.00 id_w=0.00 2.77 it/s
step 12400/85000 G=1.310 Dp=0.246 Dm=0.262 cyc_w=5.00 id_w=0.00 2.77 it/s
step 12450/85000 G=1.321 Dp=0.229 Dm=0.218 cyc_w=5.00 id_w=0.00 2.77 it/s
step 12500/85000 G=1.493 Dp=0.236 Dm=0.224 cyc_w=5.00 id_w=0.00 2.77 it/s
step 12550/85000 G=1.341 Dp=0.247 Dm=0.251 cyc_w=5.00 id_w=0.00 2.77 it/s
step 12600/85000 G=1.277 Dp=0.240 Dm=0.255 cyc_w=5.00 id_w=0.00 2.78 it/s
step 12650/85000 G=1.278 Dp=0.256 Dm=0.263 cyc_w=5.00 id_w=0.00 2.78 it/s
step 12700/85000 G=1.270 Dp=0.237 Dm=0.238 cyc_w=5.00 id_w=0.00 2.78 it/s
step 12750/85000 G=1.398 Dp=0.236 Dm=0.222 cyc_w=5.00 id_w=0.00 2.79 it/s
step 12800/85000 G=1.164 Dp=0.224 Dm=0.205 cyc_w=5.00 id_w=0.00 2.79 it/s
step 12850/85000 G=1.337 Dp=0.252 Dm=0.260 cyc_w=5.00 id_w=0.00 2.79 it/s
step 12900/85000 G=1.362 Dp=0.234 Dm=0.243 cyc_w=5.00 id_w=0.00 2.79 it/s
step 12950/85000 G=1.580 Dp=0.221 Dm=0.229 cyc_w=5.00 id_w=0.00 2.79 it/s
step 13000/85000 G=1.346 Dp=0.226 Dm=0.248 cyc_w=5.00 id_w=0.00 2.79 it/s
EVAL {"step": 13000, "variant": "ema", "fid_a2b": 104.41031195226705, "fid_b2a": 104.68349425530444, "mifid_a2b": 0.42355813525829994, "mifid_b2a": 0.4076931800762345, "fid": 104.54690310378575, "mifid": 0.4156256576672672, "composite": 52.48126438072651}
EVAL {"step": 13000, "variant": "ema_slow", "fid_a2b": 146.35507929376985, "fid_b2a": 132.00779021470998, "mifid_a2b": 0.45797825335899245, "mifid_b2a": 0.4048765613010943, "fid": 139.18143475423992, "mifid": 0.43142740733004337, "composite": 69.80643108078498}
EVAL {"step": 13000, "variant": "raw", "fid_a2b": 106.79772097850078, "fid_b2a": 106.27442015583188, "mifid_a2b": 0.42379776870308655, "mifid_b2a": 0.40864127391118876, "fid": 106.53607056716632, "mifid": 0.4162195213071377, "composite": 53.47614504423673}
step 13050/85000 G=1.378 Dp=0.257 Dm=0.207 cyc_w=5.00 id_w=0.00 2.76 it/s
step 13100/85000 G=1.538 Dp=0.237 Dm=0.264 cyc_w=5.00 id_w=0.00 2.76 it/s
step 13150/85000 G=1.312 Dp=0.245 Dm=0.214 cyc_w=5.00 id_w=0.00 2.76 it/s
step 13200/85000 G=1.217 Dp=0.247 Dm=0.211 cyc_w=5.00 id_w=0.00 2.76 it/s
step 13250/85000 G=1.316 Dp=0.252 Dm=0.215 cyc_w=5.00 id_w=0.00 2.76 it/s
step 13300/85000 G=1.348 Dp=0.223 Dm=0.177 cyc_w=5.00 id_w=0.00 2.76 it/s
step 13350/85000 G=1.322 Dp=0.259 Dm=0.250 cyc_w=5.00 id_w=0.00 2.76 it/s
step 13400/85000 G=1.324 Dp=0.230 Dm=0.222 cyc_w=5.00 id_w=0.00 2.76 it/s
step 13450/85000 G=1.496 Dp=0.214 Dm=0.194 cyc_w=5.00 id_w=0.00 2.76 it/s
step 13500/85000 G=1.391 Dp=0.230 Dm=0.202 cyc_w=5.00 id_w=0.00 2.76 it/s
step 13550/85000 G=1.567 Dp=0.208 Dm=0.199 cyc_w=5.00 id_w=0.00 2.76 it/s
step 13600/85000 G=1.329 Dp=0.251 Dm=0.220 cyc_w=5.00 id_w=0.00 2.77 it/s
step 13650/85000 G=1.433 Dp=0.193 Dm=0.149 cyc_w=5.00 id_w=0.00 2.77 it/s
step 13700/85000 G=1.530 Dp=0.179 Dm=0.174 cyc_w=5.00 id_w=0.00 2.77 it/s
step 13750/85000 G=1.304 Dp=0.257 Dm=0.189 cyc_w=5.00 id_w=0.00 2.77 it/s
step 13800/85000 G=1.359 Dp=0.197 Dm=0.173 cyc_w=5.00 id_w=0.00 2.77 it/s
step 13850/85000 G=1.336 Dp=0.158 Dm=0.182 cyc_w=5.00 id_w=0.00 2.77 it/s
step 13900/85000 G=1.777 Dp=0.134 Dm=0.173 cyc_w=5.00 id_w=0.00 2.77 it/s
step 13950/85000 G=1.427 Dp=0.171 Dm=0.203 cyc_w=5.00 id_w=0.00 2.77 it/s
step 14000/85000 G=1.719 Dp=0.100 Dm=0.228 cyc_w=5.00 id_w=0.00 2.77 it/s
step 14050/85000 G=1.573 Dp=0.151 Dm=0.177 cyc_w=5.00 id_w=0.00 2.77 it/s
step 14100/85000 G=1.781 Dp=0.157 Dm=0.146 cyc_w=5.00 id_w=0.00 2.77 it/s
step 14150/85000 G=1.557 Dp=0.182 Dm=0.156 cyc_w=5.00 id_w=0.00 2.77 it/s
step 14200/85000 G=1.532 Dp=0.131 Dm=0.239 cyc_w=5.00 id_w=0.00 2.77 it/s
step 14250/85000 G=1.474 Dp=0.199 Dm=0.141 cyc_w=5.00 id_w=0.00 2.77 it/s
step 14300/85000 G=1.654 Dp=0.167 Dm=0.162 cyc_w=5.00 id_w=0.00 2.77 it/s
step 14350/85000 G=2.013 Dp=0.176 Dm=0.142 cyc_w=5.00 id_w=0.00 2.77 it/s
step 14400/85000 G=1.721 Dp=0.153 Dm=0.136 cyc_w=5.00 id_w=0.00 2.77 it/s
step 14450/85000 G=1.400 Dp=0.200 Dm=0.157 cyc_w=5.00 id_w=0.00 2.77 it/s
step 14500/85000 G=1.540 Dp=0.139 Dm=0.136 cyc_w=5.00 id_w=0.00 2.78 it/s
step 14550/85000 G=1.837 Dp=0.127 Dm=0.118 cyc_w=5.00 id_w=0.00 2.78 it/s
step 14600/85000 G=1.790 Dp=0.163 Dm=0.089 cyc_w=5.00 id_w=0.00 2.78 it/s
step 14650/85000 G=1.642 Dp=0.221 Dm=0.111 cyc_w=5.00 id_w=0.00 2.78 it/s
step 14700/85000 G=2.441 Dp=0.163 Dm=0.169 cyc_w=5.00 id_w=0.00 2.78 it/s
step 14750/85000 G=1.546 Dp=0.185 Dm=0.231 cyc_w=5.00 id_w=0.00 2.78 it/s
step 14800/85000 G=1.617 Dp=0.156 Dm=0.103 cyc_w=5.00 id_w=0.00 2.78 it/s
step 14850/85000 G=1.724 Dp=0.139 Dm=0.127 cyc_w=5.00 id_w=0.00 2.78 it/s
step 14900/85000 G=1.923 Dp=0.142 Dm=0.143 cyc_w=5.00 id_w=0.00 2.78 it/s
step 14950/85000 G=1.830 Dp=0.173 Dm=0.110 cyc_w=5.00 id_w=0.00 2.78 it/s
step 15000/85000 G=1.659 Dp=0.194 Dm=0.137 cyc_w=5.00 id_w=0.00 2.78 it/s
step 15050/85000 G=1.890 Dp=0.126 Dm=0.143 cyc_w=5.00 id_w=0.00 2.78 it/s
step 15100/85000 G=1.881 Dp=0.144 Dm=0.130 cyc_w=5.00 id_w=0.00 2.78 it/s
step 15150/85000 G=1.744 Dp=0.170 Dm=0.163 cyc_w=5.00 id_w=0.00 2.78 it/s
step 15200/85000 G=1.899 Dp=0.157 Dm=0.125 cyc_w=5.00 id_w=0.00 2.78 it/s
step 15250/85000 G=1.623 Dp=0.130 Dm=0.133 cyc_w=5.00 id_w=0.00 2.78 it/s
step 15300/85000 G=1.581 Dp=0.138 Dm=0.129 cyc_w=5.00 id_w=0.00 2.78 it/s
step 15350/85000 G=1.523 Dp=0.180 Dm=0.176 cyc_w=5.00 id_w=0.00 2.78 it/s
step 15400/85000 G=1.920 Dp=0.146 Dm=0.122 cyc_w=5.00 id_w=0.00 2.78 it/s
step 15450/85000 G=1.635 Dp=0.182 Dm=0.100 cyc_w=5.00 id_w=0.00 2.78 it/s
step 15500/85000 G=1.868 Dp=0.189 Dm=0.175 cyc_w=5.00 id_w=0.00 2.78 it/s
step 15550/85000 G=1.926 Dp=0.169 Dm=0.124 cyc_w=5.00 id_w=0.00 2.78 it/s
step 15600/85000 G=1.996 Dp=0.212 Dm=0.103 cyc_w=5.00 id_w=0.00 2.78 it/s
step 15650/85000 G=2.160 Dp=0.243 Dm=0.225 cyc_w=5.00 id_w=0.00 2.78 it/s
step 15700/85000 G=2.164 Dp=0.116 Dm=0.146 cyc_w=5.00 id_w=0.00 2.78 it/s
step 15750/85000 G=1.606 Dp=0.157 Dm=0.137 cyc_w=5.00 id_w=0.00 2.79 it/s
step 15800/85000 G=2.678 Dp=0.289 Dm=0.187 cyc_w=5.00 id_w=0.00 2.79 it/s
step 15850/85000 G=1.916 Dp=0.280 Dm=0.133 cyc_w=5.00 id_w=0.00 2.79 it/s
step 15900/85000 G=1.771 Dp=0.256 Dm=0.086 cyc_w=5.00 id_w=0.00 2.79 it/s
step 15950/85000 G=1.429 Dp=0.255 Dm=0.155 cyc_w=5.00 id_w=0.00 2.79 it/s
step 16000/85000 G=1.985 Dp=0.268 Dm=0.144 cyc_w=5.00 id_w=0.00 2.79 it/s
step 16050/85000 G=1.518 Dp=0.265 Dm=0.110 cyc_w=5.00 id_w=0.00 2.79 it/s
step 16100/85000 G=1.701 Dp=0.275 Dm=0.080 cyc_w=5.00 id_w=0.00 2.79 it/s
step 16150/85000 G=1.979 Dp=0.239 Dm=0.180 cyc_w=5.00 id_w=0.00 2.79 it/s
step 16200/85000 G=1.777 Dp=0.251 Dm=0.150 cyc_w=5.00 id_w=0.00 2.79 it/s
step 16250/85000 G=1.719 Dp=0.257 Dm=0.108 cyc_w=5.00 id_w=0.00 2.79 it/s
EVAL {"step": 16250, "variant": "ema", "fid_a2b": 104.08716709259855, "fid_b2a": 98.5766879332808, "mifid_a2b": 0.42218501098796213, "mifid_b2a": 0.40718039576953113, "fid": 101.33192751293967, "mifid": 0.41468270337874663, "composite": 50.87330510815921}
EVAL {"step": 16250, "variant": "ema_slow", "fid_a2b": 121.9521487498202, "fid_b2a": 112.03377530393965, "mifid_a2b": 0.43846195900660795, "mifid_b2a": 0.4042985271856035, "fid": 116.99296202687992, "mifid": 0.4213802430961057, "composite": 58.707171134988016}
EVAL {"step": 16250, "variant": "raw", "fid_a2b": 107.47131238471036, "fid_b2a": 100.97907365767989, "mifid_a2b": 0.4243493772877066, "mifid_b2a": 0.4039220950243281, "fid": 104.22519302119512, "mifid": 0.41413573615601734, "composite": 52.31966437867557}
step 16300/85000 G=1.596 Dp=0.271 Dm=0.158 cyc_w=5.00 id_w=0.00 2.77 it/s
step 16350/85000 G=1.831 Dp=0.266 Dm=0.126 cyc_w=5.00 id_w=0.00 2.77 it/s
step 16400/85000 G=1.553 Dp=0.282 Dm=0.155 cyc_w=5.00 id_w=0.00 2.77 it/s
step 16450/85000 G=1.940 Dp=0.250 Dm=0.113 cyc_w=5.00 id_w=0.00 2.77 it/s
step 16500/85000 G=1.474 Dp=0.243 Dm=0.115 cyc_w=5.00 id_w=0.00 2.77 it/s
step 16550/85000 G=1.525 Dp=0.250 Dm=0.107 cyc_w=5.00 id_w=0.00 2.77 it/s
step 16600/85000 G=1.701 Dp=0.253 Dm=0.128 cyc_w=5.00 id_w=0.00 2.77 it/s
step 16650/85000 G=1.342 Dp=0.251 Dm=0.157 cyc_w=5.00 id_w=0.00 2.77 it/s
step 16700/85000 G=1.694 Dp=0.255 Dm=0.089 cyc_w=5.00 id_w=0.00 2.77 it/s
step 16750/85000 G=1.703 Dp=0.260 Dm=0.087 cyc_w=5.00 id_w=0.00 2.77 it/s
step 16800/85000 G=1.790 Dp=0.266 Dm=0.165 cyc_w=5.00 id_w=0.00 2.77 it/s
step 16850/85000 G=1.724 Dp=0.259 Dm=0.105 cyc_w=5.00 id_w=0.00 2.77 it/s
step 16900/85000 G=1.696 Dp=0.249 Dm=0.100 cyc_w=5.00 id_w=0.00 2.77 it/s
step 16950/85000 G=1.988 Dp=0.250 Dm=0.114 cyc_w=5.00 id_w=0.00 2.77 it/s
step 17000/85000 G=1.747 Dp=0.260 Dm=0.153 cyc_w=5.00 id_w=0.00 2.77 it/s
step 17050/85000 G=1.839 Dp=0.240 Dm=0.120 cyc_w=5.00 id_w=0.00 2.78 it/s
step 17100/85000 G=1.622 Dp=0.256 Dm=0.129 cyc_w=5.00 id_w=0.00 2.78 it/s
step 17150/85000 G=1.576 Dp=0.235 Dm=0.122 cyc_w=5.00 id_w=0.00 2.78 it/s
step 17200/85000 G=1.725 Dp=0.244 Dm=0.128 cyc_w=5.00 id_w=0.00 2.78 it/s
step 17250/85000 G=1.467 Dp=0.245 Dm=0.090 cyc_w=5.00 id_w=0.00 2.78 it/s
step 17300/85000 G=1.472 Dp=0.261 Dm=0.141 cyc_w=5.00 id_w=0.00 2.78 it/s
step 17350/85000 G=1.724 Dp=0.239 Dm=0.095 cyc_w=5.00 id_w=0.00 2.78 it/s
step 17400/85000 G=1.598 Dp=0.260 Dm=0.109 cyc_w=5.00 id_w=0.00 2.78 it/s
step 17450/85000 G=1.487 Dp=0.254 Dm=0.194 cyc_w=5.00 id_w=0.00 2.78 it/s
step 17500/85000 G=1.467 Dp=0.268 Dm=0.131 cyc_w=5.00 id_w=0.00 2.78 it/s
step 17550/85000 G=1.503 Dp=0.255 Dm=0.116 cyc_w=5.00 id_w=0.00 2.78 it/s
step 17600/85000 G=1.731 Dp=0.238 Dm=0.128 cyc_w=5.00 id_w=0.00 2.78 it/s
step 17650/85000 G=1.533 Dp=0.228 Dm=0.121 cyc_w=5.00 id_w=0.00 2.78 it/s
step 17700/85000 G=1.626 Dp=0.256 Dm=0.129 cyc_w=5.00 id_w=0.00 2.78 it/s
step 17750/85000 G=1.638 Dp=0.246 Dm=0.159 cyc_w=5.00 id_w=0.00 2.78 it/s
step 17800/85000 G=1.430 Dp=0.267 Dm=0.148 cyc_w=5.00 id_w=0.00 2.78 it/s
step 17850/85000 G=1.710 Dp=0.249 Dm=0.121 cyc_w=5.00 id_w=0.00 2.78 it/s
step 17900/85000 G=1.650 Dp=0.242 Dm=0.071 cyc_w=5.00 id_w=0.00 2.78 it/s
step 17950/85000 G=1.477 Dp=0.240 Dm=0.132 cyc_w=5.00 id_w=0.00 2.78 it/s
step 18000/85000 G=1.785 Dp=0.261 Dm=0.127 cyc_w=5.00 id_w=0.00 2.78 it/s
step 18050/85000 G=1.939 Dp=0.228 Dm=0.144 cyc_w=5.00 id_w=0.00 2.78 it/s
step 18100/85000 G=1.543 Dp=0.253 Dm=0.118 cyc_w=5.00 id_w=0.00 2.78 it/s
step 18150/85000 G=1.507 Dp=0.243 Dm=0.123 cyc_w=5.00 id_w=0.00 2.78 it/s
step 18200/85000 G=1.670 Dp=0.245 Dm=0.139 cyc_w=5.00 id_w=0.00 2.78 it/s
step 18250/85000 G=1.349 Dp=0.246 Dm=0.104 cyc_w=5.00 id_w=0.00 2.78 it/s
step 18300/85000 G=1.859 Dp=0.255 Dm=0.089 cyc_w=5.00 id_w=0.00 2.78 it/s
step 18350/85000 G=1.688 Dp=0.231 Dm=0.105 cyc_w=5.00 id_w=0.00 2.78 it/s
step 18400/85000 G=1.656 Dp=0.228 Dm=0.104 cyc_w=5.00 id_w=0.00 2.78 it/s
step 18450/85000 G=1.745 Dp=0.247 Dm=0.103 cyc_w=5.00 id_w=0.00 2.78 it/s
step 18500/85000 G=1.780 Dp=0.220 Dm=0.094 cyc_w=5.00 id_w=0.00 2.78 it/s
step 18550/85000 G=1.622 Dp=0.253 Dm=0.110 cyc_w=5.00 id_w=0.00 2.78 it/s
step 18600/85000 G=1.460 Dp=0.226 Dm=0.151 cyc_w=5.00 id_w=0.00 2.78 it/s
step 18650/85000 G=1.459 Dp=0.254 Dm=0.107 cyc_w=5.00 id_w=0.00 2.78 it/s
step 18700/85000 G=1.586 Dp=0.208 Dm=0.104 cyc_w=5.00 id_w=0.00 2.78 it/s
step 18750/85000 G=1.718 Dp=0.241 Dm=0.102 cyc_w=5.00 id_w=0.00 2.79 it/s
step 18800/85000 G=1.551 Dp=0.231 Dm=0.114 cyc_w=5.00 id_w=0.00 2.79 it/s
step 18850/85000 G=1.473 Dp=0.215 Dm=0.111 cyc_w=5.00 id_w=0.00 2.79 it/s
step 18900/85000 G=1.302 Dp=0.183 Dm=0.119 cyc_w=5.00 id_w=0.00 2.79 it/s
step 18950/85000 G=1.813 Dp=0.248 Dm=0.150 cyc_w=5.00 id_w=0.00 2.79 it/s
step 19000/85000 G=1.682 Dp=0.230 Dm=0.102 cyc_w=5.00 id_w=0.00 2.79 it/s
step 19050/85000 G=1.752 Dp=0.233 Dm=0.101 cyc_w=5.00 id_w=0.00 2.79 it/s
step 19100/85000 G=1.832 Dp=0.172 Dm=0.081 cyc_w=5.00 id_w=0.00 2.79 it/s
step 19150/85000 G=1.573 Dp=0.217 Dm=0.132 cyc_w=5.00 id_w=0.00 2.79 it/s
step 19200/85000 G=1.669 Dp=0.193 Dm=0.128 cyc_w=5.00 id_w=0.00 2.79 it/s
step 19250/85000 G=1.498 Dp=0.294 Dm=0.162 cyc_w=5.00 id_w=0.00 2.79 it/s
step 19300/85000 G=1.624 Dp=0.207 Dm=0.123 cyc_w=5.00 id_w=0.00 2.79 it/s
step 19350/85000 G=1.773 Dp=0.255 Dm=0.113 cyc_w=5.00 id_w=0.00 2.79 it/s
step 19400/85000 G=1.777 Dp=0.172 Dm=0.122 cyc_w=5.00 id_w=0.00 2.79 it/s
step 19450/85000 G=1.596 Dp=0.206 Dm=0.154 cyc_w=5.00 id_w=0.00 2.79 it/s
step 19500/85000 G=1.577 Dp=0.161 Dm=0.154 cyc_w=5.00 id_w=0.00 2.79 it/s
EVAL {"step": 19500, "variant": "ema", "fid_a2b": 101.03401046190157, "fid_b2a": 97.44984580660049, "mifid_a2b": 0.4241427766562983, "mifid_b2a": 0.40478256947198815, "fid": 99.24192813425103, "mifid": 0.4144626730641432, "composite": 49.82819540365758}
EVAL {"step": 19500, "variant": "ema_slow", "fid_a2b": 110.25175834535929, "fid_b2a": 105.63434684644139, "mifid_a2b": 0.43087448136947726, "mifid_b2a": 0.4063544823158775, "fid": 107.94305259590034, "mifid": 0.41861448184267736, "composite": 54.18083353887151}
EVAL {"step": 19500, "variant": "raw", "fid_a2b": 102.69396246911776, "fid_b2a": 100.73441212908294, "mifid_a2b": 0.4212302077438493, "mifid_b2a": 0.3971351254587647, "fid": 101.71418729910036, "mifid": 0.409182666601307, "composite": 51.061684982850835}
step 19550/85000 G=1.665 Dp=0.139 Dm=0.130 cyc_w=5.00 id_w=0.00 2.77 it/s
step 19600/85000 G=1.918 Dp=0.219 Dm=0.084 cyc_w=5.00 id_w=0.00 2.77 it/s
step 19650/85000 G=1.224 Dp=0.289 Dm=0.132 cyc_w=5.00 id_w=0.00 2.77 it/s
step 19700/85000 G=1.835 Dp=0.162 Dm=0.151 cyc_w=5.00 id_w=0.00 2.77 it/s
step 19750/85000 G=1.950 Dp=0.185 Dm=0.070 cyc_w=5.00 id_w=0.00 2.77 it/s
step 19800/85000 G=2.333 Dp=0.134 Dm=0.118 cyc_w=5.00 id_w=0.00 2.77 it/s
step 19850/85000 G=6.174 Dp=0.057 Dm=0.205 cyc_w=5.00 id_w=0.00 2.77 it/s
step 19900/85000 G=2.874 Dp=0.130 Dm=0.228 cyc_w=5.00 id_w=0.00 2.77 it/s
step 19950/85000 G=2.199 Dp=0.150 Dm=0.280 cyc_w=5.00 id_w=0.00 2.77 it/s
step 20000/85000 G=2.105 Dp=0.133 Dm=0.234 cyc_w=5.00 id_w=0.00 2.77 it/s
step 20050/85000 G=1.727 Dp=0.163 Dm=0.249 cyc_w=5.00 id_w=0.00 2.77 it/s
step 20100/85000 G=1.516 Dp=0.188 Dm=0.273 cyc_w=5.00 id_w=0.00 2.77 it/s
step 20150/85000 G=1.536 Dp=0.163 Dm=0.285 cyc_w=5.00 id_w=0.00 2.77 it/s
step 20200/85000 G=1.342 Dp=0.193 Dm=0.265 cyc_w=5.00 id_w=0.00 2.77 it/s
step 20250/85000 G=1.393 Dp=0.161 Dm=0.284 cyc_w=5.00 id_w=0.00 2.77 it/s
step 20300/85000 G=1.639 Dp=0.194 Dm=0.264 cyc_w=5.00 id_w=0.00 2.77 it/s
step 20350/85000 G=1.587 Dp=0.148 Dm=0.267 cyc_w=5.00 id_w=0.00 2.78 it/s
step 20400/85000 G=1.520 Dp=0.125 Dm=0.259 cyc_w=5.00 id_w=0.00 2.78 it/s
step 20450/85000 G=1.554 Dp=0.139 Dm=0.243 cyc_w=5.00 id_w=0.00 2.78 it/s
step 20500/85000 G=1.375 Dp=0.178 Dm=0.264 cyc_w=5.00 id_w=0.00 2.78 it/s
step 20550/85000 G=1.400 Dp=0.178 Dm=0.236 cyc_w=5.00 id_w=0.00 2.78 it/s
step 20600/85000 G=1.378 Dp=0.180 Dm=0.246 cyc_w=5.00 id_w=0.00 2.78 it/s
step 20650/85000 G=1.511 Dp=0.163 Dm=0.257 cyc_w=5.00 id_w=0.00 2.78 it/s
step 20700/85000 G=1.437 Dp=0.140 Dm=0.259 cyc_w=5.00 id_w=0.00 2.78 it/s
step 20750/85000 G=1.524 Dp=0.179 Dm=0.280 cyc_w=5.00 id_w=0.00 2.78 it/s
step 20800/85000 G=1.496 Dp=0.167 Dm=0.268 cyc_w=5.00 id_w=0.00 2.78 it/s
step 20850/85000 G=1.496 Dp=0.161 Dm=0.263 cyc_w=5.00 id_w=0.00 2.78 it/s
step 20900/85000 G=1.552 Dp=0.440 Dm=0.250 cyc_w=5.00 id_w=0.00 2.78 it/s
step 20950/85000 G=1.969 Dp=0.244 Dm=0.246 cyc_w=5.00 id_w=0.00 2.78 it/s
step 21000/85000 G=1.522 Dp=0.249 Dm=0.250 cyc_w=5.00 id_w=0.00 2.78 it/s
step 21050/85000 G=1.402 Dp=0.273 Dm=0.236 cyc_w=5.00 id_w=0.00 2.78 it/s
step 21100/85000 G=1.354 Dp=0.249 Dm=0.217 cyc_w=5.00 id_w=0.00 2.78 it/s
step 21150/85000 G=1.394 Dp=0.264 Dm=0.258 cyc_w=5.00 id_w=0.00 2.78 it/s
step 21200/85000 G=1.418 Dp=0.250 Dm=0.258 cyc_w=5.00 id_w=0.00 2.78 it/s
step 21250/85000 G=1.399 Dp=0.243 Dm=0.234 cyc_w=5.00 id_w=0.00 2.78 it/s
step 21300/85000 G=1.433 Dp=0.257 Dm=0.239 cyc_w=5.00 id_w=0.00 2.78 it/s
step 21350/85000 G=1.304 Dp=0.243 Dm=0.251 cyc_w=5.00 id_w=0.00 2.79 it/s
step 21400/85000 G=1.258 Dp=0.236 Dm=0.247 cyc_w=5.00 id_w=0.00 2.79 it/s
step 21450/85000 G=1.317 Dp=0.253 Dm=0.246 cyc_w=5.00 id_w=0.00 2.79 it/s
step 21500/85000 G=1.325 Dp=0.249 Dm=0.249 cyc_w=5.00 id_w=0.00 2.79 it/s
step 21550/85000 G=1.173 Dp=0.242 Dm=0.237 cyc_w=5.00 id_w=0.00 2.79 it/s
step 21600/85000 G=1.270 Dp=0.247 Dm=0.237 cyc_w=5.00 id_w=0.00 2.79 it/s
step 21650/85000 G=1.302 Dp=0.262 Dm=0.264 cyc_w=5.00 id_w=0.00 2.79 it/s
step 21700/85000 G=1.250 Dp=0.249 Dm=0.231 cyc_w=5.00 id_w=0.00 2.79 it/s
step 21750/85000 G=1.279 Dp=0.244 Dm=0.254 cyc_w=5.00 id_w=0.00 2.79 it/s
step 21800/85000 G=1.172 Dp=0.249 Dm=0.254 cyc_w=5.00 id_w=0.00 2.79 it/s
step 21850/85000 G=1.158 Dp=0.223 Dm=0.243 cyc_w=5.00 id_w=0.00 2.79 it/s
step 21900/85000 G=1.265 Dp=0.230 Dm=0.251 cyc_w=5.00 id_w=0.00 2.79 it/s
step 21950/85000 G=1.155 Dp=0.260 Dm=0.257 cyc_w=5.00 id_w=0.00 2.79 it/s
step 22000/85000 G=1.112 Dp=0.259 Dm=0.248 cyc_w=5.00 id_w=0.00 2.79 it/s
step 22050/85000 G=1.157 Dp=0.248 Dm=0.256 cyc_w=5.00 id_w=0.00 2.79 it/s
step 22100/85000 G=1.276 Dp=0.260 Dm=0.264 cyc_w=5.00 id_w=0.00 2.79 it/s
step 22150/85000 G=1.204 Dp=0.270 Dm=0.250 cyc_w=5.00 id_w=0.00 2.79 it/s
step 22200/85000 G=1.236 Dp=0.223 Dm=0.214 cyc_w=5.00 id_w=0.00 2.79 it/s
step 22250/85000 G=1.213 Dp=0.249 Dm=0.234 cyc_w=5.00 id_w=0.00 2.79 it/s
step 22300/85000 G=1.214 Dp=0.264 Dm=0.248 cyc_w=5.00 id_w=0.00 2.80 it/s
step 22350/85000 G=1.367 Dp=0.231 Dm=0.238 cyc_w=5.00 id_w=0.00 2.80 it/s
step 22400/85000 G=1.237 Dp=0.240 Dm=0.216 cyc_w=5.00 id_w=0.00 2.80 it/s
step 22450/85000 G=1.160 Dp=0.250 Dm=0.233 cyc_w=5.00 id_w=0.00 2.80 it/s
step 22500/85000 G=1.230 Dp=0.252 Dm=0.241 cyc_w=5.00 id_w=0.00 2.80 it/s
step 22550/85000 G=1.281 Dp=0.256 Dm=0.250 cyc_w=5.00 id_w=0.00 2.80 it/s
step 22600/85000 G=1.292 Dp=0.228 Dm=0.243 cyc_w=5.00 id_w=0.00 2.80 it/s
step 22650/85000 G=1.215 Dp=0.258 Dm=0.274 cyc_w=5.00 id_w=0.00 2.80 it/s
step 22700/85000 G=1.206 Dp=0.250 Dm=0.211 cyc_w=5.00 id_w=0.00 2.80 it/s
step 22750/85000 G=1.182 Dp=0.263 Dm=0.211 cyc_w=5.00 id_w=0.00 2.80 it/s
EVAL {"step": 22750, "variant": "ema", "fid_a2b": 104.54330162049546, "fid_b2a": 102.21076283230234, "mifid_a2b": 0.4259074346753497, "mifid_b2a": 0.40849540379354027, "fid": 103.3770322263989, "mifid": 0.417201419234445, "composite": 51.89711682281667}
EVAL {"step": 22750, "variant": "ema_slow", "fid_a2b": 109.08943068972334, "fid_b2a": 103.96385217555468, "mifid_a2b": 0.42960596813744606, "mifid_b2a": 0.4085500349670557, "fid": 106.52664143263901, "mifid": 0.4190780015522509, "composite": 53.47285971709563}
EVAL {"step": 22750, "variant": "raw", "fid_a2b": 106.85708667798482, "fid_b2a": 102.90146524479337, "mifid_a2b": 0.4252012231378192, "mifid_b2a": 0.4072824174450624, "fid": 104.8792759613891, "mifid": 0.4162418202914408, "composite": 52.64775889084027}
step 22800/85000 G=1.142 Dp=0.235 Dm=0.236 cyc_w=5.00 id_w=0.00 2.78 it/s
step 22850/85000 G=1.332 Dp=0.242 Dm=0.217 cyc_w=5.00 id_w=0.00 2.78 it/s
step 22900/85000 G=1.148 Dp=0.243 Dm=0.223 cyc_w=5.00 id_w=0.00 2.78 it/s
step 22950/85000 G=1.243 Dp=0.255 Dm=0.332 cyc_w=5.00 id_w=0.00 2.78 it/s
step 23000/85000 G=1.290 Dp=0.251 Dm=0.206 cyc_w=5.00 id_w=0.00 2.78 it/s
step 23050/85000 G=1.130 Dp=0.264 Dm=0.231 cyc_w=5.00 id_w=0.00 2.78 it/s
step 23100/85000 G=1.205 Dp=0.247 Dm=0.219 cyc_w=5.00 id_w=0.00 2.78 it/s
step 23150/85000 G=1.234 Dp=0.218 Dm=0.195 cyc_w=5.00 id_w=0.00 2.78 it/s
step 23200/85000 G=1.398 Dp=0.243 Dm=0.210 cyc_w=5.00 id_w=0.00 2.78 it/s
step 23250/85000 G=1.344 Dp=0.257 Dm=0.223 cyc_w=5.00 id_w=0.00 2.78 it/s
step 23300/85000 G=1.213 Dp=0.249 Dm=0.234 cyc_w=5.00 id_w=0.00 2.78 it/s
step 23350/85000 G=1.108 Dp=0.257 Dm=0.234 cyc_w=5.00 id_w=0.00 2.78 it/s
step 23400/85000 G=1.653 Dp=0.250 Dm=0.187 cyc_w=5.00 id_w=0.00 2.78 it/s
step 23450/85000 G=1.207 Dp=0.242 Dm=0.195 cyc_w=5.00 id_w=0.00 2.78 it/s
step 23500/85000 G=1.493 Dp=0.249 Dm=0.154 cyc_w=5.00 id_w=0.00 2.78 it/s
step 23550/85000 G=1.290 Dp=0.240 Dm=0.152 cyc_w=5.00 id_w=0.00 2.78 it/s
step 23600/85000 G=1.271 Dp=0.275 Dm=0.219 cyc_w=5.00 id_w=0.00 2.78 it/s
step 23650/85000 G=1.698 Dp=0.222 Dm=0.158 cyc_w=5.00 id_w=0.00 2.78 it/s
step 23700/85000 G=1.362 Dp=0.229 Dm=0.172 cyc_w=5.00 id_w=0.00 2.78 it/s
step 23750/85000 G=1.592 Dp=0.247 Dm=0.108 cyc_w=5.00 id_w=0.00 2.78 it/s
step 23800/85000 G=1.447 Dp=0.251 Dm=0.159 cyc_w=5.00 id_w=0.00 2.78 it/s
step 23850/85000 G=1.459 Dp=0.241 Dm=0.131 cyc_w=5.00 id_w=0.00 2.78 it/s
step 23900/85000 G=1.301 Dp=0.264 Dm=0.125 cyc_w=5.00 id_w=0.00 2.78 it/s
step 23950/85000 G=1.314 Dp=0.255 Dm=0.173 cyc_w=5.00 id_w=0.00 2.78 it/s
step 24000/85000 G=1.358 Dp=0.282 Dm=0.162 cyc_w=5.00 id_w=0.00 2.79 it/s
step 24050/85000 G=1.958 Dp=0.236 Dm=0.221 cyc_w=5.00 id_w=0.00 2.79 it/s
step 24100/85000 G=1.331 Dp=0.269 Dm=0.120 cyc_w=5.00 id_w=0.00 2.79 it/s
step 24150/85000 G=1.686 Dp=0.245 Dm=0.135 cyc_w=5.00 id_w=0.00 2.79 it/s
step 24200/85000 G=1.410 Dp=0.242 Dm=0.142 cyc_w=5.00 id_w=0.00 2.79 it/s
step 24250/85000 G=1.455 Dp=0.248 Dm=0.088 cyc_w=5.00 id_w=0.00 2.79 it/s
step 24300/85000 G=1.427 Dp=0.229 Dm=0.123 cyc_w=5.00 id_w=0.00 2.79 it/s
step 24350/85000 G=1.415 Dp=0.243 Dm=0.131 cyc_w=5.00 id_w=0.00 2.79 it/s
step 24400/85000 G=1.725 Dp=0.255 Dm=0.127 cyc_w=5.00 id_w=0.00 2.79 it/s
step 24450/85000 G=1.456 Dp=0.253 Dm=0.118 cyc_w=5.00 id_w=0.00 2.79 it/s
step 24500/85000 G=1.745 Dp=0.259 Dm=0.170 cyc_w=5.00 id_w=0.00 2.79 it/s
step 24550/85000 G=1.630 Dp=0.269 Dm=0.099 cyc_w=5.00 id_w=0.00 2.79 it/s
step 24600/85000 G=1.706 Dp=0.254 Dm=0.122 cyc_w=5.00 id_w=0.00 2.79 it/s
step 24650/85000 G=1.769 Dp=0.244 Dm=0.114 cyc_w=5.00 id_w=0.00 2.79 it/s
step 24700/85000 G=1.479 Dp=0.236 Dm=0.115 cyc_w=5.00 id_w=0.00 2.79 it/s
step 24750/85000 G=3.261 Dp=0.231 Dm=0.220 cyc_w=5.00 id_w=0.00 2.79 it/s
step 24800/85000 G=1.940 Dp=0.198 Dm=0.302 cyc_w=5.00 id_w=0.00 2.79 it/s
step 24850/85000 G=1.657 Dp=0.281 Dm=0.264 cyc_w=5.00 id_w=0.00 2.79 it/s
step 24900/85000 G=1.474 Dp=0.218 Dm=0.236 cyc_w=5.00 id_w=0.00 2.79 it/s
step 24950/85000 G=1.254 Dp=0.236 Dm=0.263 cyc_w=5.00 id_w=0.00 2.79 it/s
step 25000/85000 G=1.378 Dp=0.231 Dm=0.254 cyc_w=5.00 id_w=0.00 2.79 it/s
step 25050/85000 G=1.367 Dp=0.219 Dm=0.249 cyc_w=5.00 id_w=0.00 2.80 it/s
step 25100/85000 G=1.406 Dp=0.215 Dm=0.265 cyc_w=5.00 id_w=0.00 2.80 it/s
step 25150/85000 G=1.404 Dp=0.250 Dm=0.250 cyc_w=5.00 id_w=0.00 2.80 it/s
step 25200/85000 G=1.135 Dp=0.266 Dm=0.261 cyc_w=5.00 id_w=0.00 2.80 it/s
step 25250/85000 G=1.162 Dp=0.240 Dm=0.269 cyc_w=5.00 id_w=0.00 2.80 it/s
step 25300/85000 G=1.318 Dp=0.192 Dm=0.258 cyc_w=5.00 id_w=0.00 2.80 it/s
step 25350/85000 G=1.130 Dp=0.187 Dm=0.275 cyc_w=5.00 id_w=0.00 2.80 it/s
step 25400/85000 G=1.477 Dp=0.197 Dm=0.225 cyc_w=5.00 id_w=0.00 2.80 it/s
step 25450/85000 G=1.230 Dp=0.186 Dm=0.260 cyc_w=5.00 id_w=0.00 2.80 it/s
step 25500/85000 G=1.287 Dp=0.141 Dm=0.271 cyc_w=5.00 id_w=0.00 2.80 it/s
step 25550/85000 G=1.556 Dp=0.173 Dm=0.228 cyc_w=5.00 id_w=0.00 2.80 it/s
step 25600/85000 G=1.235 Dp=0.197 Dm=0.255 cyc_w=5.00 id_w=0.00 2.80 it/s
step 25650/85000 G=1.392 Dp=0.159 Dm=0.263 cyc_w=5.00 id_w=0.00 2.80 it/s
step 25700/85000 G=1.624 Dp=0.134 Dm=0.245 cyc_w=5.00 id_w=0.00 2.80 it/s
step 25750/85000 G=1.629 Dp=0.233 Dm=0.254 cyc_w=5.00 id_w=0.00 2.80 it/s
step 25800/85000 G=1.234 Dp=0.150 Dm=0.242 cyc_w=5.00 id_w=0.00 2.80 it/s
step 25850/85000 G=1.119 Dp=0.216 Dm=0.258 cyc_w=5.00 id_w=0.00 2.80 it/s
step 25900/85000 G=1.522 Dp=0.169 Dm=0.263 cyc_w=5.00 id_w=0.00 2.80 it/s
step 25950/85000 G=1.773 Dp=0.190 Dm=0.255 cyc_w=5.00 id_w=0.00 2.80 it/s
step 26000/85000 G=1.402 Dp=0.151 Dm=0.257 cyc_w=5.00 id_w=0.00 2.80 it/s
EVAL {"step": 26000, "variant": "ema", "fid_a2b": 99.65483405989187, "fid_b2a": 102.0052382874018, "mifid_a2b": 0.42240916231110004, "mifid_b2a": 0.4089005570057797, "fid": 100.83003617364683, "mifid": 0.41565485965843985, "composite": 50.62284551665264}
EVAL {"step": 26000, "variant": "ema_slow", "fid_a2b": 102.70120761396214, "fid_b2a": 101.87898738708654, "mifid_a2b": 0.4275029955085366, "mifid_b2a": 0.4080127283583697, "fid": 102.29009750052434, "mifid": 0.41775786193345316, "composite": 51.353927681228896}
EVAL {"step": 26000, "variant": "raw", "fid_a2b": 104.12989343461489, "fid_b2a": 104.506221727136, "mifid_a2b": 0.42537895137918497, "mifid_b2a": 0.40680980578848086, "fid": 104.31805758087543, "mifid": 0.4160943785838329, "composite": 52.367075979729634}
step 26050/85000 G=1.408 Dp=0.166 Dm=0.226 cyc_w=5.00 id_w=0.00 2.78 it/s
step 26100/85000 G=1.336 Dp=0.183 Dm=0.252 cyc_w=5.00 id_w=0.00 2.78 it/s
step 26150/85000 G=1.378 Dp=0.159 Dm=0.244 cyc_w=5.00 id_w=0.00 2.78 it/s
step 26200/85000 G=1.437 Dp=0.188 Dm=0.234 cyc_w=5.00 id_w=0.00 2.78 it/s
step 26250/85000 G=1.466 Dp=0.176 Dm=0.257 cyc_w=5.00 id_w=0.00 2.78 it/s
step 26300/85000 G=1.522 Dp=0.130 Dm=0.261 cyc_w=5.00 id_w=0.00 2.78 it/s
step 26350/85000 G=1.153 Dp=0.176 Dm=0.259 cyc_w=5.00 id_w=0.00 2.78 it/s
step 26400/85000 G=1.572 Dp=0.148 Dm=0.276 cyc_w=5.00 id_w=0.00 2.78 it/s
step 26450/85000 G=1.181 Dp=0.201 Dm=0.245 cyc_w=5.00 id_w=0.00 2.78 it/s
step 26500/85000 G=1.764 Dp=0.357 Dm=0.252 cyc_w=5.00 id_w=0.00 2.78 it/s
step 26550/85000 G=1.203 Dp=0.165 Dm=0.255 cyc_w=5.00 id_w=0.00 2.78 it/s
step 26600/85000 G=1.894 Dp=0.326 Dm=0.223 cyc_w=5.00 id_w=0.00 2.78 it/s
step 26650/85000 G=1.346 Dp=0.152 Dm=0.256 cyc_w=5.00 id_w=0.00 2.78 it/s
step 26700/85000 G=1.288 Dp=0.187 Dm=0.266 cyc_w=5.00 id_w=0.00 2.78 it/s
step 26750/85000 G=1.290 Dp=0.188 Dm=0.244 cyc_w=5.00 id_w=0.00 2.78 it/s
step 26800/85000 G=1.863 Dp=0.196 Dm=0.264 cyc_w=5.00 id_w=0.00 2.78 it/s
step 26850/85000 G=1.335 Dp=0.166 Dm=0.245 cyc_w=5.00 id_w=0.00 2.78 it/s
step 26900/85000 G=1.350 Dp=0.185 Dm=0.254 cyc_w=5.00 id_w=0.00 2.78 it/s
step 26950/85000 G=1.497 Dp=0.135 Dm=0.276 cyc_w=5.00 id_w=0.00 2.78 it/s
step 27000/85000 G=1.270 Dp=0.137 Dm=0.258 cyc_w=5.00 id_w=0.00 2.78 it/s
step 27050/85000 G=1.329 Dp=0.193 Dm=0.244 cyc_w=5.00 id_w=0.00 2.78 it/s
step 27100/85000 G=1.102 Dp=0.200 Dm=0.251 cyc_w=5.00 id_w=0.00 2.78 it/s
step 27150/85000 G=1.278 Dp=0.154 Dm=0.229 cyc_w=5.00 id_w=0.00 2.78 it/s
step 27200/85000 G=1.383 Dp=0.129 Dm=0.234 cyc_w=5.00 id_w=0.00 2.78 it/s
step 27250/85000 G=1.260 Dp=0.163 Dm=0.254 cyc_w=5.00 id_w=0.00 2.78 it/s
step 27300/85000 G=1.236 Dp=0.240 Dm=0.248 cyc_w=5.00 id_w=0.00 2.78 it/s
step 27350/85000 G=1.345 Dp=0.176 Dm=0.248 cyc_w=5.00 id_w=0.00 2.79 it/s
step 27400/85000 G=1.034 Dp=0.297 Dm=0.233 cyc_w=5.00 id_w=0.00 2.79 it/s
step 27450/85000 G=1.435 Dp=0.186 Dm=0.233 cyc_w=5.00 id_w=0.00 2.79 it/s
step 27500/85000 G=1.268 Dp=0.185 Dm=0.225 cyc_w=5.00 id_w=0.00 2.79 it/s
step 27550/85000 G=1.292 Dp=0.147 Dm=0.255 cyc_w=5.00 id_w=0.00 2.79 it/s
step 27600/85000 G=1.293 Dp=0.150 Dm=0.263 cyc_w=5.00 id_w=0.00 2.79 it/s
step 27650/85000 G=1.148 Dp=0.157 Dm=0.260 cyc_w=5.00 id_w=0.00 2.79 it/s
step 27700/85000 G=1.416 Dp=0.155 Dm=0.242 cyc_w=5.00 id_w=0.00 2.79 it/s
step 27750/85000 G=1.548 Dp=0.171 Dm=0.254 cyc_w=5.00 id_w=0.00 2.79 it/s
step 27800/85000 G=1.049 Dp=0.224 Dm=0.246 cyc_w=5.00 id_w=0.00 2.79 it/s
step 27850/85000 G=1.078 Dp=0.180 Dm=0.263 cyc_w=5.00 id_w=0.00 2.79 it/s
step 27900/85000 G=1.308 Dp=0.158 Dm=0.266 cyc_w=5.00 id_w=0.00 2.79 it/s
step 27950/85000 G=1.485 Dp=0.158 Dm=0.254 cyc_w=5.00 id_w=0.00 2.79 it/s
step 28000/85000 G=1.233 Dp=0.151 Dm=0.246 cyc_w=5.00 id_w=0.00 2.79 it/s
step 28050/85000 G=1.185 Dp=0.142 Dm=0.259 cyc_w=5.00 id_w=0.00 2.79 it/s
step 28100/85000 G=1.455 Dp=0.100 Dm=0.256 cyc_w=5.00 id_w=0.00 2.80 it/s
step 28150/85000 G=1.545 Dp=0.162 Dm=0.251 cyc_w=5.00 id_w=0.00 2.80 it/s
step 28200/85000 G=1.235 Dp=0.217 Dm=0.265 cyc_w=5.00 id_w=0.00 2.80 it/s
step 28250/85000 G=1.218 Dp=0.185 Dm=0.235 cyc_w=5.00 id_w=0.00 2.80 it/s
step 28300/85000 G=1.220 Dp=0.171 Dm=0.243 cyc_w=5.00 id_w=0.00 2.80 it/s
step 28350/85000 G=1.185 Dp=0.152 Dm=0.258 cyc_w=5.00 id_w=0.00 2.80 it/s
step 28400/85000 G=1.221 Dp=0.170 Dm=0.238 cyc_w=5.00 id_w=0.00 2.80 it/s
step 28450/85000 G=1.097 Dp=0.184 Dm=0.223 cyc_w=5.00 id_w=0.00 2.80 it/s
step 28500/85000 G=1.761 Dp=0.212 Dm=0.244 cyc_w=5.00 id_w=0.00 2.80 it/s
step 28550/85000 G=1.743 Dp=0.154 Dm=0.266 cyc_w=5.00 id_w=0.00 2.80 it/s
step 28600/85000 G=1.410 Dp=0.154 Dm=0.239 cyc_w=5.00 id_w=0.00 2.80 it/s
step 28650/85000 G=1.332 Dp=0.139 Dm=0.225 cyc_w=5.00 id_w=0.00 2.80 it/s
step 28700/85000 G=1.507 Dp=0.142 Dm=0.241 cyc_w=5.00 id_w=0.00 2.80 it/s
step 28750/85000 G=1.683 Dp=0.195 Dm=0.231 cyc_w=5.00 id_w=0.00 2.80 it/s
step 28800/85000 G=1.530 Dp=0.196 Dm=0.220 cyc_w=5.00 id_w=0.00 2.80 it/s
step 28850/85000 G=1.390 Dp=0.157 Dm=0.263 cyc_w=5.00 id_w=0.00 2.80 it/s
step 28900/85000 G=1.600 Dp=0.177 Dm=0.264 cyc_w=5.00 id_w=0.00 2.80 it/s
step 28950/85000 G=1.587 Dp=0.169 Dm=0.226 cyc_w=5.00 id_w=0.00 2.80 it/s
step 29000/85000 G=1.374 Dp=0.205 Dm=0.242 cyc_w=5.00 id_w=0.00 2.80 it/s
step 29050/85000 G=1.340 Dp=0.178 Dm=0.230 cyc_w=5.00 id_w=0.00 2.80 it/s
step 29100/85000 G=1.321 Dp=0.156 Dm=0.202 cyc_w=5.00 id_w=0.00 2.80 it/s
step 29150/85000 G=1.487 Dp=0.138 Dm=0.197 cyc_w=5.00 id_w=0.00 2.80 it/s
step 29200/85000 G=1.301 Dp=0.232 Dm=0.251 cyc_w=5.00 id_w=0.00 2.80 it/s
step 29250/85000 G=1.379 Dp=0.173 Dm=0.211 cyc_w=5.00 id_w=0.00 2.80 it/s
EVAL {"step": 29250, "variant": "ema", "fid_a2b": 98.06410449346505, "fid_b2a": 100.43867498257791, "mifid_a2b": 0.41891618336367153, "mifid_b2a": 0.40782896854989, "fid": 99.25138973802149, "mifid": 0.4133725759567808, "composite": 49.832381156989136}
EVAL {"step": 29250, "variant": "ema_slow", "fid_a2b": 98.37462351247805, "fid_b2a": 101.78345940818997, "mifid_a2b": 0.42326173561576463, "mifid_b2a": 0.409729787984919, "fid": 100.07904146033401, "mifid": 0.4164957618003418, "composite": 50.24776861106718}
EVAL {"step": 29250, "variant": "raw", "fid_a2b": 103.62009232001199, "fid_b2a": 100.47943454636993, "mifid_a2b": 0.4221657392213467, "mifid_b2a": 0.40706629969859465, "fid": 102.04976343319096, "mifid": 0.4146160194599707, "composite": 51.232189726325466}
step 29300/85000 G=1.674 Dp=0.170 Dm=0.183 cyc_w=5.00 id_w=0.00 2.78 it/s
step 29350/85000 G=1.736 Dp=0.165 Dm=0.166 cyc_w=5.00 id_w=0.00 2.78 it/s
step 29400/85000 G=1.401 Dp=0.152 Dm=0.208 cyc_w=5.00 id_w=0.00 2.78 it/s
step 29450/85000 G=1.565 Dp=0.238 Dm=0.211 cyc_w=5.00 id_w=0.00 2.78 it/s
step 29500/85000 G=1.449 Dp=0.151 Dm=0.139 cyc_w=5.00 id_w=0.00 2.78 it/s
step 29550/85000 G=1.348 Dp=0.178 Dm=0.152 cyc_w=5.00 id_w=0.00 2.78 it/s
step 29600/85000 G=1.654 Dp=0.149 Dm=0.134 cyc_w=5.00 id_w=0.00 2.78 it/s
step 29650/85000 G=7.054 Dp=0.117 Dm=0.227 cyc_w=5.00 id_w=0.00 2.78 it/s
step 29700/85000 G=2.279 Dp=0.283 Dm=0.147 cyc_w=5.00 id_w=0.00 2.78 it/s
step 29750/85000 G=1.892 Dp=0.283 Dm=0.115 cyc_w=5.00 id_w=0.00 2.78 it/s
step 29800/85000 G=1.512 Dp=0.256 Dm=0.121 cyc_w=5.00 id_w=0.00 2.78 it/s
step 29850/85000 G=1.890 Dp=0.247 Dm=0.208 cyc_w=5.00 id_w=0.00 2.78 it/s
step 29900/85000 G=1.690 Dp=0.250 Dm=0.117 cyc_w=5.00 id_w=0.00 2.78 it/s
step 29950/85000 G=1.816 Dp=0.256 Dm=0.094 cyc_w=5.00 id_w=0.00 2.78 it/s
step 30000/85000 G=1.747 Dp=0.265 Dm=0.152 cyc_w=5.00 id_w=0.00 2.78 it/s
step 30050/85000 G=1.631 Dp=0.247 Dm=0.115 cyc_w=5.00 id_w=0.00 2.78 it/s
step 30100/85000 G=1.721 Dp=0.275 Dm=0.135 cyc_w=5.00 id_w=0.00 2.78 it/s
step 30150/85000 G=1.632 Dp=0.254 Dm=0.117 cyc_w=5.00 id_w=0.00 2.78 it/s
step 30200/85000 G=1.850 Dp=0.282 Dm=0.141 cyc_w=5.00 id_w=0.00 2.78 it/s
step 30250/85000 G=1.538 Dp=0.242 Dm=0.142 cyc_w=5.00 id_w=0.00 2.78 it/s
step 30300/85000 G=1.358 Dp=0.251 Dm=0.135 cyc_w=5.00 id_w=0.00 2.78 it/s
step 30350/85000 G=1.430 Dp=0.268 Dm=0.132 cyc_w=5.00 id_w=0.00 2.79 it/s
step 30400/85000 G=1.366 Dp=0.259 Dm=0.160 cyc_w=5.00 id_w=0.00 2.79 it/s
step 30450/85000 G=1.603 Dp=0.254 Dm=0.093 cyc_w=5.00 id_w=0.00 2.79 it/s
step 30500/85000 G=1.573 Dp=0.272 Dm=0.110 cyc_w=5.00 id_w=0.00 2.79 it/s
step 30550/85000 G=1.222 Dp=0.276 Dm=0.176 cyc_w=5.00 id_w=0.00 2.79 it/s
step 30600/85000 G=1.248 Dp=0.262 Dm=0.122 cyc_w=5.00 id_w=0.00 2.79 it/s
step 30650/85000 G=1.928 Dp=0.253 Dm=0.174 cyc_w=5.00 id_w=0.00 2.79 it/s
step 30700/85000 G=1.823 Dp=0.234 Dm=0.194 cyc_w=5.00 id_w=0.00 2.79 it/s
step 30750/85000 G=1.731 Dp=0.248 Dm=0.155 cyc_w=5.00 id_w=0.00 2.79 it/s
step 30800/85000 G=1.315 Dp=0.251 Dm=0.129 cyc_w=5.00 id_w=0.00 2.79 it/s
step 30850/85000 G=1.561 Dp=0.248 Dm=0.121 cyc_w=5.00 id_w=0.00 2.79 it/s
step 30900/85000 G=1.507 Dp=0.265 Dm=0.115 cyc_w=5.00 id_w=0.00 2.79 it/s
step 30950/85000 G=1.300 Dp=0.247 Dm=0.142 cyc_w=5.00 id_w=0.00 2.79 it/s
step 31000/85000 G=1.828 Dp=0.254 Dm=0.190 cyc_w=5.00 id_w=0.00 2.79 it/s
step 31050/85000 G=1.559 Dp=0.235 Dm=0.122 cyc_w=5.00 id_w=0.00 2.79 it/s
step 31100/85000 G=1.368 Dp=0.251 Dm=0.222 cyc_w=5.00 id_w=0.00 2.79 it/s
step 31150/85000 G=1.355 Dp=0.250 Dm=0.111 cyc_w=5.00 id_w=0.00 2.80 it/s
step 31200/85000 G=1.503 Dp=0.260 Dm=0.124 cyc_w=5.00 id_w=0.00 2.80 it/s
step 31250/85000 G=1.879 Dp=0.251 Dm=0.087 cyc_w=5.00 id_w=0.00 2.80 it/s
step 31300/85000 G=1.762 Dp=0.245 Dm=0.091 cyc_w=5.00 id_w=0.00 2.80 it/s
step 31350/85000 G=1.419 Dp=0.238 Dm=0.146 cyc_w=5.00 id_w=0.00 2.80 it/s
step 31400/85000 G=1.568 Dp=0.246 Dm=0.156 cyc_w=5.00 id_w=0.00 2.80 it/s
step 31450/85000 G=1.790 Dp=0.245 Dm=0.183 cyc_w=5.00 id_w=0.00 2.80 it/s
step 31500/85000 G=1.589 Dp=0.239 Dm=0.083 cyc_w=5.00 id_w=0.00 2.80 it/s
step 31550/85000 G=1.567 Dp=0.252 Dm=0.127 cyc_w=5.00 id_w=0.00 2.80 it/s
step 31600/85000 G=1.526 Dp=0.264 Dm=0.117 cyc_w=5.00 id_w=0.00 2.80 it/s
step 31650/85000 G=1.612 Dp=0.247 Dm=0.118 cyc_w=5.00 id_w=0.00 2.80 it/s
step 31700/85000 G=1.618 Dp=0.259 Dm=0.099 cyc_w=5.00 id_w=0.00 2.80 it/s
step 31750/85000 G=1.666 Dp=0.250 Dm=0.147 cyc_w=5.00 id_w=0.00 2.80 it/s
step 31800/85000 G=1.609 Dp=0.247 Dm=0.119 cyc_w=5.00 id_w=0.00 2.80 it/s
step 31850/85000 G=1.706 Dp=0.237 Dm=0.135 cyc_w=5.00 id_w=0.00 2.80 it/s
step 31900/85000 G=1.585 Dp=0.252 Dm=0.152 cyc_w=5.00 id_w=0.00 2.80 it/s
step 31950/85000 G=3.791 Dp=0.227 Dm=0.134 cyc_w=5.00 id_w=0.00 2.80 it/s
step 32000/85000 G=1.681 Dp=0.240 Dm=0.252 cyc_w=5.00 id_w=0.00 2.80 it/s
step 32050/85000 G=1.416 Dp=0.246 Dm=0.234 cyc_w=5.00 id_w=0.00 2.80 it/s
step 32100/85000 G=1.379 Dp=0.260 Dm=0.284 cyc_w=5.00 id_w=0.00 2.80 it/s
step 32150/85000 G=1.403 Dp=0.257 Dm=0.242 cyc_w=5.00 id_w=0.00 2.80 it/s
step 32200/85000 G=1.382 Dp=0.282 Dm=0.254 cyc_w=5.00 id_w=0.00 2.80 it/s
step 32250/85000 G=1.223 Dp=0.234 Dm=0.277 cyc_w=5.00 id_w=0.00 2.80 it/s
step 32300/85000 G=1.285 Dp=0.259 Dm=0.250 cyc_w=5.00 id_w=0.00 2.80 it/s
step 32350/85000 G=1.288 Dp=0.272 Dm=0.285 cyc_w=5.00 id_w=0.00 2.80 it/s
step 32400/85000 G=1.160 Dp=0.230 Dm=0.263 cyc_w=5.00 id_w=0.00 2.80 it/s
step 32450/85000 G=1.208 Dp=0.226 Dm=0.255 cyc_w=5.00 id_w=0.00 2.80 it/s
step 32500/85000 G=1.224 Dp=0.261 Dm=0.262 cyc_w=5.00 id_w=0.00 2.80 it/s
EVAL {"step": 32500, "variant": "ema", "fid_a2b": 102.64589821207795, "fid_b2a": 103.70266114281249, "mifid_a2b": 0.42397361273236567, "mifid_b2a": 0.40577814179134153, "fid": 103.17427967744521, "mifid": 0.4148758772618536, "composite": 51.79457777735353}
EVAL {"step": 32500, "variant": "ema_slow", "fid_a2b": 102.68879312778829, "fid_b2a": 101.09669956044789, "mifid_a2b": 0.4227919777297025, "mifid_b2a": 0.40858320609927584, "fid": 101.89274634411808, "mifid": 0.4156875919144892, "composite": 51.154216968016286}
EVAL {"step": 32500, "variant": "raw", "fid_a2b": 101.91933151774975, "fid_b2a": 103.22601667030088, "mifid_a2b": 0.4238420123941544, "mifid_b2a": 0.4060695352211607, "fid": 102.57267409402532, "mifid": 0.4149557738076576, "composite": 51.49381493391649}
step 32550/85000 G=1.144 Dp=0.248 Dm=0.244 cyc_w=5.00 id_w=0.00 2.79 it/s
step 32600/85000 G=1.099 Dp=0.237 Dm=0.255 cyc_w=5.00 id_w=0.00 2.79 it/s
step 32650/85000 G=1.144 Dp=0.247 Dm=0.243 cyc_w=5.00 id_w=0.00 2.79 it/s
step 32700/85000 G=1.189 Dp=0.228 Dm=0.250 cyc_w=5.00 id_w=0.00 2.79 it/s
step 32750/85000 G=1.188 Dp=0.245 Dm=0.272 cyc_w=5.00 id_w=0.00 2.79 it/s
step 32800/85000 G=1.144 Dp=0.262 Dm=0.246 cyc_w=5.00 id_w=0.00 2.79 it/s
step 32850/85000 G=1.076 Dp=0.246 Dm=0.234 cyc_w=5.00 id_w=0.00 2.79 it/s
step 32900/85000 G=1.216 Dp=0.244 Dm=0.242 cyc_w=5.00 id_w=0.00 2.79 it/s
step 32950/85000 G=1.268 Dp=0.237 Dm=0.246 cyc_w=5.00 id_w=0.00 2.79 it/s
step 33000/85000 G=1.158 Dp=0.242 Dm=0.259 cyc_w=5.00 id_w=0.00 2.79 it/s
step 33050/85000 G=1.084 Dp=0.247 Dm=0.229 cyc_w=5.00 id_w=0.00 2.79 it/s
step 33100/85000 G=1.193 Dp=0.240 Dm=0.250 cyc_w=5.00 id_w=0.00 2.79 it/s
step 33150/85000 G=1.056 Dp=0.263 Dm=0.252 cyc_w=5.00 id_w=0.00 2.79 it/s
step 33200/85000 G=1.183 Dp=0.236 Dm=0.253 cyc_w=5.00 id_w=0.00 2.79 it/s
step 33250/85000 G=1.173 Dp=0.231 Dm=0.257 cyc_w=5.00 id_w=0.00 2.79 it/s
step 33300/85000 G=1.241 Dp=0.280 Dm=0.251 cyc_w=5.00 id_w=0.00 2.79 it/s
step 33350/85000 G=1.199 Dp=0.229 Dm=0.238 cyc_w=5.00 id_w=0.00 2.79 it/s
step 33400/85000 G=1.007 Dp=0.248 Dm=0.231 cyc_w=5.00 id_w=0.00 2.79 it/s
step 33450/85000 G=1.194 Dp=0.247 Dm=0.256 cyc_w=5.00 id_w=0.00 2.79 it/s
step 33500/85000 G=1.073 Dp=0.233 Dm=0.250 cyc_w=5.00 id_w=0.00 2.79 it/s
step 33550/85000 G=1.043 Dp=0.239 Dm=0.255 cyc_w=5.00 id_w=0.00 2.79 it/s
step 33600/85000 G=1.049 Dp=0.236 Dm=0.260 cyc_w=5.00 id_w=0.00 2.79 it/s
step 33650/85000 G=1.179 Dp=0.268 Dm=0.260 cyc_w=5.00 id_w=0.00 2.79 it/s
step 33700/85000 G=1.180 Dp=0.215 Dm=0.250 cyc_w=5.00 id_w=0.00 2.79 it/s
step 33750/85000 G=1.053 Dp=0.243 Dm=0.245 cyc_w=5.00 id_w=0.00 2.79 it/s
step 33800/85000 G=1.257 Dp=0.233 Dm=0.243 cyc_w=5.00 id_w=0.00 2.79 it/s
step 33850/85000 G=1.206 Dp=0.225 Dm=0.263 cyc_w=5.00 id_w=0.00 2.79 it/s
step 33900/85000 G=1.327 Dp=0.229 Dm=0.237 cyc_w=5.00 id_w=0.00 2.79 it/s
step 33950/85000 G=1.244 Dp=0.204 Dm=0.245 cyc_w=5.00 id_w=0.00 2.79 it/s
step 34000/85000 G=1.152 Dp=0.244 Dm=0.239 cyc_w=5.00 id_w=0.00 2.79 it/s
step 34050/85000 G=1.150 Dp=0.192 Dm=0.256 cyc_w=5.00 id_w=0.00 2.79 it/s
step 34100/85000 G=1.264 Dp=0.162 Dm=0.268 cyc_w=5.00 id_w=0.00 2.79 it/s
step 34150/85000 G=1.222 Dp=0.200 Dm=0.248 cyc_w=5.00 id_w=0.00 2.79 it/s
step 34200/85000 G=1.236 Dp=0.229 Dm=0.256 cyc_w=5.00 id_w=0.00 2.79 it/s
step 34250/85000 G=1.302 Dp=0.157 Dm=0.261 cyc_w=5.00 id_w=0.00 2.80 it/s
step 34300/85000 G=1.366 Dp=0.175 Dm=0.258 cyc_w=5.00 id_w=0.00 2.80 it/s
step 34350/85000 G=1.318 Dp=0.171 Dm=0.240 cyc_w=5.00 id_w=0.00 2.80 it/s
step 34400/85000 G=1.119 Dp=0.191 Dm=0.251 cyc_w=5.00 id_w=0.00 2.80 it/s
step 34450/85000 G=1.250 Dp=0.123 Dm=0.251 cyc_w=5.00 id_w=0.00 2.81 it/s
step 34500/85000 G=1.303 Dp=0.143 Dm=0.234 cyc_w=5.00 id_w=0.00 2.81 it/s
step 34550/85000 G=1.274 Dp=0.171 Dm=0.251 cyc_w=5.00 id_w=0.00 2.81 it/s
step 34600/85000 G=1.179 Dp=0.279 Dm=0.242 cyc_w=5.00 id_w=0.00 2.81 it/s
step 34650/85000 G=1.342 Dp=0.160 Dm=0.235 cyc_w=5.00 id_w=0.00 2.81 it/s
step 34700/85000 G=1.359 Dp=0.185 Dm=0.233 cyc_w=5.00 id_w=0.00 2.81 it/s
step 34750/85000 G=1.561 Dp=0.156 Dm=0.240 cyc_w=5.00 id_w=0.00 2.81 it/s
step 34800/85000 G=1.063 Dp=0.237 Dm=0.238 cyc_w=5.00 id_w=0.00 2.81 it/s
step 34850/85000 G=1.370 Dp=0.147 Dm=0.237 cyc_w=5.00 id_w=0.00 2.81 it/s
step 34900/85000 G=1.666 Dp=0.219 Dm=0.254 cyc_w=5.00 id_w=0.00 2.81 it/s
step 34950/85000 G=1.221 Dp=0.162 Dm=0.249 cyc_w=5.00 id_w=0.00 2.81 it/s
step 35000/85000 G=1.158 Dp=0.218 Dm=0.263 cyc_w=5.00 id_w=0.00 2.81 it/s
step 35050/85000 G=1.238 Dp=0.169 Dm=0.239 cyc_w=5.00 id_w=0.00 2.81 it/s
step 35100/85000 G=1.417 Dp=0.141 Dm=0.246 cyc_w=5.00 id_w=0.00 2.81 it/s
step 35150/85000 G=1.421 Dp=0.163 Dm=0.245 cyc_w=5.00 id_w=0.00 2.81 it/s
step 35200/85000 G=1.287 Dp=0.191 Dm=0.265 cyc_w=5.00 id_w=0.00 2.81 it/s
step 35250/85000 G=1.467 Dp=0.147 Dm=0.255 cyc_w=5.00 id_w=0.00 2.81 it/s
step 35300/85000 G=1.437 Dp=0.223 Dm=0.217 cyc_w=5.00 id_w=0.00 2.81 it/s
step 35350/85000 G=1.270 Dp=0.171 Dm=0.243 cyc_w=5.00 id_w=0.00 2.81 it/s
step 35400/85000 G=1.263 Dp=0.159 Dm=0.260 cyc_w=5.00 id_w=0.00 2.81 it/s
step 35450/85000 G=1.316 Dp=0.148 Dm=0.229 cyc_w=5.00 id_w=0.00 2.81 it/s
step 35500/85000 G=1.305 Dp=0.222 Dm=0.248 cyc_w=5.00 id_w=0.00 2.81 it/s
step 35550/85000 G=1.381 Dp=0.191 Dm=0.284 cyc_w=5.00 id_w=0.00 2.81 it/s
step 35600/85000 G=1.585 Dp=0.097 Dm=0.255 cyc_w=5.00 id_w=0.00 2.81 it/s
step 35650/85000 G=1.543 Dp=0.152 Dm=0.241 cyc_w=5.00 id_w=0.00 2.81 it/s
step 35700/85000 G=1.457 Dp=0.197 Dm=0.237 cyc_w=5.00 id_w=0.00 2.81 it/s
step 35750/85000 G=1.533 Dp=0.142 Dm=0.202 cyc_w=5.00 id_w=0.00 2.81 it/s
EVAL {"step": 35750, "variant": "ema", "fid_a2b": 97.25861819407723, "fid_b2a": 100.4971152736345, "mifid_a2b": 0.41819893061519003, "mifid_b2a": 0.407442019462929, "fid": 98.87786673385587, "mifid": 0.4128204750390595, "composite": 49.64534360444746}
EVAL {"step": 35750, "variant": "ema_slow", "fid_a2b": 99.67926081376466, "fid_b2a": 102.21682573909672, "mifid_a2b": 0.4220258216990291, "mifid_b2a": 0.409952938012383, "fid": 100.9480432764307, "mifid": 0.41598937985570605, "composite": 50.6820163281432}
EVAL {"step": 35750, "variant": "raw", "fid_a2b": 105.18328771372799, "fid_b2a": 100.37201078139759, "mifid_a2b": 0.42272789608842165, "mifid_b2a": 0.4063565776179048, "fid": 102.77764924756279, "mifid": 0.4145422368531632, "composite": 51.59609574220798}
step 35800/85000 G=1.219 Dp=0.173 Dm=0.250 cyc_w=5.00 id_w=0.00 2.80 it/s
step 35850/85000 G=1.428 Dp=0.154 Dm=0.244 cyc_w=5.00 id_w=0.00 2.80 it/s
step 35900/85000 G=1.177 Dp=0.152 Dm=0.281 cyc_w=5.00 id_w=0.00 2.80 it/s
step 35950/85000 G=1.347 Dp=0.192 Dm=0.227 cyc_w=5.00 id_w=0.00 2.80 it/s
step 36000/85000 G=1.324 Dp=0.146 Dm=0.223 cyc_w=5.00 id_w=0.00 2.80 it/s
step 36050/85000 G=1.233 Dp=0.163 Dm=0.234 cyc_w=5.00 id_w=0.00 2.80 it/s
step 36100/85000 G=1.218 Dp=0.159 Dm=0.231 cyc_w=5.00 id_w=0.00 2.80 it/s
step 36150/85000 G=1.247 Dp=0.111 Dm=0.225 cyc_w=5.00 id_w=0.00 2.80 it/s
step 36200/85000 G=1.133 Dp=0.237 Dm=0.223 cyc_w=5.00 id_w=0.00 2.80 it/s
step 36250/85000 G=1.432 Dp=0.181 Dm=0.251 cyc_w=5.00 id_w=0.00 2.80 it/s
step 36300/85000 G=1.506 Dp=0.210 Dm=0.262 cyc_w=5.00 id_w=0.00 2.80 it/s
step 36350/85000 G=1.417 Dp=0.150 Dm=0.240 cyc_w=5.00 id_w=0.00 2.80 it/s
step 36400/85000 G=1.151 Dp=0.198 Dm=0.197 cyc_w=5.00 id_w=0.00 2.80 it/s
step 36450/85000 G=1.555 Dp=0.177 Dm=0.174 cyc_w=5.00 id_w=0.00 2.80 it/s
step 36500/85000 G=1.247 Dp=0.158 Dm=0.214 cyc_w=5.00 id_w=0.00 2.80 it/s
step 36550/85000 G=1.626 Dp=0.156 Dm=0.142 cyc_w=5.00 id_w=0.00 2.80 it/s
step 36600/85000 G=1.243 Dp=0.136 Dm=0.172 cyc_w=5.00 id_w=0.00 2.80 it/s
step 36650/85000 G=1.709 Dp=0.182 Dm=0.173 cyc_w=5.00 id_w=0.00 2.80 it/s
step 36700/85000 G=1.808 Dp=0.182 Dm=0.165 cyc_w=5.00 id_w=0.00 2.80 it/s
step 36750/85000 G=1.729 Dp=0.110 Dm=0.131 cyc_w=5.00 id_w=0.00 2.80 it/s
step 36800/85000 G=2.170 Dp=0.176 Dm=0.281 cyc_w=5.00 id_w=0.00 2.80 it/s
step 36850/85000 G=1.381 Dp=0.152 Dm=0.203 cyc_w=5.00 id_w=0.00 2.80 it/s
step 36900/85000 G=1.829 Dp=0.212 Dm=0.156 cyc_w=5.00 id_w=0.00 2.80 it/s
step 36950/85000 G=1.844 Dp=0.114 Dm=0.118 cyc_w=5.00 id_w=0.00 2.80 it/s
step 37000/85000 G=1.655 Dp=0.118 Dm=0.138 cyc_w=5.00 id_w=0.00 2.80 it/s
step 37050/85000 G=1.708 Dp=0.176 Dm=0.129 cyc_w=5.00 id_w=0.00 2.80 it/s
step 37100/85000 G=1.737 Dp=0.171 Dm=0.169 cyc_w=5.00 id_w=0.00 2.80 it/s
step 37150/85000 G=1.976 Dp=0.241 Dm=0.140 cyc_w=5.00 id_w=0.00 2.80 it/s
step 37200/85000 G=1.740 Dp=0.178 Dm=0.115 cyc_w=5.00 id_w=0.00 2.80 it/s
step 37250/85000 G=1.872 Dp=0.140 Dm=0.143 cyc_w=5.00 id_w=0.00 2.80 it/s
step 37300/85000 G=1.652 Dp=0.181 Dm=0.121 cyc_w=5.00 id_w=0.00 2.80 it/s
step 37350/85000 G=1.507 Dp=0.199 Dm=0.176 cyc_w=5.00 id_w=0.00 2.80 it/s
step 37400/85000 G=1.649 Dp=0.150 Dm=0.136 cyc_w=5.00 id_w=0.00 2.80 it/s
step 37450/85000 G=1.892 Dp=0.174 Dm=0.134 cyc_w=5.00 id_w=0.00 2.80 it/s
step 37500/85000 G=1.853 Dp=0.175 Dm=0.113 cyc_w=5.00 id_w=0.00 2.80 it/s
step 37550/85000 G=1.668 Dp=0.130 Dm=0.139 cyc_w=5.00 id_w=0.00 2.80 it/s
step 37600/85000 G=1.460 Dp=0.149 Dm=0.144 cyc_w=5.00 id_w=0.00 2.80 it/s
step 37650/85000 G=1.417 Dp=0.134 Dm=0.094 cyc_w=5.00 id_w=0.00 2.80 it/s
step 37700/85000 G=1.573 Dp=0.184 Dm=0.131 cyc_w=5.00 id_w=0.00 2.80 it/s
step 37750/85000 G=1.449 Dp=0.186 Dm=0.128 cyc_w=5.00 id_w=0.00 2.80 it/s
step 37800/85000 G=1.904 Dp=0.154 Dm=0.094 cyc_w=5.00 id_w=0.00 2.80 it/s
step 37850/85000 G=1.910 Dp=0.209 Dm=0.114 cyc_w=5.00 id_w=0.00 2.81 it/s
step 37900/85000 G=1.742 Dp=0.156 Dm=0.167 cyc_w=5.00 id_w=0.00 2.81 it/s
step 37950/85000 G=1.818 Dp=0.142 Dm=0.113 cyc_w=5.00 id_w=0.00 2.81 it/s
step 38000/85000 G=1.527 Dp=0.148 Dm=0.118 cyc_w=5.00 id_w=0.00 2.81 it/s
step 38050/85000 G=1.920 Dp=0.237 Dm=0.140 cyc_w=5.00 id_w=0.00 2.81 it/s
step 38100/85000 G=1.614 Dp=0.186 Dm=0.099 cyc_w=5.00 id_w=0.00 2.81 it/s
step 38150/85000 G=1.642 Dp=0.217 Dm=0.085 cyc_w=5.00 id_w=0.00 2.81 it/s
step 38200/85000 G=1.827 Dp=0.196 Dm=0.133 cyc_w=5.00 id_w=0.00 2.81 it/s
step 38250/85000 G=1.632 Dp=0.122 Dm=0.118 cyc_w=5.00 id_w=0.00 2.81 it/s
step 38300/85000 G=1.863 Dp=0.216 Dm=0.093 cyc_w=5.00 id_w=0.00 2.81 it/s
step 38350/85000 G=1.835 Dp=0.142 Dm=0.156 cyc_w=5.00 id_w=0.00 2.81 it/s
step 38400/85000 G=1.712 Dp=0.166 Dm=0.096 cyc_w=5.00 id_w=0.00 2.81 it/s
step 38450/85000 G=1.595 Dp=0.180 Dm=0.103 cyc_w=5.00 id_w=0.00 2.81 it/s
step 38500/85000 G=2.057 Dp=0.163 Dm=0.105 cyc_w=5.00 id_w=0.00 2.81 it/s
step 38550/85000 G=1.604 Dp=0.133 Dm=0.149 cyc_w=5.00 id_w=0.00 2.81 it/s
step 38600/85000 G=1.686 Dp=0.180 Dm=0.104 cyc_w=5.00 id_w=0.00 2.81 it/s
step 38650/85000 G=1.707 Dp=0.148 Dm=0.112 cyc_w=5.00 id_w=0.00 2.81 it/s
step 38700/85000 G=1.860 Dp=0.142 Dm=0.172 cyc_w=5.00 id_w=0.00 2.81 it/s
step 38750/85000 G=1.789 Dp=0.144 Dm=0.100 cyc_w=5.00 id_w=0.00 2.81 it/s
step 38800/85000 G=2.031 Dp=0.135 Dm=0.138 cyc_w=5.00 id_w=0.00 2.81 it/s
step 38850/85000 G=1.709 Dp=0.147 Dm=0.127 cyc_w=5.00 id_w=0.00 2.81 it/s
step 38900/85000 G=1.791 Dp=0.180 Dm=0.116 cyc_w=5.00 id_w=0.00 2.81 it/s
step 38950/85000 G=1.780 Dp=0.166 Dm=0.104 cyc_w=5.00 id_w=0.00 2.81 it/s
step 39000/85000 G=2.001 Dp=0.215 Dm=0.185 cyc_w=5.00 id_w=0.00 2.81 it/s
EVAL {"step": 39000, "variant": "ema", "fid_a2b": 97.59961722216786, "fid_b2a": 96.05762227182014, "mifid_a2b": 0.41743797381974496, "mifid_b2a": 0.40321701593625275, "fid": 96.82861974699401, "mifid": 0.41032749487799886, "composite": 48.619473620936006}
EVAL {"step": 39000, "variant": "ema_slow", "fid_a2b": 97.63617471136153, "fid_b2a": 99.98028819094583, "mifid_a2b": 0.420576213631797, "mifid_b2a": 0.4083129271203814, "fid": 98.80823145115369, "mifid": 0.41444457037608917, "composite": 49.61133801076489}
EVAL {"step": 39000, "variant": "raw", "fid_a2b": 100.48304611797565, "fid_b2a": 97.47483179576969, "mifid_a2b": 0.42173963623579114, "mifid_b2a": 0.4025747086820729, "fid": 98.97893895687267, "mifid": 0.412157172458932, "composite": 49.6955480646658}
step 39050/85000 G=1.426 Dp=0.138 Dm=0.166 cyc_w=5.00 id_w=0.00 2.80 it/s
step 39100/85000 G=1.275 Dp=0.167 Dm=0.107 cyc_w=5.00 id_w=0.00 2.80 it/s
step 39150/85000 G=1.780 Dp=0.175 Dm=0.148 cyc_w=5.00 id_w=0.00 2.80 it/s
step 39200/85000 G=1.938 Dp=0.120 Dm=0.102 cyc_w=5.00 id_w=0.00 2.80 it/s
step 39250/85000 G=1.632 Dp=0.160 Dm=0.117 cyc_w=5.00 id_w=0.00 2.80 it/s
step 39300/85000 G=1.674 Dp=0.177 Dm=0.118 cyc_w=5.00 id_w=0.00 2.80 it/s
step 39350/85000 G=1.657 Dp=0.149 Dm=0.110 cyc_w=5.00 id_w=0.00 2.80 it/s
step 39400/85000 G=1.605 Dp=0.224 Dm=0.123 cyc_w=5.00 id_w=0.00 2.80 it/s
step 39450/85000 G=1.479 Dp=0.245 Dm=0.133 cyc_w=5.00 id_w=0.00 2.80 it/s
step 39500/85000 G=2.913 Dp=0.314 Dm=0.158 cyc_w=5.00 id_w=0.00 2.80 it/s
step 39550/85000 G=2.545 Dp=0.265 Dm=0.078 cyc_w=5.00 id_w=0.00 2.80 it/s
step 39600/85000 G=1.845 Dp=0.221 Dm=0.086 cyc_w=5.00 id_w=0.00 2.80 it/s
step 39650/85000 G=1.796 Dp=0.207 Dm=0.073 cyc_w=5.00 id_w=0.00 2.80 it/s
step 39700/85000 G=2.031 Dp=0.255 Dm=0.123 cyc_w=5.00 id_w=0.00 2.80 it/s
step 39750/85000 G=2.409 Dp=0.259 Dm=0.104 cyc_w=5.00 id_w=0.00 2.80 it/s
step 39800/85000 G=1.794 Dp=0.246 Dm=0.086 cyc_w=5.00 id_w=0.00 2.80 it/s
step 39850/85000 G=1.911 Dp=0.232 Dm=0.112 cyc_w=5.00 id_w=0.00 2.80 it/s
step 39900/85000 G=1.744 Dp=0.221 Dm=0.129 cyc_w=5.00 id_w=0.00 2.80 it/s
step 39950/85000 G=1.487 Dp=0.247 Dm=0.128 cyc_w=5.00 id_w=0.00 2.80 it/s
step 40000/85000 G=1.890 Dp=0.228 Dm=0.150 cyc_w=5.00 id_w=0.00 2.80 it/s
step 40050/85000 G=1.521 Dp=0.247 Dm=0.109 cyc_w=5.00 id_w=0.00 2.80 it/s
step 40100/85000 G=2.092 Dp=0.237 Dm=0.159 cyc_w=5.00 id_w=0.00 2.80 it/s
step 40150/85000 G=1.397 Dp=0.240 Dm=0.128 cyc_w=5.00 id_w=0.00 2.80 it/s
step 40200/85000 G=1.516 Dp=0.246 Dm=0.131 cyc_w=5.00 id_w=0.00 2.80 it/s
step 40250/85000 G=1.428 Dp=0.262 Dm=0.142 cyc_w=5.00 id_w=0.00 2.80 it/s
step 40300/85000 G=1.506 Dp=0.229 Dm=0.108 cyc_w=5.00 id_w=0.00 2.80 it/s
step 40350/85000 G=1.446 Dp=0.260 Dm=0.120 cyc_w=5.00 id_w=0.00 2.80 it/s
step 40400/85000 G=1.593 Dp=0.247 Dm=0.111 cyc_w=5.00 id_w=0.00 2.80 it/s
step 40450/85000 G=1.644 Dp=0.239 Dm=0.116 cyc_w=5.00 id_w=0.00 2.80 it/s
step 40500/85000 G=1.921 Dp=0.243 Dm=0.116 cyc_w=5.00 id_w=0.00 2.80 it/s
step 40550/85000 G=1.281 Dp=0.238 Dm=0.119 cyc_w=5.00 id_w=0.00 2.80 it/s
step 40600/85000 G=1.564 Dp=0.263 Dm=0.120 cyc_w=5.00 id_w=0.00 2.80 it/s
step 40650/85000 G=1.560 Dp=0.243 Dm=0.158 cyc_w=5.00 id_w=0.00 2.80 it/s
step 40700/85000 G=2.031 Dp=0.232 Dm=0.276 cyc_w=5.00 id_w=0.00 2.80 it/s
step 40750/85000 G=1.721 Dp=0.241 Dm=0.266 cyc_w=5.00 id_w=0.00 2.80 it/s
step 40800/85000 G=1.569 Dp=0.230 Dm=0.293 cyc_w=5.00 id_w=0.00 2.80 it/s
step 40850/85000 G=1.382 Dp=0.238 Dm=0.263 cyc_w=5.00 id_w=0.00 2.80 it/s
step 40900/85000 G=1.346 Dp=0.245 Dm=0.267 cyc_w=5.00 id_w=0.00 2.80 it/s
step 40950/85000 G=1.347 Dp=0.263 Dm=0.294 cyc_w=5.00 id_w=0.00 2.80 it/s
step 41000/85000 G=1.355 Dp=0.247 Dm=0.280 cyc_w=5.00 id_w=0.00 2.80 it/s
step 41050/85000 G=1.179 Dp=0.248 Dm=0.241 cyc_w=5.00 id_w=0.00 2.80 it/s
step 41100/85000 G=1.251 Dp=0.250 Dm=0.253 cyc_w=5.00 id_w=0.00 2.80 it/s
step 41150/85000 G=1.252 Dp=0.275 Dm=0.236 cyc_w=5.00 id_w=0.00 2.80 it/s
step 41200/85000 G=1.233 Dp=0.248 Dm=0.268 cyc_w=5.00 id_w=0.00 2.80 it/s
step 41250/85000 G=1.154 Dp=0.260 Dm=0.279 cyc_w=5.00 id_w=0.00 2.81 it/s
step 41300/85000 G=1.206 Dp=0.246 Dm=0.238 cyc_w=5.00 id_w=0.00 2.81 it/s
step 41350/85000 G=1.059 Dp=0.266 Dm=0.267 cyc_w=5.00 id_w=0.00 2.81 it/s
step 41400/85000 G=1.234 Dp=0.239 Dm=0.232 cyc_w=5.00 id_w=0.00 2.81 it/s
step 41450/85000 G=1.191 Dp=0.229 Dm=0.269 cyc_w=5.00 id_w=0.00 2.81 it/s
step 41500/85000 G=1.142 Dp=0.289 Dm=0.259 cyc_w=5.00 id_w=0.00 2.81 it/s
step 41550/85000 G=1.148 Dp=0.250 Dm=0.249 cyc_w=5.00 id_w=0.00 2.81 it/s
step 41600/85000 G=1.284 Dp=0.270 Dm=0.245 cyc_w=5.00 id_w=0.00 2.81 it/s
step 41650/85000 G=1.156 Dp=0.277 Dm=0.268 cyc_w=5.00 id_w=0.00 2.81 it/s
step 41700/85000 G=1.131 Dp=0.245 Dm=0.232 cyc_w=5.00 id_w=0.00 2.81 it/s
step 41750/85000 G=1.167 Dp=0.233 Dm=0.235 cyc_w=5.00 id_w=0.00 2.81 it/s
step 41800/85000 G=1.056 Dp=0.238 Dm=0.251 cyc_w=5.00 id_w=0.00 2.81 it/s
step 41850/85000 G=1.108 Dp=0.269 Dm=0.242 cyc_w=5.00 id_w=0.00 2.81 it/s
step 41900/85000 G=1.169 Dp=0.257 Dm=0.244 cyc_w=5.00 id_w=0.00 2.81 it/s
step 41950/85000 G=1.142 Dp=0.242 Dm=0.263 cyc_w=5.00 id_w=0.00 2.81 it/s
step 42000/85000 G=1.129 Dp=0.261 Dm=0.242 cyc_w=5.00 id_w=0.00 2.81 it/s
step 42050/85000 G=1.174 Dp=0.252 Dm=0.260 cyc_w=5.00 id_w=0.00 2.81 it/s
step 42100/85000 G=1.151 Dp=0.232 Dm=0.236 cyc_w=5.00 id_w=0.00 2.81 it/s
step 42150/85000 G=1.230 Dp=0.235 Dm=0.251 cyc_w=5.00 id_w=0.00 2.81 it/s
step 42200/85000 G=1.048 Dp=0.239 Dm=0.240 cyc_w=5.00 id_w=0.00 2.81 it/s
step 42250/85000 G=1.084 Dp=0.256 Dm=0.259 cyc_w=5.00 id_w=0.00 2.81 it/s
EVAL {"step": 42250, "variant": "ema", "fid_a2b": 100.1373599714299, "fid_b2a": 99.37428753883144, "mifid_a2b": 0.4246697340363751, "mifid_b2a": 0.40571353084088363, "fid": 99.75582375513068, "mifid": 0.41519163243862933, "composite": 50.085507693784656}
EVAL {"step": 42250, "variant": "ema_slow", "fid_a2b": 101.0473341268474, "fid_b2a": 101.50753847831236, "mifid_a2b": 0.4229090511329103, "mifid_b2a": 0.40812494258842336, "fid": 101.27743630257987, "mifid": 0.4155169968606668, "composite": 50.846476649720266}
EVAL {"step": 42250, "variant": "raw", "fid_a2b": 104.12737713291334, "fid_b2a": 100.90845567712181, "mifid_a2b": 0.42594072520626697, "mifid_b2a": 0.40760759139554936, "fid": 102.51791640501757, "mifid": 0.41677415830090814, "composite": 51.46734528165924}
step 42300/85000 G=1.246 Dp=0.271 Dm=0.248 cyc_w=5.00 id_w=0.00 2.80 it/s
step 42350/85000 G=1.097 Dp=0.242 Dm=0.245 cyc_w=5.00 id_w=0.00 2.80 it/s
step 42400/85000 G=1.143 Dp=0.257 Dm=0.216 cyc_w=5.00 id_w=0.00 2.80 it/s
step 42450/85000 G=1.102 Dp=0.239 Dm=0.266 cyc_w=5.00 id_w=0.00 2.80 it/s
step 42500/85000 G=1.155 Dp=0.234 Dm=0.251 cyc_w=5.00 id_w=0.00 2.80 it/s
step 42550/85000 G=1.243 Dp=0.190 Dm=0.251 cyc_w=5.00 id_w=0.00 2.80 it/s
step 42600/85000 G=1.151 Dp=0.241 Dm=0.237 cyc_w=5.00 id_w=0.00 2.80 it/s
step 42650/85000 G=1.146 Dp=0.265 Dm=0.244 cyc_w=5.00 id_w=0.00 2.80 it/s
step 42700/85000 G=0.970 Dp=0.296 Dm=0.268 cyc_w=5.00 id_w=0.00 2.80 it/s
step 42750/85000 G=1.107 Dp=0.235 Dm=0.264 cyc_w=5.00 id_w=0.00 2.80 it/s
step 42800/85000 G=1.116 Dp=0.232 Dm=0.240 cyc_w=5.00 id_w=0.00 2.80 it/s
step 42850/85000 G=1.236 Dp=0.254 Dm=0.256 cyc_w=5.00 id_w=0.00 2.80 it/s
step 42900/85000 G=1.060 Dp=0.239 Dm=0.240 cyc_w=5.00 id_w=0.00 2.80 it/s
step 42950/85000 G=1.054 Dp=0.252 Dm=0.233 cyc_w=5.00 id_w=0.00 2.80 it/s
step 43000/85000 G=1.159 Dp=0.220 Dm=0.250 cyc_w=5.00 id_w=0.00 2.80 it/s
step 43050/85000 G=1.108 Dp=0.211 Dm=0.271 cyc_w=5.00 id_w=0.00 2.80 it/s
step 43100/85000 G=1.184 Dp=0.216 Dm=0.285 cyc_w=5.00 id_w=0.00 2.80 it/s
step 43150/85000 G=1.185 Dp=0.208 Dm=0.235 cyc_w=5.00 id_w=0.00 2.80 it/s
step 43200/85000 G=1.377 Dp=0.209 Dm=0.240 cyc_w=5.00 id_w=0.00 2.80 it/s
step 43250/85000 G=1.177 Dp=0.197 Dm=0.242 cyc_w=5.00 id_w=0.00 2.80 it/s
step 43300/85000 G=1.146 Dp=0.229 Dm=0.256 cyc_w=5.00 id_w=0.00 2.80 it/s
step 43350/85000 G=1.402 Dp=0.148 Dm=0.238 cyc_w=5.00 id_w=0.00 2.80 it/s
step 43400/85000 G=1.280 Dp=0.171 Dm=0.249 cyc_w=5.00 id_w=0.00 2.80 it/s
step 43450/85000 G=1.268 Dp=0.211 Dm=0.237 cyc_w=5.00 id_w=0.00 2.80 it/s
step 43500/85000 G=1.283 Dp=0.182 Dm=0.262 cyc_w=5.00 id_w=0.00 2.80 it/s
step 43550/85000 G=1.168 Dp=0.183 Dm=0.240 cyc_w=5.00 id_w=0.00 2.80 it/s
step 43600/85000 G=1.277 Dp=0.148 Dm=0.237 cyc_w=5.00 id_w=0.00 2.80 it/s
step 43650/85000 G=1.396 Dp=0.169 Dm=0.235 cyc_w=5.00 id_w=0.00 2.80 it/s
step 43700/85000 G=1.173 Dp=0.175 Dm=0.232 cyc_w=5.00 id_w=0.00 2.80 it/s
step 43750/85000 G=1.267 Dp=0.131 Dm=0.276 cyc_w=5.00 id_w=0.00 2.80 it/s
step 43800/85000 G=1.153 Dp=0.165 Dm=0.217 cyc_w=5.00 id_w=0.00 2.80 it/s
step 43850/85000 G=1.559 Dp=0.322 Dm=0.239 cyc_w=5.00 id_w=0.00 2.80 it/s
step 43900/85000 G=1.238 Dp=0.215 Dm=0.234 cyc_w=5.00 id_w=0.00 2.80 it/s
step 43950/85000 G=1.244 Dp=0.183 Dm=0.234 cyc_w=5.00 id_w=0.00 2.80 it/s
step 44000/85000 G=1.146 Dp=0.233 Dm=0.246 cyc_w=5.00 id_w=0.00 2.80 it/s
step 44050/85000 G=1.225 Dp=0.144 Dm=0.232 cyc_w=5.00 id_w=0.00 2.80 it/s
step 44100/85000 G=1.625 Dp=0.168 Dm=0.247 cyc_w=5.00 id_w=0.00 2.80 it/s
step 44150/85000 G=1.227 Dp=0.174 Dm=0.224 cyc_w=5.00 id_w=0.00 2.80 it/s
step 44200/85000 G=1.274 Dp=0.167 Dm=0.215 cyc_w=5.00 id_w=0.00 2.80 it/s
step 44250/85000 G=1.463 Dp=0.201 Dm=0.214 cyc_w=5.00 id_w=0.00 2.80 it/s
step 44300/85000 G=1.144 Dp=0.203 Dm=0.209 cyc_w=5.00 id_w=0.00 2.80 it/s
step 44350/85000 G=1.267 Dp=0.199 Dm=0.240 cyc_w=5.00 id_w=0.00 2.80 it/s
step 44400/85000 G=1.218 Dp=0.174 Dm=0.214 cyc_w=5.00 id_w=0.00 2.80 it/s
step 44450/85000 G=1.249 Dp=0.197 Dm=0.184 cyc_w=5.00 id_w=0.00 2.80 it/s
step 44500/85000 G=1.645 Dp=0.138 Dm=0.187 cyc_w=5.00 id_w=0.00 2.80 it/s
step 44550/85000 G=1.641 Dp=0.171 Dm=0.172 cyc_w=5.00 id_w=0.00 2.80 it/s
step 44600/85000 G=1.996 Dp=0.181 Dm=0.134 cyc_w=5.00 id_w=0.00 2.80 it/s
step 44650/85000 G=1.193 Dp=0.297 Dm=0.150 cyc_w=5.00 id_w=0.00 2.80 it/s
step 44700/85000 G=1.336 Dp=0.249 Dm=0.118 cyc_w=5.00 id_w=0.00 2.81 it/s
step 44750/85000 G=1.200 Dp=0.253 Dm=0.156 cyc_w=5.00 id_w=0.00 2.81 it/s
step 44800/85000 G=1.255 Dp=0.261 Dm=0.146 cyc_w=5.00 id_w=0.00 2.81 it/s
step 44850/85000 G=1.608 Dp=0.254 Dm=0.216 cyc_w=5.00 id_w=0.00 2.81 it/s
step 44900/85000 G=1.560 Dp=0.273 Dm=0.138 cyc_w=5.00 id_w=0.00 2.81 it/s
step 44950/85000 G=1.482 Dp=0.278 Dm=0.115 cyc_w=5.00 id_w=0.00 2.81 it/s
step 45000/85000 G=1.219 Dp=0.258 Dm=0.214 cyc_w=5.00 id_w=0.00 2.81 it/s
step 45050/85000 G=1.670 Dp=0.252 Dm=0.141 cyc_w=5.00 id_w=0.00 2.81 it/s
step 45100/85000 G=1.207 Dp=0.239 Dm=0.152 cyc_w=5.00 id_w=0.00 2.81 it/s
step 45150/85000 G=1.354 Dp=0.260 Dm=0.083 cyc_w=5.00 id_w=0.00 2.81 it/s
step 45200/85000 G=1.471 Dp=0.243 Dm=0.130 cyc_w=5.00 id_w=0.00 2.81 it/s
step 45250/85000 G=1.556 Dp=0.240 Dm=0.157 cyc_w=5.00 id_w=0.00 2.81 it/s
step 45300/85000 G=1.571 Dp=0.240 Dm=0.108 cyc_w=5.00 id_w=0.00 2.81 it/s
step 45350/85000 G=1.468 Dp=0.263 Dm=0.083 cyc_w=5.00 id_w=0.00 2.81 it/s
step 45400/85000 G=1.217 Dp=0.253 Dm=0.115 cyc_w=5.00 id_w=0.00 2.81 it/s
step 45450/85000 G=1.168 Dp=0.246 Dm=0.166 cyc_w=5.00 id_w=0.00 2.81 it/s
step 45500/85000 G=1.393 Dp=0.239 Dm=0.116 cyc_w=5.00 id_w=0.00 2.81 it/s
EVAL {"step": 45500, "variant": "ema", "fid_a2b": 98.17843044325751, "fid_b2a": 97.22980714019626, "mifid_a2b": 0.4223509015723525, "mifid_b2a": 0.404079546310197, "fid": 97.70411879172688, "mifid": 0.41321522394127475, "composite": 49.05866700783408}
EVAL {"step": 45500, "variant": "ema_slow", "fid_a2b": 98.49943349873227, "fid_b2a": 100.27938711473868, "mifid_a2b": 0.42265527912046785, "mifid_b2a": 0.4069682013138241, "fid": 99.38941030673547, "mifid": 0.41481174021714595, "composite": 49.90211102347631}
EVAL {"step": 45500, "variant": "raw", "fid_a2b": 104.31614363556461, "fid_b2a": 97.66863088317741, "mifid_a2b": 0.4219532193100383, "mifid_b2a": 0.40630430137710666, "fid": 100.99238725937101, "mifid": 0.4141287603435725, "composite": 50.703258009857294}
step 45550/85000 G=1.559 Dp=0.218 Dm=0.154 cyc_w=5.00 id_w=0.00 2.80 it/s
step 45600/85000 G=1.592 Dp=0.221 Dm=0.107 cyc_w=5.00 id_w=0.00 2.80 it/s
step 45650/85000 G=1.919 Dp=0.218 Dm=0.144 cyc_w=5.00 id_w=0.00 2.80 it/s
step 45700/85000 G=1.348 Dp=0.216 Dm=0.114 cyc_w=5.00 id_w=0.00 2.80 it/s
step 45750/85000 G=1.388 Dp=0.220 Dm=0.168 cyc_w=5.00 id_w=0.00 2.80 it/s
step 45800/85000 G=1.344 Dp=0.208 Dm=0.082 cyc_w=5.00 id_w=0.00 2.80 it/s
step 45850/85000 G=1.338 Dp=0.225 Dm=0.084 cyc_w=5.00 id_w=0.00 2.80 it/s
step 45900/85000 G=1.565 Dp=0.211 Dm=0.140 cyc_w=5.00 id_w=0.00 2.80 it/s
step 45950/85000 G=1.846 Dp=0.193 Dm=0.084 cyc_w=5.00 id_w=0.00 2.80 it/s
step 46000/85000 G=1.595 Dp=0.193 Dm=0.106 cyc_w=5.00 id_w=0.00 2.80 it/s
step 46050/85000 G=1.694 Dp=0.182 Dm=0.086 cyc_w=5.00 id_w=0.00 2.80 it/s
step 46100/85000 G=1.869 Dp=0.203 Dm=0.132 cyc_w=5.00 id_w=0.00 2.80 it/s
step 46150/85000 G=1.563 Dp=0.174 Dm=0.160 cyc_w=5.00 id_w=0.00 2.80 it/s
step 46200/85000 G=1.454 Dp=0.196 Dm=0.126 cyc_w=5.00 id_w=0.00 2.80 it/s
step 46250/85000 G=1.706 Dp=0.201 Dm=0.112 cyc_w=5.00 id_w=0.00 2.80 it/s
step 46300/85000 G=1.239 Dp=0.239 Dm=0.181 cyc_w=5.00 id_w=0.00 2.80 it/s
step 46350/85000 G=1.769 Dp=0.215 Dm=0.117 cyc_w=5.00 id_w=0.00 2.80 it/s
step 46400/85000 G=1.816 Dp=0.215 Dm=0.099 cyc_w=5.00 id_w=0.00 2.80 it/s
step 46450/85000 G=1.741 Dp=0.175 Dm=0.085 cyc_w=5.00 id_w=0.00 2.80 it/s
step 46500/85000 G=2.051 Dp=0.189 Dm=0.124 cyc_w=5.00 id_w=0.00 2.80 it/s
step 46550/85000 G=1.547 Dp=0.269 Dm=0.150 cyc_w=5.00 id_w=0.00 2.80 it/s
step 46600/85000 G=1.731 Dp=0.152 Dm=0.152 cyc_w=5.00 id_w=0.00 2.80 it/s
step 46650/85000 G=1.876 Dp=0.175 Dm=0.124 cyc_w=5.00 id_w=0.00 2.80 it/s
step 46700/85000 G=1.866 Dp=0.160 Dm=0.118 cyc_w=5.00 id_w=0.00 2.80 it/s
step 46750/85000 G=1.916 Dp=0.211 Dm=0.158 cyc_w=5.00 id_w=0.00 2.80 it/s
step 46800/85000 G=1.774 Dp=0.186 Dm=0.102 cyc_w=5.00 id_w=0.00 2.80 it/s
step 46850/85000 G=1.717 Dp=0.146 Dm=0.136 cyc_w=5.00 id_w=0.00 2.80 it/s
step 46900/85000 G=1.292 Dp=0.268 Dm=0.111 cyc_w=5.00 id_w=0.00 2.80 it/s
step 46950/85000 G=1.573 Dp=0.215 Dm=0.126 cyc_w=5.00 id_w=0.00 2.80 it/s
step 47000/85000 G=1.418 Dp=0.167 Dm=0.142 cyc_w=5.00 id_w=0.00 2.80 it/s
step 47050/85000 G=1.676 Dp=0.118 Dm=0.143 cyc_w=5.00 id_w=0.00 2.80 it/s
step 47100/85000 G=1.455 Dp=0.165 Dm=0.090 cyc_w=5.00 id_w=0.00 2.80 it/s
step 47150/85000 G=1.831 Dp=0.193 Dm=0.126 cyc_w=5.00 id_w=0.00 2.80 it/s
step 47200/85000 G=1.359 Dp=0.213 Dm=0.196 cyc_w=5.00 id_w=0.00 2.80 it/s
step 47250/85000 G=1.635 Dp=0.171 Dm=0.111 cyc_w=5.00 id_w=0.00 2.80 it/s
step 47300/85000 G=1.518 Dp=0.169 Dm=0.100 cyc_w=5.00 id_w=0.00 2.80 it/s
step 47350/85000 G=1.615 Dp=0.154 Dm=0.071 cyc_w=5.00 id_w=0.00 2.80 it/s
step 47400/85000 G=1.465 Dp=0.218 Dm=0.106 cyc_w=5.00 id_w=0.00 2.80 it/s
step 47450/85000 G=1.427 Dp=0.174 Dm=0.130 cyc_w=5.00 id_w=0.00 2.80 it/s
step 47500/85000 G=1.631 Dp=0.120 Dm=0.124 cyc_w=5.00 id_w=0.00 2.80 it/s
step 47550/85000 G=1.373 Dp=0.146 Dm=0.101 cyc_w=5.00 id_w=0.00 2.80 it/s
step 47600/85000 G=1.480 Dp=0.199 Dm=0.141 cyc_w=5.00 id_w=0.00 2.80 it/s
step 47650/85000 G=1.457 Dp=0.189 Dm=0.111 cyc_w=5.00 id_w=0.00 2.80 it/s
step 47700/85000 G=1.842 Dp=0.195 Dm=0.091 cyc_w=5.00 id_w=0.00 2.80 it/s
step 47750/85000 G=1.441 Dp=0.198 Dm=0.098 cyc_w=5.00 id_w=0.00 2.80 it/s
step 47800/85000 G=1.756 Dp=0.164 Dm=0.148 cyc_w=5.00 id_w=0.00 2.80 it/s
step 47850/85000 G=1.650 Dp=0.254 Dm=0.149 cyc_w=5.00 id_w=0.00 2.80 it/s
step 47900/85000 G=2.314 Dp=0.170 Dm=0.168 cyc_w=5.00 id_w=0.00 2.80 it/s
step 47950/85000 G=1.765 Dp=0.172 Dm=0.121 cyc_w=5.00 id_w=0.00 2.80 it/s
step 48000/85000 G=1.441 Dp=0.212 Dm=0.101 cyc_w=5.00 id_w=0.00 2.80 it/s
step 48050/85000 G=1.725 Dp=0.189 Dm=0.103 cyc_w=5.00 id_w=0.00 2.80 it/s
step 48100/85000 G=1.885 Dp=0.247 Dm=0.078 cyc_w=5.00 id_w=0.00 2.80 it/s
step 48150/85000 G=1.877 Dp=0.187 Dm=0.105 cyc_w=5.00 id_w=0.00 2.81 it/s
step 48200/85000 G=1.666 Dp=0.180 Dm=0.095 cyc_w=5.00 id_w=0.00 2.81 it/s
step 48250/85000 G=1.641 Dp=0.176 Dm=0.112 cyc_w=5.00 id_w=0.00 2.81 it/s
step 48300/85000 G=1.423 Dp=0.175 Dm=0.093 cyc_w=5.00 id_w=0.00 2.81 it/s
step 48350/85000 G=1.307 Dp=0.226 Dm=0.145 cyc_w=5.00 id_w=0.00 2.81 it/s
step 48400/85000 G=1.805 Dp=0.149 Dm=0.116 cyc_w=5.00 id_w=0.00 2.81 it/s
step 48450/85000 G=1.976 Dp=0.151 Dm=0.140 cyc_w=5.00 id_w=0.00 2.81 it/s
step 48500/85000 G=1.549 Dp=0.204 Dm=0.154 cyc_w=5.00 id_w=0.00 2.81 it/s
step 48550/85000 G=1.819 Dp=0.199 Dm=0.094 cyc_w=5.00 id_w=0.00 2.81 it/s
step 48600/85000 G=1.712 Dp=0.204 Dm=0.222 cyc_w=5.00 id_w=0.00 2.81 it/s
step 48650/85000 G=1.364 Dp=0.127 Dm=0.118 cyc_w=5.00 id_w=0.00 2.81 it/s
step 48700/85000 G=1.467 Dp=0.244 Dm=0.125 cyc_w=5.00 id_w=0.00 2.81 it/s
step 48750/85000 G=1.555 Dp=0.151 Dm=0.109 cyc_w=5.00 id_w=0.00 2.81 it/s
EVAL {"step": 48750, "variant": "ema", "fid_a2b": 97.66610164643447, "fid_b2a": 95.12121361372348, "mifid_a2b": 0.418106004369468, "mifid_b2a": 0.399803610907826, "fid": 96.39365763007898, "mifid": 0.408954807638647, "composite": 48.401306218858814}
EVAL {"step": 48750, "variant": "ema_slow", "fid_a2b": 95.89973338010171, "fid_b2a": 98.18298884379196, "mifid_a2b": 0.42143490418363866, "mifid_b2a": 0.40560890869458444, "fid": 97.04136111194683, "mifid": 0.4135219064391116, "composite": 48.72744150919297}
EVAL {"step": 48750, "variant": "raw", "fid_a2b": 98.7928032219364, "fid_b2a": 95.56940477226914, "mifid_a2b": 0.41864931292757307, "mifid_b2a": 0.3971072178908539, "fid": 97.18110399710277, "mifid": 0.40787826540921346, "composite": 48.79449113125599}
step 48800/85000 G=1.581 Dp=0.181 Dm=0.076 cyc_w=5.00 id_w=0.00 2.80 it/s
step 48850/85000 G=1.451 Dp=0.170 Dm=0.125 cyc_w=5.00 id_w=0.00 2.80 it/s
step 48900/85000 G=1.667 Dp=0.182 Dm=0.064 cyc_w=5.00 id_w=0.00 2.80 it/s
step 48950/85000 G=1.621 Dp=0.143 Dm=0.123 cyc_w=5.00 id_w=0.00 2.80 it/s
step 49000/85000 G=1.991 Dp=0.195 Dm=0.127 cyc_w=5.00 id_w=0.00 2.80 it/s
step 49050/85000 G=1.634 Dp=0.146 Dm=0.132 cyc_w=5.00 id_w=0.00 2.80 it/s
step 49100/85000 G=2.012 Dp=0.173 Dm=0.081 cyc_w=5.00 id_w=0.00 2.80 it/s
step 49150/85000 G=1.925 Dp=0.150 Dm=0.121 cyc_w=5.00 id_w=0.00 2.80 it/s
step 49200/85000 G=1.589 Dp=0.171 Dm=0.133 cyc_w=5.00 id_w=0.00 2.80 it/s
step 49250/85000 G=1.576 Dp=0.144 Dm=0.112 cyc_w=5.00 id_w=0.00 2.80 it/s
step 49300/85000 G=1.598 Dp=0.200 Dm=0.137 cyc_w=5.00 id_w=0.00 2.80 it/s
step 49350/85000 G=1.388 Dp=0.191 Dm=0.096 cyc_w=5.00 id_w=0.00 2.80 it/s
step 49400/85000 G=2.087 Dp=0.187 Dm=0.151 cyc_w=5.00 id_w=0.00 2.80 it/s
step 49450/85000 G=1.664 Dp=0.210 Dm=0.076 cyc_w=5.00 id_w=0.00 2.80 it/s
step 49500/85000 G=1.610 Dp=0.163 Dm=0.100 cyc_w=5.00 id_w=0.00 2.80 it/s
step 49550/85000 G=1.426 Dp=0.165 Dm=0.189 cyc_w=5.00 id_w=0.00 2.80 it/s
step 49600/85000 G=1.497 Dp=0.171 Dm=0.127 cyc_w=5.00 id_w=0.00 2.80 it/s
step 49650/85000 G=1.790 Dp=0.180 Dm=0.137 cyc_w=5.00 id_w=0.00 2.80 it/s
step 49700/85000 G=1.731 Dp=0.115 Dm=0.109 cyc_w=5.00 id_w=0.00 2.80 it/s
step 49750/85000 G=1.480 Dp=0.192 Dm=0.100 cyc_w=5.00 id_w=0.00 2.80 it/s
step 49800/85000 G=1.857 Dp=0.161 Dm=0.140 cyc_w=5.00 id_w=0.00 2.80 it/s
step 49850/85000 G=1.588 Dp=0.192 Dm=0.092 cyc_w=5.00 id_w=0.00 2.80 it/s
step 49900/85000 G=1.728 Dp=0.174 Dm=0.107 cyc_w=5.00 id_w=0.00 2.80 it/s
step 49950/85000 G=1.792 Dp=0.155 Dm=0.062 cyc_w=5.00 id_w=0.00 2.80 it/s
step 50000/85000 G=1.663 Dp=0.251 Dm=0.132 cyc_w=5.00 id_w=0.00 2.80 it/s
step 50050/85000 G=1.578 Dp=0.245 Dm=0.077 cyc_w=5.00 id_w=0.00 2.80 it/s
step 50100/85000 G=1.748 Dp=0.236 Dm=0.123 cyc_w=5.00 id_w=0.00 2.80 it/s
step 50150/85000 G=1.788 Dp=0.202 Dm=0.104 cyc_w=5.00 id_w=0.00 2.80 it/s
step 50200/85000 G=1.626 Dp=0.182 Dm=0.123 cyc_w=5.00 id_w=0.00 2.80 it/s
step 50250/85000 G=1.357 Dp=0.182 Dm=0.132 cyc_w=5.00 id_w=0.00 2.80 it/s
step 50300/85000 G=1.378 Dp=0.202 Dm=0.120 cyc_w=5.00 id_w=0.00 2.80 it/s
step 50350/85000 G=1.253 Dp=0.184 Dm=0.095 cyc_w=5.00 id_w=0.00 2.80 it/s
step 50400/85000 G=1.800 Dp=0.197 Dm=0.097 cyc_w=5.00 id_w=0.00 2.80 it/s
step 50450/85000 G=1.758 Dp=0.189 Dm=0.107 cyc_w=5.00 id_w=0.00 2.80 it/s
step 50500/85000 G=1.736 Dp=0.222 Dm=0.111 cyc_w=5.00 id_w=0.00 2.80 it/s
step 50550/85000 G=1.885 Dp=0.163 Dm=0.093 cyc_w=5.00 id_w=0.00 2.80 it/s
step 50600/85000 G=1.652 Dp=0.150 Dm=0.090 cyc_w=5.00 id_w=0.00 2.80 it/s
step 50650/85000 G=1.531 Dp=0.139 Dm=0.138 cyc_w=5.00 id_w=0.00 2.80 it/s
step 50700/85000 G=1.585 Dp=0.194 Dm=0.124 cyc_w=5.00 id_w=0.00 2.80 it/s
step 50750/85000 G=1.735 Dp=0.169 Dm=0.122 cyc_w=5.00 id_w=0.00 2.80 it/s
step 50800/85000 G=1.388 Dp=0.133 Dm=0.122 cyc_w=5.00 id_w=0.00 2.80 it/s
step 50850/85000 G=1.762 Dp=0.197 Dm=0.120 cyc_w=5.00 id_w=0.00 2.80 it/s
step 50900/85000 G=2.126 Dp=0.169 Dm=0.125 cyc_w=5.00 id_w=0.00 2.80 it/s
step 50950/85000 G=1.574 Dp=0.178 Dm=0.065 cyc_w=5.00 id_w=0.00 2.80 it/s
step 51000/85000 G=1.766 Dp=0.167 Dm=0.104 cyc_w=5.00 id_w=0.00 2.80 it/s
step 51050/85000 G=1.640 Dp=0.196 Dm=0.068 cyc_w=5.00 id_w=0.00 2.80 it/s
step 51100/85000 G=1.546 Dp=0.168 Dm=0.098 cyc_w=5.00 id_w=0.00 2.80 it/s
step 51150/85000 G=1.523 Dp=0.156 Dm=0.121 cyc_w=5.00 id_w=0.00 2.80 it/s
step 51200/85000 G=1.815 Dp=0.165 Dm=0.098 cyc_w=5.00 id_w=0.00 2.80 it/s
step 51250/85000 G=1.379 Dp=0.263 Dm=0.107 cyc_w=5.00 id_w=0.00 2.80 it/s
step 51300/85000 G=1.442 Dp=0.163 Dm=0.089 cyc_w=5.00 id_w=0.00 2.80 it/s
step 51350/85000 G=1.694 Dp=0.208 Dm=0.145 cyc_w=5.00 id_w=0.00 2.80 it/s
step 51400/85000 G=1.596 Dp=0.225 Dm=0.082 cyc_w=5.00 id_w=0.00 2.80 it/s
step 51450/85000 G=2.123 Dp=0.164 Dm=0.102 cyc_w=5.00 id_w=0.00 2.80 it/s
step 51500/85000 G=1.719 Dp=0.169 Dm=0.108 cyc_w=5.00 id_w=0.00 2.80 it/s
step 51550/85000 G=1.591 Dp=0.210 Dm=0.101 cyc_w=5.00 id_w=0.00 2.81 it/s
step 51600/85000 G=1.596 Dp=0.172 Dm=0.145 cyc_w=5.00 id_w=0.00 2.81 it/s
step 51650/85000 G=1.583 Dp=0.165 Dm=0.088 cyc_w=5.00 id_w=0.00 2.81 it/s
step 51700/85000 G=1.446 Dp=0.128 Dm=0.141 cyc_w=5.00 id_w=0.00 2.81 it/s
step 51750/85000 G=1.370 Dp=0.136 Dm=0.159 cyc_w=5.00 id_w=0.00 2.81 it/s
step 51800/85000 G=1.807 Dp=0.186 Dm=0.104 cyc_w=5.00 id_w=0.00 2.81 it/s
step 51850/85000 G=1.779 Dp=0.203 Dm=0.163 cyc_w=5.00 id_w=0.00 2.81 it/s
step 51900/85000 G=1.588 Dp=0.155 Dm=0.109 cyc_w=5.00 id_w=0.00 2.81 it/s
step 51950/85000 G=1.346 Dp=0.162 Dm=0.131 cyc_w=5.00 id_w=0.00 2.81 it/s
step 52000/85000 G=2.053 Dp=0.142 Dm=0.144 cyc_w=5.00 id_w=0.00 2.81 it/s
EVAL {"step": 52000, "variant": "ema", "fid_a2b": 98.11662584784256, "fid_b2a": 95.02719418241801, "mifid_a2b": 0.4200115542087159, "mifid_b2a": 0.3980570484275295, "fid": 96.57191001513029, "mifid": 0.4090343013181227, "composite": 48.49047215822421}
EVAL {"step": 52000, "variant": "ema_slow", "fid_a2b": 95.56633522068022, "fid_b2a": 97.04536709378284, "mifid_a2b": 0.4196280676747531, "mifid_b2a": 0.40450793638028953, "fid": 96.30585115723153, "mifid": 0.4120680020275213, "composite": 48.35895957962953}
EVAL {"step": 52000, "variant": "raw", "fid_a2b": 102.7371711945855, "fid_b2a": 98.66563907143643, "mifid_a2b": 0.4232380788899241, "mifid_b2a": 0.39188441319650136, "fid": 100.70140513301097, "mifid": 0.40756124604321275, "composite": 50.55448318952709}
step 52050/85000 G=1.592 Dp=0.215 Dm=0.109 cyc_w=5.00 id_w=0.00 2.80 it/s
step 52100/85000 G=1.529 Dp=0.156 Dm=0.084 cyc_w=5.00 id_w=0.00 2.80 it/s
step 52150/85000 G=1.815 Dp=0.138 Dm=0.124 cyc_w=5.00 id_w=0.00 2.80 it/s
step 52200/85000 G=1.348 Dp=0.178 Dm=0.113 cyc_w=5.00 id_w=0.00 2.80 it/s
step 52250/85000 G=1.315 Dp=0.170 Dm=0.170 cyc_w=5.00 id_w=0.00 2.80 it/s
step 52300/85000 G=1.586 Dp=0.139 Dm=0.097 cyc_w=5.00 id_w=0.00 2.80 it/s
step 52350/85000 G=1.497 Dp=0.182 Dm=0.103 cyc_w=5.00 id_w=0.00 2.80 it/s
step 52400/85000 G=1.587 Dp=0.208 Dm=0.112 cyc_w=5.00 id_w=0.00 2.80 it/s
step 52450/85000 G=1.696 Dp=0.188 Dm=0.116 cyc_w=5.00 id_w=0.00 2.80 it/s
step 52500/85000 G=1.876 Dp=0.126 Dm=0.105 cyc_w=5.00 id_w=0.00 2.80 it/s
step 52550/85000 G=1.708 Dp=0.192 Dm=0.138 cyc_w=5.00 id_w=0.00 2.80 it/s
step 52600/85000 G=1.676 Dp=0.174 Dm=0.104 cyc_w=5.00 id_w=0.00 2.80 it/s
step 52650/85000 G=1.566 Dp=0.181 Dm=0.106 cyc_w=5.00 id_w=0.00 2.80 it/s
step 52700/85000 G=2.032 Dp=0.155 Dm=0.116 cyc_w=5.00 id_w=0.00 2.80 it/s
step 52750/85000 G=2.094 Dp=0.217 Dm=0.089 cyc_w=5.00 id_w=0.00 2.80 it/s
step 52800/85000 G=1.671 Dp=0.151 Dm=0.074 cyc_w=5.00 id_w=0.00 2.80 it/s
step 52850/85000 G=1.940 Dp=0.184 Dm=0.098 cyc_w=5.00 id_w=0.00 2.80 it/s
step 52900/85000 G=1.625 Dp=0.105 Dm=0.103 cyc_w=5.00 id_w=0.00 2.80 it/s
step 52950/85000 G=1.371 Dp=0.179 Dm=0.085 cyc_w=5.00 id_w=0.00 2.80 it/s
step 53000/85000 G=1.512 Dp=0.155 Dm=0.119 cyc_w=5.00 id_w=0.00 2.80 it/s
step 53050/85000 G=1.874 Dp=0.144 Dm=0.092 cyc_w=5.00 id_w=0.00 2.80 it/s
step 53100/85000 G=1.713 Dp=0.172 Dm=0.099 cyc_w=5.00 id_w=0.00 2.80 it/s
step 53150/85000 G=2.097 Dp=0.168 Dm=0.093 cyc_w=5.00 id_w=0.00 2.80 it/s
step 53200/85000 G=1.553 Dp=0.216 Dm=0.090 cyc_w=5.00 id_w=0.00 2.80 it/s
step 53250/85000 G=1.976 Dp=0.178 Dm=0.101 cyc_w=5.00 id_w=0.00 2.80 it/s
step 53300/85000 G=2.013 Dp=0.184 Dm=0.110 cyc_w=5.00 id_w=0.00 2.80 it/s
step 53350/85000 G=1.581 Dp=0.159 Dm=0.125 cyc_w=5.00 id_w=0.00 2.80 it/s
step 53400/85000 G=1.695 Dp=0.144 Dm=0.122 cyc_w=5.00 id_w=0.00 2.80 it/s
step 53450/85000 G=1.514 Dp=0.207 Dm=0.128 cyc_w=5.00 id_w=0.00 2.80 it/s
step 53500/85000 G=1.769 Dp=0.111 Dm=0.096 cyc_w=5.00 id_w=0.00 2.80 it/s
step 53550/85000 G=1.887 Dp=0.187 Dm=0.143 cyc_w=5.00 id_w=0.00 2.80 it/s
step 53600/85000 G=1.947 Dp=0.143 Dm=0.097 cyc_w=5.00 id_w=0.00 2.80 it/s
step 53650/85000 G=1.676 Dp=0.153 Dm=0.081 cyc_w=5.00 id_w=0.00 2.80 it/s
step 53700/85000 G=2.038 Dp=0.222 Dm=0.107 cyc_w=5.00 id_w=0.00 2.80 it/s
step 53750/85000 G=1.825 Dp=0.158 Dm=0.070 cyc_w=5.00 id_w=0.00 2.80 it/s
step 53800/85000 G=1.841 Dp=0.174 Dm=0.120 cyc_w=5.00 id_w=0.00 2.80 it/s
step 53850/85000 G=1.766 Dp=0.127 Dm=0.098 cyc_w=5.00 id_w=0.00 2.80 it/s
step 53900/85000 G=1.409 Dp=0.195 Dm=0.125 cyc_w=5.00 id_w=0.00 2.80 it/s
step 53950/85000 G=1.873 Dp=0.189 Dm=0.066 cyc_w=5.00 id_w=0.00 2.80 it/s
step 54000/85000 G=1.716 Dp=0.178 Dm=0.119 cyc_w=5.00 id_w=0.00 2.80 it/s
step 54050/85000 G=2.034 Dp=0.132 Dm=0.133 cyc_w=5.00 id_w=0.00 2.80 it/s
step 54100/85000 G=1.760 Dp=0.186 Dm=0.091 cyc_w=5.00 id_w=0.00 2.80 it/s
step 54150/85000 G=1.444 Dp=0.176 Dm=0.152 cyc_w=5.00 id_w=0.00 2.80 it/s
step 54200/85000 G=1.468 Dp=0.150 Dm=0.088 cyc_w=5.00 id_w=0.00 2.80 it/s
step 54250/85000 G=1.651 Dp=0.154 Dm=0.173 cyc_w=5.00 id_w=0.00 2.80 it/s
step 54300/85000 G=1.613 Dp=0.173 Dm=0.095 cyc_w=5.00 id_w=0.00 2.80 it/s
step 54350/85000 G=1.515 Dp=0.141 Dm=0.152 cyc_w=5.00 id_w=0.00 2.80 it/s
step 54400/85000 G=1.477 Dp=0.183 Dm=0.096 cyc_w=5.00 id_w=0.00 2.80 it/s
step 54450/85000 G=1.813 Dp=0.163 Dm=0.098 cyc_w=5.00 id_w=0.00 2.80 it/s
step 54500/85000 G=1.768 Dp=0.166 Dm=0.091 cyc_w=5.00 id_w=0.00 2.80 it/s
step 54550/85000 G=1.789 Dp=0.172 Dm=0.077 cyc_w=5.00 id_w=0.00 2.80 it/s
step 54600/85000 G=1.819 Dp=0.170 Dm=0.117 cyc_w=5.00 id_w=0.00 2.80 it/s
step 54650/85000 G=1.860 Dp=0.180 Dm=0.095 cyc_w=5.00 id_w=0.00 2.80 it/s
step 54700/85000 G=1.590 Dp=0.163 Dm=0.109 cyc_w=5.00 id_w=0.00 2.80 it/s
step 54750/85000 G=1.639 Dp=0.184 Dm=0.100 cyc_w=5.00 id_w=0.00 2.80 it/s
step 54800/85000 G=1.795 Dp=0.132 Dm=0.115 cyc_w=5.00 id_w=0.00 2.80 it/s
step 54850/85000 G=2.141 Dp=0.223 Dm=0.067 cyc_w=5.00 id_w=0.00 2.80 it/s
step 54900/85000 G=1.710 Dp=0.178 Dm=0.095 cyc_w=5.00 id_w=0.00 2.80 it/s
step 54950/85000 G=1.774 Dp=0.187 Dm=0.116 cyc_w=5.00 id_w=0.00 2.80 it/s
step 55000/85000 G=1.599 Dp=0.141 Dm=0.129 cyc_w=5.00 id_w=0.00 2.81 it/s
step 55050/85000 G=2.041 Dp=0.174 Dm=0.076 cyc_w=5.00 id_w=0.00 2.81 it/s
step 55100/85000 G=1.874 Dp=0.186 Dm=0.086 cyc_w=5.00 id_w=0.00 2.81 it/s
step 55150/85000 G=1.687 Dp=0.159 Dm=0.112 cyc_w=5.00 id_w=0.00 2.81 it/s
step 55200/85000 G=1.534 Dp=0.199 Dm=0.088 cyc_w=5.00 id_w=0.00 2.81 it/s
step 55250/85000 G=1.889 Dp=0.182 Dm=0.077 cyc_w=5.00 id_w=0.00 2.81 it/s
EVAL {"step": 55250, "variant": "ema", "fid_a2b": 98.39728756852281, "fid_b2a": 95.7543445550572, "mifid_a2b": 0.42049684563296513, "mifid_b2a": 0.3983667445093603, "fid": 97.07581606179001, "mifid": 0.40943179507116273, "composite": 48.74262392843058}
EVAL {"step": 55250, "variant": "ema_slow", "fid_a2b": 95.30553499561779, "fid_b2a": 96.52251920822906, "mifid_a2b": 0.4189092578007057, "mifid_b2a": 0.402717981425629, "fid": 95.91402710192342, "mifid": 0.4108136196131673, "composite": 48.162420360768294}
EVAL {"step": 55250, "variant": "raw", "fid_a2b": 98.66847864722357, "fid_b2a": 100.0892190506469, "mifid_a2b": 0.415352298020666, "mifid_b2a": 0.39751496526309554, "fid": 99.37884884893523, "mifid": 0.40643363164188073, "composite": 49.892641240288555}
step 55300/85000 G=1.469 Dp=0.183 Dm=0.090 cyc_w=5.00 id_w=0.00 2.80 it/s
step 55350/85000 G=1.408 Dp=0.182 Dm=0.163 cyc_w=5.00 id_w=0.00 2.80 it/s
step 55400/85000 G=1.730 Dp=0.155 Dm=0.108 cyc_w=5.00 id_w=0.00 2.80 it/s
step 55450/85000 G=1.622 Dp=0.225 Dm=0.105 cyc_w=5.00 id_w=0.00 2.80 it/s
step 55500/85000 G=1.878 Dp=0.134 Dm=0.108 cyc_w=5.00 id_w=0.00 2.80 it/s
step 55550/85000 G=1.704 Dp=0.194 Dm=0.069 cyc_w=5.00 id_w=0.00 2.80 it/s
step 55600/85000 G=1.749 Dp=0.196 Dm=0.077 cyc_w=5.00 id_w=0.00 2.80 it/s
step 55650/85000 G=1.688 Dp=0.191 Dm=0.104 cyc_w=5.00 id_w=0.00 2.80 it/s
step 55700/85000 G=1.594 Dp=0.145 Dm=0.093 cyc_w=5.00 id_w=0.00 2.80 it/s
step 55750/85000 G=2.074 Dp=0.184 Dm=0.093 cyc_w=5.00 id_w=0.00 2.80 it/s
step 55800/85000 G=1.679 Dp=0.202 Dm=0.107 cyc_w=5.00 id_w=0.00 2.80 it/s
step 55850/85000 G=1.628 Dp=0.162 Dm=0.110 cyc_w=5.00 id_w=0.00 2.80 it/s
step 55900/85000 G=1.692 Dp=0.184 Dm=0.083 cyc_w=5.00 id_w=0.00 2.80 it/s
step 55950/85000 G=1.369 Dp=0.255 Dm=0.114 cyc_w=5.00 id_w=0.00 2.80 it/s
