name, driver_version, memory.total [MiB]
NVIDIA GeForce RTX 4090, 570.158.01, 24564 MiB
Collecting pip>=25
  Downloading pip-26.2.1-py3-none-any.whl.metadata (4.6 kB)
Downloading pip-26.2.1-py3-none-any.whl (1.8 MB)
   ━━━━━━━━━━━━━━━━━━━━━━━━━━━━━━━━━━━━━━━━ 1.8/1.8 MB 40.3 MB/s eta 0:00:00
Installing collected packages: pip
  Attempting uninstall: pip
    Found existing installation: pip 24.0
    Uninstalling pip-24.0:
      Successfully uninstalled pip-24.0
Successfully installed pip-26.2.1
Looking in indexes: https://download.pytorch.org/whl/cu128
Collecting torch==2.11.0
  Downloading torch-2.11.0%2Bcu128-cp312-cp312-manylinux_2_28_x86_64.whl.metadata (29 kB)
Collecting torchvision==0.26.0
  Downloading torchvision-0.26.0%2Bcu128-cp312-cp312-manylinux_2_28_x86_64.whl.metadata (5.5 kB)
Collecting filelock (from torch==2.11.0)
  Downloading filelock-3.32.3-py3-none-any.whl.metadata (2.0 kB)
Collecting typing-extensions>=4.10.0 (from torch==2.11.0)
  Downloading typing_extensions-4.16.0-py3-none-any.whl.metadata (3.3 kB)
Collecting setuptools<82 (from torch==2.11.0)
  Downloading setuptools-78.1.0-py3-none-any.whl.metadata (6.6 kB)
Collecting sympy>=1.13.3 (from torch==2.11.0)
  Downloading sympy-1.14.0-py3-none-any.whl.metadata (12 kB)
Collecting networkx>=2.5.1 (from torch==2.11.0)
  Downloading networkx-3.6.1-py3-none-any.whl.metadata (6.8 kB)
Collecting jinja2 (from torch==2.11.0)
  Downloading jinja2-3.1.6-py3-none-any.whl.metadata (2.9 kB)
Collecting fsspec>=0.8.5 (from torch==2.11.0)
  Downloading fsspec-2026.7.0-py3-none-any.whl.metadata (10 kB)
Collecting cuda-toolkit==12.8.1 (from cuda-toolkit[cublas,cudart,cufft,cufile,cupti,curand,cusolver,cusparse,nvjitlink,nvrtc,nvtx]==12.8.1; platform_system == "Linux"->torch==2.11.0)
  Downloading cuda_toolkit-12.8.1-py2.py3-none-any.whl (2.3 kB)
Collecting cuda-bindings<13,>=12.9.4 (from torch==2.11.0)
  Downloading cuda_bindings-12.9.7-cp312-cp312-manylinux_2_24_x86_64.manylinux_2_28_x86_64.whl.metadata (2.6 kB)
Collecting nvidia-cudnn-cu12==9.19.0.56 (from torch==2.11.0)
  Downloading nvidia_cudnn_cu12-9.19.0.56-py3-none-manylinux_2_27_x86_64.whl (657.9 MB)
     ━━━━━━━━━━━━━━━━━━━━━━━━━━━━━━━━━━━━━━━━ 657.9/657.9 MB 68.1 MB/s  0:00:09
Collecting nvidia-cusparselt-cu12==0.7.1 (from torch==2.11.0)
  Downloading nvidia_cusparselt_cu12-0.7.1-py3-none-manylinux2014_x86_64.whl (287.2 MB)
     ━━━━━━━━━━━━━━━━━━━━━━━━━━━━━━━━━━━━━━━━ 287.2/287.2 MB 63.8 MB/s  0:00:04
Collecting nvidia-nccl-cu12==2.28.9 (from torch==2.11.0)
  Downloading nvidia_nccl_cu12-2.28.9-py3-none-manylinux_2_18_x86_64.whl (296.8 MB)
     ━━━━━━━━━━━━━━━━━━━━━━━━━━━━━━━━━━━━━━━━ 296.8/296.8 MB 70.0 MB/s  0:00:04
Collecting nvidia-nvshmem-cu12==3.4.5 (from torch==2.11.0)
  Downloading nvidia_nvshmem_cu12-3.4.5-py3-none-manylinux2014_x86_64.manylinux_2_17_x86_64.whl (139.1 MB)
     ━━━━━━━━━━━━━━━━━━━━━━━━━━━━━━━━━━━━━━━━ 139.1/139.1 MB 70.8 MB/s  0:00:01
Collecting triton==3.6.0 (from torch==2.11.0)
  Downloading triton-3.6.0-cp312-cp312-manylinux_2_27_x86_64.manylinux_2_28_x86_64.whl.metadata (1.7 kB)
Collecting numpy (from torchvision==0.26.0)
  Downloading numpy-2.5.2-cp312-cp312-manylinux_2_27_x86_64.manylinux_2_28_x86_64.whl.metadata (6.6 kB)
Collecting pillow!=8.3.*,>=5.3.0 (from torchvision==0.26.0)
  Downloading pillow-12.3.0-cp312-cp312-manylinux_2_27_x86_64.manylinux_2_28_x86_64.whl.metadata (9.1 kB)
Collecting nvidia-cublas-cu12==12.8.4.1.* (from cuda-toolkit[cublas,cudart,cufft,cufile,cupti,curand,cusolver,cusparse,nvjitlink,nvrtc,nvtx]==12.8.1; platform_system == "Linux"->torch==2.11.0)
  Downloading nvidia_cublas_cu12-12.8.4.1-py3-none-manylinux_2_27_x86_64.whl (594.3 MB)
     ━━━━━━━━━━━━━━━━━━━━━━━━━━━━━━━━━━━━━━━━ 594.3/594.3 MB 60.3 MB/s  0:00:09
Collecting nvidia-cuda-runtime-cu12==12.8.90.* (from cuda-toolkit[cublas,cudart,cufft,cufile,cupti,curand,cusolver,cusparse,nvjitlink,nvrtc,nvtx]==12.8.1; platform_system == "Linux"->torch==2.11.0)
  Downloading nvidia_cuda_runtime_cu12-12.8.90-py3-none-manylinux2014_x86_64.manylinux_2_17_x86_64.whl (954 kB)
     ━━━━━━━━━━━━━━━━━━━━━━━━━━━━━━━━━━━━━━━━ 954.8/954.8 kB 443.3 MB/s  0:00:00
Collecting nvidia-cufft-cu12==11.3.3.83.* (from cuda-toolkit[cublas,cudart,cufft,cufile,cupti,curand,cusolver,cusparse,nvjitlink,nvrtc,nvtx]==12.8.1; platform_system == "Linux"->torch==2.11.0)
  Downloading nvidia_cufft_cu12-11.3.3.83-py3-none-manylinux2014_x86_64.manylinux_2_17_x86_64.whl (193.1 MB)
     ━━━━━━━━━━━━━━━━━━━━━━━━━━━━━━━━━━━━━━━━ 193.1/193.1 MB 65.8 MB/s  0:00:02
Collecting nvidia-cufile-cu12==1.13.1.3.* (from cuda-toolkit[cublas,cudart,cufft,cufile,cupti,curand,cusolver,cusparse,nvjitlink,nvrtc,nvtx]==12.8.1; platform_system == "Linux"->torch==2.11.0)
  Downloading nvidia_cufile_cu12-1.13.1.3-py3-none-manylinux2014_x86_64.manylinux_2_17_x86_64.whl (1.2 MB)
     ━━━━━━━━━━━━━━━━━━━━━━━━━━━━━━━━━━━━━━━━ 1.2/1.2 MB 249.8 MB/s  0:00:00
Collecting nvidia-cuda-cupti-cu12==12.8.90.* (from cuda-toolkit[cublas,cudart,cufft,cufile,cupti,curand,cusolver,cusparse,nvjitlink,nvrtc,nvtx]==12.8.1; platform_system == "Linux"->torch==2.11.0)
  Downloading nvidia_cuda_cupti_cu12-12.8.90-py3-none-manylinux2014_x86_64.manylinux_2_17_x86_64.whl (10.2 MB)
     ━━━━━━━━━━━━━━━━━━━━━━━━━━━━━━━━━━━━━━━━ 10.2/10.2 MB 84.4 MB/s  0:00:00
Collecting nvidia-curand-cu12==10.3.9.90.* (from cuda-toolkit[cublas,cudart,cufft,cufile,cupti,curand,cusolver,cusparse,nvjitlink,nvrtc,nvtx]==12.8.1; platform_system == "Linux"->torch==2.11.0)
  Downloading nvidia_curand_cu12-10.3.9.90-py3-none-manylinux_2_27_x86_64.whl (63.6 MB)
     ━━━━━━━━━━━━━━━━━━━━━━━━━━━━━━━━━━━━━━━━ 63.6/63.6 MB 73.3 MB/s  0:00:00
Collecting nvidia-cusolver-cu12==11.7.3.90.* (from cuda-toolkit[cublas,cudart,cufft,cufile,cupti,curand,cusolver,cusparse,nvjitlink,nvrtc,nvtx]==12.8.1; platform_system == "Linux"->torch==2.11.0)
  Downloading nvidia_cusolver_cu12-11.7.3.90-py3-none-manylinux_2_27_x86_64.whl (267.5 MB)
     ━━━━━━━━━━━━━━━━━━━━━━━━━━━━━━━━━━━━━━━━ 267.5/267.5 MB 64.0 MB/s  0:00:04
Collecting nvidia-cusparse-cu12==12.5.8.93.* (from cuda-toolkit[cublas,cudart,cufft,cufile,cupti,curand,cusolver,cusparse,nvjitlink,nvrtc,nvtx]==12.8.1; platform_system == "Linux"->torch==2.11.0)
  Downloading nvidia_cusparse_cu12-12.5.8.93-py3-none-manylinux2014_x86_64.manylinux_2_17_x86_64.whl (288.2 MB)
     ━━━━━━━━━━━━━━━━━━━━━━━━━━━━━━━━━━━━━━━━ 288.2/288.2 MB 67.0 MB/s  0:00:04
Collecting nvidia-nvjitlink-cu12==12.8.93.* (from cuda-toolkit[cublas,cudart,cufft,cufile,cupti,curand,cusolver,cusparse,nvjitlink,nvrtc,nvtx]==12.8.1; platform_system == "Linux"->torch==2.11.0)
  Downloading nvidia_nvjitlink_cu12-12.8.93-py3-none-manylinux2010_x86_64.manylinux_2_12_x86_64.whl (39.3 MB)
     ━━━━━━━━━━━━━━━━━━━━━━━━━━━━━━━━━━━━━━━━ 39.3/39.3 MB 65.3 MB/s  0:00:00
Collecting nvidia-cuda-nvrtc-cu12==12.8.93.* (from cuda-toolkit[cublas,cudart,cufft,cufile,cupti,curand,cusolver,cusparse,nvjitlink,nvrtc,nvtx]==12.8.1; platform_system == "Linux"->torch==2.11.0)
  Downloading nvidia_cuda_nvrtc_cu12-12.8.93-py3-none-manylinux2010_x86_64.manylinux_2_12_x86_64.whl (88.0 MB)
     ━━━━━━━━━━━━━━━━━━━━━━━━━━━━━━━━━━━━━━━━ 88.0/88.0 MB 69.3 MB/s  0:00:01
Collecting nvidia-nvtx-cu12==12.8.90.* (from cuda-toolkit[cublas,cudart,cufft,cufile,cupti,curand,cusolver,cusparse,nvjitlink,nvrtc,nvtx]==12.8.1; platform_system == "Linux"->torch==2.11.0)
  Downloading nvidia_nvtx_cu12-12.8.90-py3-none-manylinux2014_x86_64.manylinux_2_17_x86_64.whl (89 kB)
Collecting cuda-pathfinder~=1.1 (from cuda-bindings<13,>=12.9.4->torch==2.11.0)
  Downloading cuda_pathfinder-1.6.0-py3-none-any.whl.metadata (1.9 kB)
Collecting mpmath<1.4,>=1.1.0 (from sympy>=1.13.3->torch==2.11.0)
  Downloading mpmath-1.3.0-py3-none-any.whl.metadata (8.6 kB)
Collecting MarkupSafe>=2.0 (from jinja2->torch==2.11.0)
  Downloading markupsafe-3.0.3-cp312-cp312-manylinux2014_x86_64.manylinux_2_17_x86_64.manylinux_2_28_x86_64.whl.metadata (2.7 kB)
Downloading torch-2.11.0%2Bcu128-cp312-cp312-manylinux_2_28_x86_64.whl (820.3 MB)
   ━━━━━━━━━━━━━━━━━━━━━━━━━━━━━━━━━━━━━━━━ 820.3/820.3 MB 267.2 MB/s  0:00:03
Downloading torchvision-0.26.0%2Bcu128-cp312-cp312-manylinux_2_28_x86_64.whl (8.1 MB)
   ━━━━━━━━━━━━━━━━━━━━━━━━━━━━━━━━━━━━━━━━ 8.1/8.1 MB 323.6 MB/s  0:00:00
Downloading triton-3.6.0-cp312-cp312-manylinux_2_27_x86_64.manylinux_2_28_x86_64.whl (188.3 MB)
   ━━━━━━━━━━━━━━━━━━━━━━━━━━━━━━━━━━━━━━━━ 188.3/188.3 MB 242.0 MB/s  0:00:00
Downloading cuda_bindings-12.9.7-cp312-cp312-manylinux_2_24_x86_64.manylinux_2_28_x86_64.whl (7.6 MB)
   ━━━━━━━━━━━━━━━━━━━━━━━━━━━━━━━━━━━━━━━━ 7.6/7.6 MB 132.4 MB/s  0:00:00
Downloading cuda_pathfinder-1.6.0-py3-none-any.whl (54 kB)
Downloading setuptools-78.1.0-py3-none-any.whl (1.3 MB)
   ━━━━━━━━━━━━━━━━━━━━━━━━━━━━━━━━━━━━━━━━ 1.3/1.3 MB 364.5 MB/s  0:00:00
Downloading fsspec-2026.7.0-py3-none-any.whl (206 kB)
Downloading networkx-3.6.1-py3-none-any.whl (2.1 MB)
   ━━━━━━━━━━━━━━━━━━━━━━━━━━━━━━━━━━━━━━━━ 2.1/2.1 MB 391.8 MB/s  0:00:00
Downloading pillow-12.3.0-cp312-cp312-manylinux_2_27_x86_64.manylinux_2_28_x86_64.whl (6.9 MB)
   ━━━━━━━━━━━━━━━━━━━━━━━━━━━━━━━━━━━━━━━━ 6.9/6.9 MB 357.4 MB/s  0:00:00
Downloading sympy-1.14.0-py3-none-any.whl (6.3 MB)
   ━━━━━━━━━━━━━━━━━━━━━━━━━━━━━━━━━━━━━━━━ 6.3/6.3 MB 166.9 MB/s  0:00:00
Downloading mpmath-1.3.0-py3-none-any.whl (536 kB)
   ━━━━━━━━━━━━━━━━━━━━━━━━━━━━━━━━━━━━━━━━ 536.2/536.2 kB 351.1 MB/s  0:00:00
Downloading typing_extensions-4.16.0-py3-none-any.whl (45 kB)
Downloading filelock-3.32.3-py3-none-any.whl (98 kB)
Downloading jinja2-3.1.6-py3-none-any.whl (134 kB)
Downloading markupsafe-3.0.3-cp312-cp312-manylinux2014_x86_64.manylinux_2_17_x86_64.manylinux_2_28_x86_64.whl (22 kB)
Downloading numpy-2.5.2-cp312-cp312-manylinux_2_27_x86_64.manylinux_2_28_x86_64.whl (16.7 MB)
   ━━━━━━━━━━━━━━━━━━━━━━━━━━━━━━━━━━━━━━━━ 16.7/16.7 MB 139.7 MB/s  0:00:00
Installing collected packages: nvidia-cusparselt-cu12, mpmath, cuda-toolkit, typing-extensions, triton, sympy, setuptools, pillow, nvidia-nvtx-cu12, nvidia-nvshmem-cu12, nvidia-nvjitlink-cu12, nvidia-nccl-cu12, nvidia-curand-cu12, nvidia-cufile-cu12, nvidia-cuda-runtime-cu12, nvidia-cuda-nvrtc-cu12, nvidia-cuda-cupti-cu12, nvidia-cublas-cu12, numpy, networkx, MarkupSafe, fsspec, filelock, cuda-pathfinder, nvidia-cusparse-cu12, nvidia-cufft-cu12, nvidia-cudnn-cu12, jinja2, cuda-bindings, nvidia-cusolver-cu12, torch, torchvision

Successfully installed MarkupSafe-3.0.3 cuda-bindings-12.9.7 cuda-pathfinder-1.6.0 cuda-toolkit-12.8.1 filelock-3.32.3 fsspec-2026.7.0 jinja2-3.1.6 mpmath-1.3.0 networkx-3.6.1 numpy-2.5.2 nvidia-cublas-cu12-12.8.4.1 nvidia-cuda-cupti-cu12-12.8.90 nvidia-cuda-nvrtc-cu12-12.8.93 nvidia-cuda-runtime-cu12-12.8.90 nvidia-cudnn-cu12-9.19.0.56 nvidia-cufft-cu12-11.3.3.83 nvidia-cufile-cu12-1.13.1.3 nvidia-curand-cu12-10.3.9.90 nvidia-cusolver-cu12-11.7.3.90 nvidia-cusparse-cu12-12.5.8.93 nvidia-cusparselt-cu12-0.7.1 nvidia-nccl-cu12-2.28.9 nvidia-nvjitlink-cu12-12.8.93 nvidia-nvshmem-cu12-3.4.5 nvidia-nvtx-cu12-12.8.90 pillow-12.3.0 setuptools-78.1.0 sympy-1.14.0 torch-2.11.0+cu128 torchvision-0.26.0+cu128 triton-3.6.0 typing-extensions-4.16.0
Requirement already satisfied: torch==2.11.0 in ./.venv/lib/python3.12/site-packages (from -r requirements.txt (line 2)) (2.11.0+cu128)
Requirement already satisfied: torchvision==0.26.0 in ./.venv/lib/python3.12/site-packages (from -r requirements.txt (line 3)) (0.26.0+cu128)
Collecting numpy==2.5.3 (from -r requirements.txt (line 4))
  Downloading numpy-2.5.3-cp312-cp312-manylinux_2_27_x86_64.manylinux_2_28_x86_64.whl.metadata (6.6 kB)
Collecting pandas==3.0.6 (from -r requirements.txt (line 5))
  Downloading pandas-3.0.6-cp312-cp312-manylinux_2_24_x86_64.manylinux_2_28_x86_64.whl.metadata (79 kB)
Collecting scikit-learn==1.9.1 (from -r requirements.txt (line 6))
  Downloading scikit_learn-1.9.1-cp312-cp312-manylinux_2_27_x86_64.manylinux_2_28_x86_64.whl.metadata (9.3 kB)
Collecting scipy==1.16.3 (from -r requirements.txt (line 7))
  Downloading scipy-1.16.3-cp312-cp312-manylinux2014_x86_64.manylinux_2_17_x86_64.whl.metadata (62 kB)
Collecting matplotlib==3.11.2 (from -r requirements.txt (line 8))
  Downloading matplotlib-3.11.2-cp312-cp312-manylinux2014_x86_64.manylinux_2_17_x86_64.whl.metadata (80 kB)
Collecting datasets==5.0.1 (from -r requirements.txt (line 9))
  Downloading datasets-5.0.1-py3-none-any.whl.metadata (23 kB)
Requirement already satisfied: Pillow==12.3.0 in ./.venv/lib/python3.12/site-packages (from -r requirements.txt (line 10)) (12.3.0)
Collecting nbformat==5.11.1 (from -r requirements.txt (line 11))
  Downloading nbformat-5.11.1-py3-none-any.whl.metadata (3.7 kB)
Collecting nbclient==0.11.0 (from -r requirements.txt (line 12))
  Downloading nbclient-0.11.0-py3-none-any.whl.metadata (7.3 kB)
Collecting ipykernel==7.3.0 (from -r requirements.txt (line 13))
  Downloading ipykernel-7.3.0-py3-none-any.whl.metadata (4.5 kB)
Collecting pytest==9.1.1 (from -r requirements.txt (line 14))
  Downloading pytest-9.1.1-py3-none-any.whl.metadata (7.6 kB)
Collecting clean-fid==0.1.35 (from -r requirements-image-metrics.txt (line 1))
  Downloading clean_fid-0.1.35-py3-none-any.whl.metadata (36 kB)
Collecting lpips==0.1.4 (from -r requirements-image-metrics.txt (line 2))
  Downloading lpips-0.1.4-py3-none-any.whl.metadata (10 kB)
Collecting prdc==0.2 (from -r requirements-image-metrics.txt (line 3))
  Downloading prdc-0.2-py3-none-any.whl.metadata (8.7 kB)
Requirement already satisfied: filelock in ./.venv/lib/python3.12/site-packages (from torch==2.11.0->-r requirements.txt (line 2)) (3.32.3)
Requirement already satisfied: typing-extensions>=4.10.0 in ./.venv/lib/python3.12/site-packages (from torch==2.11.0->-r requirements.txt (line 2)) (4.16.0)
Requirement already satisfied: setuptools<82 in ./.venv/lib/python3.12/site-packages (from torch==2.11.0->-r requirements.txt (line 2)) (78.1.0)
Requirement already satisfied: sympy>=1.13.3 in ./.venv/lib/python3.12/site-packages (from torch==2.11.0->-r requirements.txt (line 2)) (1.14.0)
Requirement already satisfied: networkx>=2.5.1 in ./.venv/lib/python3.12/site-packages (from torch==2.11.0->-r requirements.txt (line 2)) (3.6.1)
Requirement already satisfied: jinja2 in ./.venv/lib/python3.12/site-packages (from torch==2.11.0->-r requirements.txt (line 2)) (3.1.6)
Requirement already satisfied: fsspec>=0.8.5 in ./.venv/lib/python3.12/site-packages (from torch==2.11.0->-r requirements.txt (line 2)) (2026.7.0)
Requirement already satisfied: cuda-toolkit==12.8.1 in ./.venv/lib/python3.12/site-packages (from cuda-toolkit[cublas,cudart,cufft,cufile,cupti,curand,cusolver,cusparse,nvjitlink,nvrtc,nvtx]==12.8.1; platform_system == "Linux"->torch==2.11.0->-r requirements.txt (line 2)) (12.8.1)
Requirement already satisfied: cuda-bindings<13,>=12.9.4 in ./.venv/lib/python3.12/site-packages (from torch==2.11.0->-r requirements.txt (line 2)) (12.9.7)
Requirement already satisfied: nvidia-cudnn-cu12==9.19.0.56 in ./.venv/lib/python3.12/site-packages (from torch==2.11.0->-r requirements.txt (line 2)) (9.19.0.56)
Requirement already satisfied: nvidia-cusparselt-cu12==0.7.1 in ./.venv/lib/python3.12/site-packages (from torch==2.11.0->-r requirements.txt (line 2)) (0.7.1)
Requirement already satisfied: nvidia-nccl-cu12==2.28.9 in ./.venv/lib/python3.12/site-packages (from torch==2.11.0->-r requirements.txt (line 2)) (2.28.9)
Requirement already satisfied: nvidia-nvshmem-cu12==3.4.5 in ./.venv/lib/python3.12/site-packages (from torch==2.11.0->-r requirements.txt (line 2)) (3.4.5)
Requirement already satisfied: triton==3.6.0 in ./.venv/lib/python3.12/site-packages (from torch==2.11.0->-r requirements.txt (line 2)) (3.6.0)
Collecting python-dateutil>=2.8.2 (from pandas==3.0.6->-r requirements.txt (line 5))
  Downloading python_dateutil-2.9.0.post0-py2.py3-none-any.whl.metadata (8.4 kB)
Collecting joblib>=1.4.0 (from scikit-learn==1.9.1->-r requirements.txt (line 6))
  Downloading joblib-1.6.0-py3-none-any.whl.metadata (6.5 kB)
Collecting narwhals>=2.0.1 (from scikit-learn==1.9.1->-r requirements.txt (line 6))
  Downloading narwhals-2.26.0-py3-none-any.whl.metadata (15 kB)
Collecting threadpoolctl>=3.5.0 (from scikit-learn==1.9.1->-r requirements.txt (line 6))
  Downloading threadpoolctl-3.7.0-py3-none-any.whl.metadata (24 kB)
Collecting contourpy>=1.0.1 (from matplotlib==3.11.2->-r requirements.txt (line 8))
  Downloading contourpy-1.4.0-cp312-cp312-manylinux_2_27_x86_64.manylinux_2_28_x86_64.whl.metadata (3.8 kB)
Collecting cycler>=0.10 (from matplotlib==3.11.2->-r requirements.txt (line 8))
  Downloading cycler-0.12.1-py3-none-any.whl.metadata (3.8 kB)
Collecting fonttools>=4.28.2 (from matplotlib==3.11.2->-r requirements.txt (line 8))
  Downloading fonttools-4.65.0-cp312-cp312-manylinux2014_x86_64.manylinux_2_17_x86_64.whl.metadata (125 kB)
Collecting kiwisolver>=1.3.1 (from matplotlib==3.11.2->-r requirements.txt (line 8))
  Downloading kiwisolver-1.5.1-cp312-cp312-manylinux2014_x86_64.manylinux_2_17_x86_64.whl.metadata (5.2 kB)
Collecting packaging>=20.0 (from matplotlib==3.11.2->-r requirements.txt (line 8))
  Downloading packaging-26.3-py3-none-any.whl.metadata (3.5 kB)
Collecting pyparsing>=3 (from matplotlib==3.11.2->-r requirements.txt (line 8))
  Downloading pyparsing-3.3.2-py3-none-any.whl.metadata (5.8 kB)
Collecting pyarrow>=21.0.0 (from datasets==5.0.1->-r requirements.txt (line 9))
  Downloading pyarrow-25.0.1-cp312-cp312-manylinux_2_28_x86_64.whl.metadata (3.0 kB)
Collecting dill<0.4.2,>=0.3.0 (from datasets==5.0.1->-r requirements.txt (line 9))
  Downloading dill-0.4.1-py3-none-any.whl.metadata (10 kB)
Collecting requests>=2.32.2 (from datasets==5.0.1->-r requirements.txt (line 9))
  Downloading requests-2.34.2-py3-none-any.whl.metadata (4.8 kB)
Collecting httpx<1.0.0 (from datasets==5.0.1->-r requirements.txt (line 9))
  Downloading httpx-0.28.1-py3-none-any.whl.metadata (7.1 kB)
Collecting tqdm>=4.66.3 (from datasets==5.0.1->-r requirements.txt (line 9))
  Downloading tqdm-4.70.1-py3-none-any.whl.metadata (57 kB)
Collecting xxhash (from datasets==5.0.1->-r requirements.txt (line 9))
  Downloading xxhash-4.0.1-cp312-cp312-manylinux2014_x86_64.manylinux_2_17_x86_64.manylinux_2_28_x86_64.whl.metadata (17 kB)
Collecting multiprocess<0.70.20 (from datasets==5.0.1->-r requirements.txt (line 9))
  Downloading multiprocess-0.70.19-py312-none-any.whl.metadata (7.5 kB)
Collecting fsspec>=0.8.5 (from torch==2.11.0->-r requirements.txt (line 2))
  Downloading fsspec-2026.6.0-py3-none-any.whl.metadata (10 kB)
Collecting huggingface-hub<2.0,>=0.25.0 (from datasets==5.0.1->-r requirements.txt (line 9))
  Downloading huggingface_hub-1.32.0-py3-none-any.whl.metadata (16 kB)
Collecting pyyaml>=5.1 (from datasets==5.0.1->-r requirements.txt (line 9))
  Downloading pyyaml-6.0.3-cp312-cp312-manylinux2014_x86_64.manylinux_2_17_x86_64.manylinux_2_28_x86_64.whl.metadata (2.4 kB)
Collecting fastjsonschema>=2.15 (from nbformat==5.11.1->-r requirements.txt (line 11))
  Downloading fastjsonschema-2.22.2-py3-none-any.whl.metadata (2.1 kB)
Collecting jsonschema>=2.6 (from nbformat==5.11.1->-r requirements.txt (line 11))
  Downloading jsonschema-4.26.0-py3-none-any.whl.metadata (7.6 kB)
Collecting jupyter-core!=5.0.*,>=4.12 (from nbformat==5.11.1->-r requirements.txt (line 11))
  Downloading jupyter_core-5.9.1-py3-none-any.whl.metadata (1.5 kB)
Collecting traitlets>=5.1 (from nbformat==5.11.1->-r requirements.txt (line 11))
  Downloading traitlets-5.16.1-py3-none-any.whl.metadata (10 kB)
Collecting jupyter-client>=7.0.0 (from nbclient==0.11.0->-r requirements.txt (line 12))
  Downloading jupyter_client-8.10.0-py3-none-any.whl.metadata (8.5 kB)
Collecting comm>=0.1.1 (from ipykernel==7.3.0->-r requirements.txt (line 13))
  Downloading comm-0.2.3-py3-none-any.whl.metadata (3.7 kB)
Collecting debugpy>=1.6.5 (from ipykernel==7.3.0->-r requirements.txt (line 13))
  Downloading debugpy-1.8.22-cp312-cp312-manylinux_2_34_x86_64.whl.metadata (1.4 kB)
Collecting ipython>=7.23.1 (from ipykernel==7.3.0->-r requirements.txt (line 13))
  Downloading ipython-9.17.1-py3-none-any.whl.metadata (4.6 kB)
Collecting matplotlib-inline>=0.1 (from ipykernel==7.3.0->-r requirements.txt (line 13))
  Downloading matplotlib_inline-0.2.2-py3-none-any.whl.metadata (2.4 kB)
Collecting nest-asyncio2>=1.7.0 (from ipykernel==7.3.0->-r requirements.txt (line 13))
  Downloading nest_asyncio2-1.7.2-py3-none-any.whl.metadata (6.3 kB)
Collecting psutil>=5.7 (from ipykernel==7.3.0->-r requirements.txt (line 13))
  Downloading psutil-7.2.2-cp36-abi3-manylinux2010_x86_64.manylinux_2_12_x86_64.manylinux_2_28_x86_64.whl.metadata (22 kB)
Collecting pyzmq>=25 (from ipykernel==7.3.0->-r requirements.txt (line 13))
  Downloading pyzmq-27.2.0-cp312-abi3-manylinux_2_26_x86_64.manylinux_2_28_x86_64.whl.metadata (3.8 kB)
Collecting tornado>=6.4.1 (from ipykernel==7.3.0->-r requirements.txt (line 13))
  Downloading tornado-6.5.10-cp39-abi3-manylinux1_x86_64.manylinux_2_28_x86_64.manylinux_2_5_x86_64.whl.metadata (2.8 kB)
Collecting iniconfig>=1.0.1 (from pytest==9.1.1->-r requirements.txt (line 14))
  Downloading iniconfig-2.3.0-py3-none-any.whl.metadata (2.5 kB)
Collecting pluggy<2,>=1.5 (from pytest==9.1.1->-r requirements.txt (line 14))
  Downloading pluggy-1.6.0-py3-none-any.whl.metadata (4.8 kB)
Collecting pygments>=2.7.2 (from pytest==9.1.1->-r requirements.txt (line 14))
  Downloading pygments-2.21.0-py3-none-any.whl.metadata (2.5 kB)
Requirement already satisfied: nvidia-cublas-cu12==12.8.4.1.* in ./.venv/lib/python3.12/site-packages (from cuda-toolkit[cublas,cudart,cufft,cufile,cupti,curand,cusolver,cusparse,nvjitlink,nvrtc,nvtx]==12.8.1; platform_system == "Linux"->torch==2.11.0->-r requirements.txt (line 2)) (12.8.4.1)
Requirement already satisfied: nvidia-cuda-runtime-cu12==12.8.90.* in ./.venv/lib/python3.12/site-packages (from cuda-toolkit[cublas,cudart,cufft,cufile,cupti,curand,cusolver,cusparse,nvjitlink,nvrtc,nvtx]==12.8.1; platform_system == "Linux"->torch==2.11.0->-r requirements.txt (line 2)) (12.8.90)
Requirement already satisfied: nvidia-cufft-cu12==11.3.3.83.* in ./.venv/lib/python3.12/site-packages (from cuda-toolkit[cublas,cudart,cufft,cufile,cupti,curand,cusolver,cusparse,nvjitlink,nvrtc,nvtx]==12.8.1; platform_system == "Linux"->torch==2.11.0->-r requirements.txt (line 2)) (11.3.3.83)
Requirement already satisfied: nvidia-cufile-cu12==1.13.1.3.* in ./.venv/lib/python3.12/site-packages (from cuda-toolkit[cublas,cudart,cufft,cufile,cupti,curand,cusolver,cusparse,nvjitlink,nvrtc,nvtx]==12.8.1; platform_system == "Linux"->torch==2.11.0->-r requirements.txt (line 2)) (1.13.1.3)
Requirement already satisfied: nvidia-cuda-cupti-cu12==12.8.90.* in ./.venv/lib/python3.12/site-packages (from cuda-toolkit[cublas,cudart,cufft,cufile,cupti,curand,cusolver,cusparse,nvjitlink,nvrtc,nvtx]==12.8.1; platform_system == "Linux"->torch==2.11.0->-r requirements.txt (line 2)) (12.8.90)
Requirement already satisfied: nvidia-curand-cu12==10.3.9.90.* in ./.venv/lib/python3.12/site-packages (from cuda-toolkit[cublas,cudart,cufft,cufile,cupti,curand,cusolver,cusparse,nvjitlink,nvrtc,nvtx]==12.8.1; platform_system == "Linux"->torch==2.11.0->-r requirements.txt (line 2)) (10.3.9.90)
Requirement already satisfied: nvidia-cusolver-cu12==11.7.3.90.* in ./.venv/lib/python3.12/site-packages (from cuda-toolkit[cublas,cudart,cufft,cufile,cupti,curand,cusolver,cusparse,nvjitlink,nvrtc,nvtx]==12.8.1; platform_system == "Linux"->torch==2.11.0->-r requirements.txt (line 2)) (11.7.3.90)
Requirement already satisfied: nvidia-cusparse-cu12==12.5.8.93.* in ./.venv/lib/python3.12/site-packages (from cuda-toolkit[cublas,cudart,cufft,cufile,cupti,curand,cusolver,cusparse,nvjitlink,nvrtc,nvtx]==12.8.1; platform_system == "Linux"->torch==2.11.0->-r requirements.txt (line 2)) (12.5.8.93)
Requirement already satisfied: nvidia-nvjitlink-cu12==12.8.93.* in ./.venv/lib/python3.12/site-packages (from cuda-toolkit[cublas,cudart,cufft,cufile,cupti,curand,cusolver,cusparse,nvjitlink,nvrtc,nvtx]==12.8.1; platform_system == "Linux"->torch==2.11.0->-r requirements.txt (line 2)) (12.8.93)
Requirement already satisfied: nvidia-cuda-nvrtc-cu12==12.8.93.* in ./.venv/lib/python3.12/site-packages (from cuda-toolkit[cublas,cudart,cufft,cufile,cupti,curand,cusolver,cusparse,nvjitlink,nvrtc,nvtx]==12.8.1; platform_system == "Linux"->torch==2.11.0->-r requirements.txt (line 2)) (12.8.93)
Requirement already satisfied: nvidia-nvtx-cu12==12.8.90.* in ./.venv/lib/python3.12/site-packages (from cuda-toolkit[cublas,cudart,cufft,cufile,cupti,curand,cusolver,cusparse,nvjitlink,nvrtc,nvtx]==12.8.1; platform_system == "Linux"->torch==2.11.0->-r requirements.txt (line 2)) (12.8.90)
Requirement already satisfied: cuda-pathfinder~=1.1 in ./.venv/lib/python3.12/site-packages (from cuda-bindings<13,>=12.9.4->torch==2.11.0->-r requirements.txt (line 2)) (1.6.0)
Collecting aiohttp!=4.0.0a0,!=4.0.0a1 (from fsspec[http]<=2026.6.0,>=2023.1.0->datasets==5.0.1->-r requirements.txt (line 9))
  Downloading aiohttp-3.14.3-cp312-cp312-manylinux2014_x86_64.manylinux_2_17_x86_64.manylinux_2_28_x86_64.whl.metadata (8.3 kB)
Collecting anyio (from httpx<1.0.0->datasets==5.0.1->-r requirements.txt (line 9))
  Downloading anyio-4.15.1-py3-none-any.whl.metadata (4.7 kB)
Collecting certifi (from httpx<1.0.0->datasets==5.0.1->-r requirements.txt (line 9))
  Downloading certifi-2026.7.22-py3-none-any.whl.metadata (2.5 kB)
Collecting httpcore==1.* (from httpx<1.0.0->datasets==5.0.1->-r requirements.txt (line 9))
  Downloading httpcore-1.0.9-py3-none-any.whl.metadata (21 kB)
Collecting idna (from httpx<1.0.0->datasets==5.0.1->-r requirements.txt (line 9))
  Downloading idna-3.20-py3-none-any.whl.metadata (7.2 kB)
Collecting h11>=0.16 (from httpcore==1.*->httpx<1.0.0->datasets==5.0.1->-r requirements.txt (line 9))
  Downloading h11-0.16.0-py3-none-any.whl.metadata (8.3 kB)
Collecting click<9.0.0,>=8.4.2 (from huggingface-hub<2.0,>=0.25.0->datasets==5.0.1->-r requirements.txt (line 9))
  Downloading click-8.5.0-py3-none-any.whl.metadata (2.6 kB)
Collecting hf-xet<2.0.0,>=1.5.2 (from huggingface-hub<2.0,>=0.25.0->datasets==5.0.1->-r requirements.txt (line 9))
  Downloading hf_xet-1.6.0-cp38-abi3-manylinux2014_x86_64.manylinux_2_17_x86_64.whl.metadata (4.9 kB)
Collecting aiohappyeyeballs>=2.5.0 (from aiohttp!=4.0.0a0,!=4.0.0a1->fsspec[http]<=2026.6.0,>=2023.1.0->datasets==5.0.1->-r requirements.txt (line 9))
  Downloading aiohappyeyeballs-2.7.1-py3-none-any.whl.metadata (5.9 kB)
Collecting aiosignal>=1.4.0 (from aiohttp!=4.0.0a0,!=4.0.0a1->fsspec[http]<=2026.6.0,>=2023.1.0->datasets==5.0.1->-r requirements.txt (line 9))
  Downloading aiosignal-1.4.0-py3-none-any.whl.metadata (3.7 kB)
Collecting attrs>=17.3.0 (from aiohttp!=4.0.0a0,!=4.0.0a1->fsspec[http]<=2026.6.0,>=2023.1.0->datasets==5.0.1->-r requirements.txt (line 9))
  Downloading attrs-26.1.0-py3-none-any.whl.metadata (8.8 kB)
Collecting frozenlist>=1.1.1 (from aiohttp!=4.0.0a0,!=4.0.0a1->fsspec[http]<=2026.6.0,>=2023.1.0->datasets==5.0.1->-r requirements.txt (line 9))
  Downloading frozenlist-1.8.0-cp312-cp312-manylinux1_x86_64.manylinux_2_28_x86_64.manylinux_2_5_x86_64.whl.metadata (20 kB)
Collecting multidict<7.0,>=4.5 (from aiohttp!=4.0.0a0,!=4.0.0a1->fsspec[http]<=2026.6.0,>=2023.1.0->datasets==5.0.1->-r requirements.txt (line 9))
  Downloading multidict-6.9.0-cp312-cp312-manylinux2014_x86_64.manylinux_2_17_x86_64.manylinux_2_28_x86_64.whl.metadata (5.3 kB)
Collecting propcache>=0.2.0 (from aiohttp!=4.0.0a0,!=4.0.0a1->fsspec[http]<=2026.6.0,>=2023.1.0->datasets==5.0.1->-r requirements.txt (line 9))
  Downloading propcache-0.5.4-cp312-cp312-manylinux2014_x86_64.manylinux_2_17_x86_64.manylinux_2_28_x86_64.whl.metadata (25 kB)
Collecting yarl<2.0,>=1.17.0 (from aiohttp!=4.0.0a0,!=4.0.0a1->fsspec[http]<=2026.6.0,>=2023.1.0->datasets==5.0.1->-r requirements.txt (line 9))
  Downloading yarl-1.25.1-cp312-cp312-manylinux2014_x86_64.manylinux_2_17_x86_64.manylinux_2_28_x86_64.whl.metadata (111 kB)
Collecting ipython-pygments-lexers>=1.0.0 (from ipython>=7.23.1->ipykernel==7.3.0->-r requirements.txt (line 13))
  Downloading ipython_pygments_lexers-1.1.1-py3-none-any.whl.metadata (1.1 kB)
Collecting jedi>=0.18.2 (from ipython>=7.23.1->ipykernel==7.3.0->-r requirements.txt (line 13))
  Downloading jedi-0.20.0-py2.py3-none-any.whl.metadata (23 kB)
Collecting pexpect>4.6 (from ipython>=7.23.1->ipykernel==7.3.0->-r requirements.txt (line 13))
  Downloading pexpect-4.9.0-py2.py3-none-any.whl.metadata (2.5 kB)
Collecting prompt_toolkit<3.1.0,>=3.0.41 (from ipython>=7.23.1->ipykernel==7.3.0->-r requirements.txt (line 13))
  Downloading prompt_toolkit-3.0.53-py3-none-any.whl.metadata (6.4 kB)
Collecting stack_data>=0.6.0 (from ipython>=7.23.1->ipykernel==7.3.0->-r requirements.txt (line 13))
  Downloading stack_data-0.6.3-py3-none-any.whl.metadata (18 kB)
Collecting wcwidth>=0.1.4 (from prompt_toolkit<3.1.0,>=3.0.41->ipython>=7.23.1->ipykernel==7.3.0->-r requirements.txt (line 13))
  Downloading wcwidth-0.8.4-py3-none-any.whl.metadata (23 kB)
Collecting parso<0.9.0,>=0.8.6 (from jedi>=0.18.2->ipython>=7.23.1->ipykernel==7.3.0->-r requirements.txt (line 13))
  Downloading parso-0.8.7-py2.py3-none-any.whl.metadata (8.2 kB)
Collecting cloudpickle>=3.0 (from joblib>=1.4.0->scikit-learn==1.9.1->-r requirements.txt (line 6))
  Downloading cloudpickle-3.1.2-py3-none-any.whl.metadata (7.1 kB)
Collecting jsonschema-specifications>=2023.03.6 (from jsonschema>=2.6->nbformat==5.11.1->-r requirements.txt (line 11))
  Downloading jsonschema_specifications-2025.9.1-py3-none-any.whl.metadata (2.9 kB)
Collecting referencing>=0.28.4 (from jsonschema>=2.6->nbformat==5.11.1->-r requirements.txt (line 11))
  Downloading referencing-0.37.0-py3-none-any.whl.metadata (2.8 kB)
Collecting rpds-py>=0.25.0 (from jsonschema>=2.6->nbformat==5.11.1->-r requirements.txt (line 11))
  Downloading rpds_py-2026.6.3-cp312-cp312-manylinux_2_17_x86_64.manylinux2014_x86_64.whl.metadata (4.1 kB)
Collecting platformdirs>=2.5 (from jupyter-core!=5.0.*,>=4.12->nbformat==5.11.1->-r requirements.txt (line 11))
  Downloading platformdirs-4.11.10-py3-none-any.whl.metadata (5.5 kB)
Collecting ptyprocess>=0.5 (from pexpect>4.6->ipython>=7.23.1->ipykernel==7.3.0->-r requirements.txt (line 13))
  Downloading ptyprocess-0.7.0-py2.py3-none-any.whl.metadata (1.3 kB)
Collecting six>=1.5 (from python-dateutil>=2.8.2->pandas==3.0.6->-r requirements.txt (line 5))
  Downloading six-1.17.0-py2.py3-none-any.whl.metadata (1.7 kB)
Collecting charset_normalizer<4,>=2 (from requests>=2.32.2->datasets==5.0.1->-r requirements.txt (line 9))
  Downloading charset_normalizer-3.5.1-cp312-cp312-manylinux2014_x86_64.manylinux_2_17_x86_64.manylinux_2_28_x86_64.whl.metadata (45 kB)
Collecting urllib3<3,>=1.26 (from requests>=2.32.2->datasets==5.0.1->-r requirements.txt (line 9))
  Downloading urllib3-2.8.0-py3-none-any.whl.metadata (7.4 kB)
Collecting executing>=1.2.0 (from stack_data>=0.6.0->ipython>=7.23.1->ipykernel==7.3.0->-r requirements.txt (line 13))
  Downloading executing-2.2.1-py2.py3-none-any.whl.metadata (8.9 kB)
Collecting asttokens>=2.1.0 (from stack_data>=0.6.0->ipython>=7.23.1->ipykernel==7.3.0->-r requirements.txt (line 13))
  Downloading asttokens-3.0.2-py3-none-any.whl.metadata (5.7 kB)
Collecting pure-eval (from stack_data>=0.6.0->ipython>=7.23.1->ipykernel==7.3.0->-r requirements.txt (line 13))
  Downloading pure_eval-0.2.4-py3-none-any.whl.metadata (6.4 kB)
Requirement already satisfied: mpmath<1.4,>=1.1.0 in ./.venv/lib/python3.12/site-packages (from sympy>=1.13.3->torch==2.11.0->-r requirements.txt (line 2)) (1.3.0)
Requirement already satisfied: MarkupSafe>=2.0 in ./.venv/lib/python3.12/site-packages (from jinja2->torch==2.11.0->-r requirements.txt (line 2)) (3.0.3)
Downloading numpy-2.5.3-cp312-cp312-manylinux_2_27_x86_64.manylinux_2_28_x86_64.whl (16.7 MB)
   ━━━━━━━━━━━━━━━━━━━━━━━━━━━━━━━━━━━━━━━━ 16.7/16.7 MB 233.3 MB/s  0:00:00
Downloading pandas-3.0.6-cp312-cp312-manylinux_2_24_x86_64.manylinux_2_28_x86_64.whl (10.8 MB)
   ━━━━━━━━━━━━━━━━━━━━━━━━━━━━━━━━━━━━━━━━ 10.8/10.8 MB 166.3 MB/s  0:00:00
Downloading scikit_learn-1.9.1-cp312-cp312-manylinux_2_27_x86_64.manylinux_2_28_x86_64.whl (9.2 MB)
   ━━━━━━━━━━━━━━━━━━━━━━━━━━━━━━━━━━━━━━━━ 9.2/9.2 MB 221.7 MB/s  0:00:00
Downloading scipy-1.16.3-cp312-cp312-manylinux2014_x86_64.manylinux_2_17_x86_64.whl (35.7 MB)
   ━━━━━━━━━━━━━━━━━━━━━━━━━━━━━━━━━━━━━━━━ 35.7/35.7 MB 181.5 MB/s  0:00:00
Downloading matplotlib-3.11.2-cp312-cp312-manylinux2014_x86_64.manylinux_2_17_x86_64.whl (9.9 MB)
   ━━━━━━━━━━━━━━━━━━━━━━━━━━━━━━━━━━━━━━━━ 9.9/9.9 MB 167.1 MB/s  0:00:00
Downloading datasets-5.0.1-py3-none-any.whl (559 kB)
   ━━━━━━━━━━━━━━━━━━━━━━━━━━━━━━━━━━━━━━━━ 559.1/559.1 kB 352.8 MB/s  0:00:00
Downloading nbformat-5.11.1-py3-none-any.whl (79 kB)
Downloading nbclient-0.11.0-py3-none-any.whl (25 kB)
Downloading ipykernel-7.3.0-py3-none-any.whl (120 kB)
Downloading pytest-9.1.1-py3-none-any.whl (386 kB)
Downloading clean_fid-0.1.35-py3-none-any.whl (26 kB)
Downloading lpips-0.1.4-py3-none-any.whl (53 kB)
Downloading prdc-0.2-py3-none-any.whl (6.0 kB)
Downloading dill-0.4.1-py3-none-any.whl (120 kB)
Downloading fsspec-2026.6.0-py3-none-any.whl (203 kB)
Downloading httpx-0.28.1-py3-none-any.whl (73 kB)
Downloading httpcore-1.0.9-py3-none-any.whl (78 kB)
Downloading huggingface_hub-1.32.0-py3-none-any.whl (842 kB)
   ━━━━━━━━━━━━━━━━━━━━━━━━━━━━━━━━━━━━━━━━ 842.9/842.9 kB 384.7 MB/s  0:00:00
Downloading click-8.5.0-py3-none-any.whl (125 kB)
Downloading hf_xet-1.6.0-cp38-abi3-manylinux2014_x86_64.manylinux_2_17_x86_64.whl (4.5 MB)
   ━━━━━━━━━━━━━━━━━━━━━━━━━━━━━━━━━━━━━━━━ 4.5/4.5 MB 360.2 MB/s  0:00:00
Downloading multiprocess-0.70.19-py312-none-any.whl (150 kB)
Downloading pluggy-1.6.0-py3-none-any.whl (20 kB)
Downloading aiohttp-3.14.3-cp312-cp312-manylinux2014_x86_64.manylinux_2_17_x86_64.manylinux_2_28_x86_64.whl (1.8 MB)
   ━━━━━━━━━━━━━━━━━━━━━━━━━━━━━━━━━━━━━━━━ 1.8/1.8 MB 358.6 MB/s  0:00:00
Downloading multidict-6.9.0-cp312-cp312-manylinux2014_x86_64.manylinux_2_17_x86_64.manylinux_2_28_x86_64.whl (317 kB)
Downloading yarl-1.25.1-cp312-cp312-manylinux2014_x86_64.manylinux_2_17_x86_64.manylinux_2_28_x86_64.whl (117 kB)
Downloading aiohappyeyeballs-2.7.1-py3-none-any.whl (15 kB)
Downloading aiosignal-1.4.0-py3-none-any.whl (7.5 kB)
Downloading attrs-26.1.0-py3-none-any.whl (67 kB)
Downloading comm-0.2.3-py3-none-any.whl (7.3 kB)
Downloading contourpy-1.4.0-cp312-cp312-manylinux_2_27_x86_64.manylinux_2_28_x86_64.whl (383 kB)
Downloading cycler-0.12.1-py3-none-any.whl (8.3 kB)
Downloading debugpy-1.8.22-cp312-cp312-manylinux_2_34_x86_64.whl (4.0 MB)
   ━━━━━━━━━━━━━━━━━━━━━━━━━━━━━━━━━━━━━━━━ 4.0/4.0 MB 352.3 MB/s  0:00:00
Downloading fastjsonschema-2.22.2-py3-none-any.whl (27 kB)
Downloading fonttools-4.65.0-cp312-cp312-manylinux2014_x86_64.manylinux_2_17_x86_64.whl (5.4 MB)
   ━━━━━━━━━━━━━━━━━━━━━━━━━━━━━━━━━━━━━━━━ 5.4/5.4 MB 189.3 MB/s  0:00:00
Downloading frozenlist-1.8.0-cp312-cp312-manylinux1_x86_64.manylinux_2_28_x86_64.manylinux_2_5_x86_64.whl (242 kB)
Downloading h11-0.16.0-py3-none-any.whl (37 kB)
Downloading idna-3.20-py3-none-any.whl (69 kB)
Downloading iniconfig-2.3.0-py3-none-any.whl (7.5 kB)
Downloading ipython-9.17.1-py3-none-any.whl (639 kB)
   ━━━━━━━━━━━━━━━━━━━━━━━━━━━━━━━━━━━━━━━━ 639.0/639.0 kB 268.4 MB/s  0:00:00
Downloading prompt_toolkit-3.0.53-py3-none-any.whl (392 kB)
Downloading ipython_pygments_lexers-1.1.1-py3-none-any.whl (8.1 kB)
Downloading jedi-0.20.0-py2.py3-none-any.whl (4.9 MB)
   ━━━━━━━━━━━━━━━━━━━━━━━━━━━━━━━━━━━━━━━━ 4.9/4.9 MB 274.6 MB/s  0:00:00
Downloading parso-0.8.7-py2.py3-none-any.whl (107 kB)
Downloading joblib-1.6.0-py3-none-any.whl (306 kB)
Downloading cloudpickle-3.1.2-py3-none-any.whl (22 kB)
Downloading jsonschema-4.26.0-py3-none-any.whl (90 kB)
Downloading jsonschema_specifications-2025.9.1-py3-none-any.whl (18 kB)
Downloading jupyter_client-8.10.0-py3-none-any.whl (110 kB)
Downloading jupyter_core-5.9.1-py3-none-any.whl (29 kB)
Downloading kiwisolver-1.5.1-cp312-cp312-manylinux2014_x86_64.manylinux_2_17_x86_64.whl (1.5 MB)
   ━━━━━━━━━━━━━━━━━━━━━━━━━━━━━━━━━━━━━━━━ 1.5/1.5 MB 342.8 MB/s  0:00:00
Downloading matplotlib_inline-0.2.2-py3-none-any.whl (9.5 kB)
Downloading narwhals-2.26.0-py3-none-any.whl (474 kB)
Downloading nest_asyncio2-1.7.2-py3-none-any.whl (7.8 kB)
Downloading packaging-26.3-py3-none-any.whl (129 kB)
Downloading pexpect-4.9.0-py2.py3-none-any.whl (63 kB)
Downloading platformdirs-4.11.10-py3-none-any.whl (24 kB)
Downloading propcache-0.5.4-cp312-cp312-manylinux2014_x86_64.manylinux_2_17_x86_64.manylinux_2_28_x86_64.whl (250 kB)
Downloading psutil-7.2.2-cp36-abi3-manylinux2010_x86_64.manylinux_2_12_x86_64.manylinux_2_28_x86_64.whl (155 kB)
Downloading ptyprocess-0.7.0-py2.py3-none-any.whl (13 kB)
Downloading pyarrow-25.0.1-cp312-cp312-manylinux_2_28_x86_64.whl (50.1 MB)
   ━━━━━━━━━━━━━━━━━━━━━━━━━━━━━━━━━━━━━━━━ 50.1/50.1 MB 137.3 MB/s  0:00:00
Downloading pygments-2.21.0-py3-none-any.whl (1.3 MB)
   ━━━━━━━━━━━━━━━━━━━━━━━━━━━━━━━━━━━━━━━━ 1.3/1.3 MB 376.2 MB/s  0:00:00
Downloading pyparsing-3.3.2-py3-none-any.whl (122 kB)
Downloading python_dateutil-2.9.0.post0-py2.py3-none-any.whl (229 kB)
Downloading pyyaml-6.0.3-cp312-cp312-manylinux2014_x86_64.manylinux_2_17_x86_64.manylinux_2_28_x86_64.whl (807 kB)
   ━━━━━━━━━━━━━━━━━━━━━━━━━━━━━━━━━━━━━━━━ 807.9/807.9 kB 374.3 MB/s  0:00:00
Downloading pyzmq-27.2.0-cp312-abi3-manylinux_2_26_x86_64.manylinux_2_28_x86_64.whl (872 kB)
   ━━━━━━━━━━━━━━━━━━━━━━━━━━━━━━━━━━━━━━━━ 872.3/872.3 kB 364.9 MB/s  0:00:00
Downloading referencing-0.37.0-py3-none-any.whl (26 kB)
Downloading requests-2.34.2-py3-none-any.whl (73 kB)
Downloading charset_normalizer-3.5.1-cp312-cp312-manylinux2014_x86_64.manylinux_2_17_x86_64.manylinux_2_28_x86_64.whl (248 kB)
Downloading urllib3-2.8.0-py3-none-any.whl (135 kB)
Downloading certifi-2026.7.22-py3-none-any.whl (136 kB)
Downloading rpds_py-2026.6.3-cp312-cp312-manylinux_2_17_x86_64.manylinux2014_x86_64.whl (366 kB)
Downloading six-1.17.0-py2.py3-none-any.whl (11 kB)
Downloading stack_data-0.6.3-py3-none-any.whl (24 kB)
Downloading asttokens-3.0.2-py3-none-any.whl (28 kB)
Downloading executing-2.2.1-py2.py3-none-any.whl (28 kB)
Downloading threadpoolctl-3.7.0-py3-none-any.whl (26 kB)
Downloading tornado-6.5.10-cp39-abi3-manylinux1_x86_64.manylinux_2_28_x86_64.manylinux_2_5_x86_64.whl (467 kB)
Downloading tqdm-4.70.1-py3-none-any.whl (80 kB)
Downloading traitlets-5.16.1-py3-none-any.whl (86 kB)
Downloading wcwidth-0.8.4-py3-none-any.whl (299 kB)
Downloading anyio-4.15.1-py3-none-any.whl (132 kB)
Downloading pure_eval-0.2.4-py3-none-any.whl (11 kB)
Downloading xxhash-4.0.1-cp312-cp312-manylinux2014_x86_64.manylinux_2_17_x86_64.manylinux_2_28_x86_64.whl (261 kB)
Installing collected packages: pure-eval, ptyprocess, xxhash, wcwidth, urllib3, traitlets, tqdm, tornado, threadpoolctl, six, rpds-py, pyzmq, pyyaml, pyparsing, pygments, pyarrow, psutil, propcache, pluggy, platformdirs, pexpect, parso, packaging, numpy, nest-asyncio2, narwhals, multidict, kiwisolver, iniconfig, idna, hf-xet, h11, fsspec, frozenlist, fonttools, fastjsonschema, executing, dill, debugpy, cycler, comm, cloudpickle, click, charset_normalizer, certifi, attrs, asttokens, aiohappyeyeballs, yarl, stack_data, scipy, requests, referencing, python-dateutil, pytest, prompt_toolkit, multiprocess, matplotlib-inline, jupyter-core, joblib, jedi, ipython-pygments-lexers, httpcore, contourpy, anyio, aiosignal, scikit-learn, pandas, matplotlib, jupyter-client, jsonschema-specifications, ipython, httpx, aiohttp, prdc, jsonschema, ipykernel, huggingface-hub, nbformat, datasets, nbclient, lpips, clean-fid
  Attempting uninstall: numpy
    Found existing installation: numpy 2.5.2
    Uninstalling numpy-2.5.2:
      Successfully uninstalled numpy-2.5.2
  Attempting uninstall: fsspec
    Found existing installation: fsspec 2026.7.0
    Uninstalling fsspec-2026.7.0:
      Successfully uninstalled fsspec-2026.7.0

Successfully installed aiohappyeyeballs-2.7.1 aiohttp-3.14.3 aiosignal-1.4.0 anyio-4.15.1 asttokens-3.0.2 attrs-26.1.0 certifi-2026.7.22 charset_normalizer-3.5.1 clean-fid-0.1.35 click-8.5.0 cloudpickle-3.1.2 comm-0.2.3 contourpy-1.4.0 cycler-0.12.1 datasets-5.0.1 debugpy-1.8.22 dill-0.4.1 executing-2.2.1 fastjsonschema-2.22.2 fonttools-4.65.0 frozenlist-1.8.0 fsspec-2026.6.0 h11-0.16.0 hf-xet-1.6.0 httpcore-1.0.9 httpx-0.28.1 huggingface-hub-1.32.0 idna-3.20 iniconfig-2.3.0 ipykernel-7.3.0 ipython-9.17.1 ipython-pygments-lexers-1.1.1 jedi-0.20.0 joblib-1.6.0 jsonschema-4.26.0 jsonschema-specifications-2025.9.1 jupyter-client-8.10.0 jupyter-core-5.9.1 kiwisolver-1.5.1 lpips-0.1.4 matplotlib-3.11.2 matplotlib-inline-0.2.2 multidict-6.9.0 multiprocess-0.70.19 narwhals-2.26.0 nbclient-0.11.0 nbformat-5.11.1 nest-asyncio2-1.7.2 numpy-2.5.3 packaging-26.3 pandas-3.0.6 parso-0.8.7 pexpect-4.9.0 platformdirs-4.11.10 pluggy-1.6.0 prdc-0.2 prompt_toolkit-3.0.53 propcache-0.5.4 psutil-7.2.2 ptyprocess-0.7.0 pure-eval-0.2.4 pyarrow-25.0.1 pygments-2.21.0 pyparsing-3.3.2 pytest-9.1.1 python-dateutil-2.9.0.post0 pyyaml-6.0.3 pyzmq-27.2.0 referencing-0.37.0 requests-2.34.2 rpds-py-2026.6.3 scikit-learn-1.9.1 scipy-1.16.3 six-1.17.0 stack_data-0.6.3 threadpoolctl-3.7.0 tornado-6.5.10 tqdm-4.70.1 traitlets-5.16.1 urllib3-2.8.0 wcwidth-0.8.4 xxhash-4.0.1 yarl-1.25.1
Obtaining file:///workspace/lab1-2342
  Installing build dependencies: started
  Installing build dependencies: finished with status 'done'
  Checking if build backend supports build_editable: started
  Checking if build backend supports build_editable: finished with status 'done'
  Getting requirements to build editable: started
  Getting requirements to build editable: finished with status 'done'
  Preparing editable metadata (pyproject.toml): started
  Preparing editable metadata (pyproject.toml): finished with status 'done'
Building wheels for collected packages: data266-lab1-2342
  Building editable for data266-lab1-2342 (pyproject.toml): started
  Building editable for data266-lab1-2342 (pyproject.toml): finished with status 'done'
  Created wheel for data266-lab1-2342: filename=data266_lab1_2342-0.1.0-0.editable-py3-none-any.whl size=1541 sha256=85b1216632937c03f0d131ffc0e79f92dfa9a6344d1a022b6bb4a15275d24eb2
  Stored in directory: /tmp/pip-ephem-wheel-cache-u9_w57d2/wheels/f0/ce/fd/8877426ca08747cf2e2113f5b4a74cc8ed2af01ae7d97f0eac
Successfully built data266-lab1-2342
Installing collected packages: data266-lab1-2342
Successfully installed data266-lab1-2342-0.1.0
No broken requirements found.
{
  "captured_utc": "2026-09-18T23:44:58.319435+00:00",
  "python": "3.12.3",
  "platform": "Linux-6.8.0-64-generic-x86_64-with-glibc2.39",
  "machine": "x86_64",
  "packages": {
    "torch": "2.11.0+cu128",
    "torchvision": "0.26.0+cu128",
    "numpy": "2.5.3",
    "pandas": "3.0.6",
    "scikit-learn": "1.9.1",
    "scipy": "1.16.3",
    "matplotlib": "3.11.2",
    "datasets": "5.0.1",
    "Pillow": "12.3.0",
    "clean-fid": "0.1.35",
    "lpips": "0.1.4",
    "prdc": "0.2"
  },
  "cuda_available": true,
  "cuda_build": "12.8",
  "cudnn": 91900,
  "gpus": [
    {
      "index": 0,
      "name": "NVIDIA GeForce RTX 4090",
      "memory_bytes": 25262096384,
      "compute_capability": [
        8,
        9
      ]
    }
  ],
  "mps_available": false,
  "nvidia_smi": "name, uuid, driver_version, memory.total [MiB]\nNVIDIA GeForce RTX 4090, GPU-9af5789e-d1ae-1c13-bf6e-aac60c114bcc, 570.158.01, 24564 MiB",
  "image_metric_imports": {
    "cleanfid": true,
    "lpips": true,
    "prdc": true
  },
  "image_metric_errors": {},
  "passed": true
}
Environment ready. No training has been started by this setup script.
.....................................................                    [100%]
53 passed in 24.36s
This script limits training time only. It does not stop the pod or stop billing.
{"event": "start", "task": "gpt", "mode": "smoke", "utc": "2026-09-18T23:45:28.940461+00:00", "device": "cuda"}
gpt/smoke training device=cuda step=0/6; ETA estimates cover remaining training steps; evaluation/export may add time
gpt/smoke epoch=1/1 batch=1/6 step=1/6 loss=3.5712 elapsed=0.5s eta_steps_est=2.4s
gpt/smoke epoch=1/1 batch=2/6 step=2/6 loss=3.5407 elapsed=0.5s eta_steps_est=1.0s
gpt/smoke epoch=1/1 batch=3/6 step=3/6 loss=3.5167 elapsed=0.5s eta_steps_est=0.5s
gpt/smoke epoch=1/1 batch=4/6 step=4/6 loss=3.4916 elapsed=0.5s eta_steps_est=0.3s
gpt/smoke epoch=1/1 batch=5/6 step=5/6 loss=3.4660 elapsed=0.5s eta_steps_est=0.1s
gpt/smoke epoch=1/1 batch=6/6 step=6/6 loss=3.4923 elapsed=0.6s eta_steps_est=0.0s
gpt/smoke epoch=1 validating
gpt/smoke epoch=1 train_loss=3.5133 val_loss=3.4534 val_perplexity=31.6087
{"event": "completed", "task": "gpt", "mode": "smoke", "elapsed_seconds": 2.9469850016757846}
{
  "mode": "smoke",
  "tasks": [
    {
      "task": "gpt",
      "status": "passed",
      "returncode": 0,
      "elapsed_seconds": 5.524322830140591
    }
  ],
  "elapsed_seconds": 5.524397172033787,
  "gpu_time_cost_estimate_usd": 0.001135570529806945,
  "cost_excludes": [
    "pod startup",
    "idle time",
    "storage",
    "taxes"
  ],
  "pod_stopped": false,
  "billing_cutoff": false,
  "all_requested_tasks_passed": true
}
DOWNLOAD RESULTS AND STOP THE POD. This script has NOT stopped billing.
This script limits training time only. It does not stop the pod or stop billing.
{"event": "start", "task": "gpt", "mode": "rehearsal", "utc": "2026-09-18T23:45:34.525609+00:00", "device": "cuda"}
gpt/rehearsal training device=cuda step=0/64; ETA estimates cover remaining training steps; evaluation/export may add time
gpt/rehearsal epoch=1/2 batch=10/59 step=10/64 loss=3.2426 elapsed=0.8s eta_steps_est=4.2s
gpt/rehearsal epoch=1/2 batch=20/59 step=20/64 loss=2.8429 elapsed=1.1s eta_steps_est=2.3s
gpt/rehearsal epoch=1/2 batch=30/59 step=30/64 loss=2.5800 elapsed=1.4s eta_steps_est=1.6s
gpt/rehearsal epoch=1/2 batch=40/59 step=40/64 loss=2.5403 elapsed=1.7s eta_steps_est=1.0s
gpt/rehearsal epoch=1/2 batch=50/59 step=50/64 loss=2.5133 elapsed=2.0s eta_steps_est=0.5s
gpt/rehearsal epoch=1 validating
gpt/rehearsal epoch=1 train_loss=2.8284 val_loss=2.4607 val_perplexity=11.7128
gpt/rehearsal epoch=2/2 batch=1/59 step=60/64 loss=2.4624 elapsed=2.3s eta_steps_est=0.2s
gpt/rehearsal epoch=2/2 batch=5/59 step=64/64 loss=2.5133 elapsed=2.5s eta_steps_est=0.0s
gpt/rehearsal epoch=2 validating
gpt/rehearsal epoch=2 train_loss=2.4944 val_loss=2.4566 val_perplexity=11.6650
{"event": "completed", "task": "gpt", "mode": "rehearsal", "elapsed_seconds": 6.748158048838377}
{
  "mode": "rehearsal",
  "tasks": [
    {
      "task": "gpt",
      "status": "passed",
      "returncode": 0,
      "elapsed_seconds": 9.334325100295246
    }
  ],
  "elapsed_seconds": 9.33442541398108,
  "gpu_time_cost_estimate_usd": 0.0019187430017627777,
  "cost_excludes": [
    "pod startup",
    "idle time",
    "storage",
    "taxes"
  ],
  "pod_stopped": false,
  "billing_cutoff": false,
  "all_requested_tasks_passed": true
}
DOWNLOAD RESULTS AND STOP THE POD. This script has NOT stopped billing.
