
# 2026-10-03T21:34:56+00:00 /venv/main/bin/python /workspace/Part3_Push_5090/scripts/finetune_part3_push.py train --init /workspace/Part3_Push_5090/inputs/init.pt --output /workspace/Part3_Push_5090/work/smoke/b1_c5 --device cuda --stop-file /workspace/Part3_Push_5090/work/STOP --steps 40 --eval-every 40 --constant-fraction 0.5 --ema-beta 0.999 --ema-slow-beta 0.9999 --eval-variants ema,ema_slow,raw --checkpoint-every 20 --log-every 10 --precision bf16 --data all --jpeg-quality 75 --jpeg-subsampling 2 --identity-start 0.0 --identity-end 0.0 --cycle-start 5.0 --cycle-end 5.0 --aug-monet translation --prefetch 3 --learning-rate 0.0001 --batch-size 1 --warmup-steps 1000
{
  "device": "cuda",
  "recipe": {
    "steps": 40,
    "learning_rate": 0.0001,
    "beta1": 0.5,
    "beta2": 0.999,
    "constant_fraction": 0.5,
    "cycle_start": 5.0,
    "cycle_end": 5.0,
    "identity_start": 0.0,
    "identity_end": 0.0,
    "weight_ramp_steps": 0,
    "extra_scales": 0,
    "d_warmup_steps": 0,
    "aug_monet": "translation",
    "aug_photo": "",
    "flip_equivariance": 0.0,
    "ema_beta": 0.999,
    "ema_slow_beta": 0.9999,
    "replay_size": 50,
    "eval_every": 40,
    "checkpoint_every": 20,
    "log_every": 10,
    "precision": "bf16",
    "seed": 2342,
    "data": "all",
    "jpeg_quality": 75,
    "jpeg_subsampling": 2,
    "eval_variants": "ema,ema_slow,raw",
    "train_view": "resize286",
    "batch_size": 1,
    "cycle_lowpass": 0,
    "cycle_detail": 1.0,
    "cycle_photo_scale": 1.0,
    "cycle_monet_scale": 1.0,
    "nce_weight": 0.0,
    "nce_idt_weight": 0.0,
    "nce_layers": "0,4,8,12,16",
    "nce_patches": 256,
    "nce_tau": 0.07,
    "r1_gamma": 0.0,
    "r1_every": 4,
    "d_noise_start": 0.0,
    "d_noise_end": 0.0,
    "prefetch": 3,
    "warmup_steps": 1000
  },
  "init": "/workspace/Part3_Push_5090/inputs/init.pt"
}
EVAL {"step": 0, "variant": "ema", "fid_a2b": 98.0427901530509, "fid_b2a": 97.18182772200292, "mifid_a2b": 0.41861387462244437, "mifid_b2a": 0.4057238634826854, "fid": 97.6123089375269, "mifid": 0.4121688690525649, "composite": 49.012238903289735}
EVAL {"step": 0, "variant": "ema_slow", "fid_a2b": 98.0427901530509, "fid_b2a": 97.18182772200292, "mifid_a2b": 0.41861387462244437, "mifid_b2a": 0.4057238634826854, "fid": 97.6123089375269, "mifid": 0.4121688690525649, "composite": 49.012238903289735}
